{"timestamp":"2026-09-03T05:10:27.140734Z","level":"info","event":"::group::Pre Execute","logger":"task","filename":"task_runner.py","lineno":2412}
{"timestamp":"2026-09-03T05:10:27.301503Z","level":"info","event":"DAG bundles loaded: dags-folder, example_dags, apache-airflow-providers-common-sql-example-dags, apache-airflow-providers-standard-example-dags","task_id":"route","map_index":-1,"dag_id":"telecom_end_to_end_de7","try_number":1,"run_id":"manual__2026-09-03T05:09:54.556775+00:00","ti_id":"01a065ac-6f36-73e8-b371-86943a77624f","logger":"airflow.dag_processing.bundles.manager.DagBundlesManager","filename":"manager.py","lineno":304}
{"timestamp":"2026-09-03T05:10:27.307560Z","level":"info","event":"Filling up the DagBag from /mnt/d/capstone1/airflow/dags/telecom_end_to_end_de7.py","task_id":"route","map_index":-1,"dag_id":"telecom_end_to_end_de7","try_number":1,"run_id":"manual__2026-09-03T05:09:54.556775+00:00","ti_id":"01a065ac-6f36-73e8-b371-86943a77624f","logger":"airflow.dag_processing.dagbag.BundleDagBag","filename":"dagbag.py","lineno":460}
{"timestamp":"2026-09-03T05:10:27.733525Z","level":"info","event":"Worker startup parse complete","bundle_name":"dags-folder","bundle_version":null,"dag_file":"telecom_end_to_end_de7.py","dag_id":"telecom_end_to_end_de7","bundle_prepare_ms":6,"dag_file_parse_ms":426,"task_id":"route","map_index":-1,"try_number":1,"run_id":"manual__2026-09-03T05:09:54.556775+00:00","ti_id":"01a065ac-6f36-73e8-b371-86943a77624f","logger":"task","filename":"task_runner.py","lineno":1073}
{"timestamp":"2026-09-03T05:10:27.816764Z","level":"info","event":"Task instance is in running state","logger":"task.stdout"}
{"timestamp":"2026-09-03T05:10:27.820366Z","level":"info","event":" Previous state of the Task instance: TaskInstanceState.QUEUED","logger":"task.stdout"}
{"timestamp":"2026-09-03T05:10:27.822207Z","level":"info","event":"Current task name:route","logger":"task.stdout"}
{"timestamp":"2026-09-03T05:10:27.823574Z","level":"info","event":"Dag name:telecom_end_to_end_de7","logger":"task.stdout"}
{"timestamp":"2026-09-03T05:10:27.824758Z","level":"info","event":"======================================================================","logger":"task.stdout"}
{"timestamp":"2026-09-03T05:10:27.826221Z","level":"info","event":"TASK: ROUTE","logger":"task.stdout"}
{"timestamp":"2026-09-03T05:10:27.827834Z","level":"info","event":"======================================================================","logger":"task.stdout"}
{"timestamp":"2026-09-03T05:10:27.817600Z","level":"info","event":"::endgroup::","task_id":"route","map_index":-1,"dag_id":"telecom_end_to_end_de7","try_number":1,"run_id":"manual__2026-09-03T05:09:54.556775+00:00","ti_id":"01a065ac-6f36-73e8-b371-86943a77624f","logger":"task","filename":"task_runner.py","lineno":2232}
{"timestamp":"2026-09-03T05:10:30.765674Z","level":"info","event":"sms-call-internet-mi-2013-11-01.csv -> ACCEPTED: /mnt/d/capstone1/data/raw/sms-call-internet-mi-2013-11-01.csv","logger":"task.stdout"}
{"timestamp":"2026-09-03T05:10:33.534480Z","level":"info","event":"sms-call-internet-mi-2013-11-02.csv -> ACCEPTED: /mnt/d/capstone1/data/raw/sms-call-internet-mi-2013-11-02.csv","logger":"task.stdout"}
{"timestamp":"2026-09-03T05:10:36.174465Z","level":"info","event":"sms-call-internet-mi-2013-11-03.csv -> ACCEPTED: /mnt/d/capstone1/data/raw/sms-call-internet-mi-2013-11-03.csv","logger":"task.stdout"}
{"timestamp":"2026-09-03T05:10:39.383386Z","level":"info","event":"sms-call-internet-mi-2013-11-04.csv -> ACCEPTED: /mnt/d/capstone1/data/raw/sms-call-internet-mi-2013-11-04.csv","logger":"task.stdout"}
{"timestamp":"2026-09-03T05:10:42.576999Z","level":"info","event":"sms-call-internet-mi-2013-11-05.csv -> ACCEPTED: /mnt/d/capstone1/data/raw/sms-call-internet-mi-2013-11-05.csv","logger":"task.stdout"}
{"timestamp":"2026-09-03T05:10:46.155423Z","level":"info","event":"sms-call-internet-mi-2013-11-06.csv -> ACCEPTED: /mnt/d/capstone1/data/raw/sms-call-internet-mi-2013-11-06.csv","logger":"task.stdout"}
{"timestamp":"2026-09-03T05:10:49.212909Z","level":"info","event":"sms-call-internet-mi-2013-11-07.csv -> ACCEPTED: /mnt/d/capstone1/data/raw/sms-call-internet-mi-2013-11-07.csv","logger":"task.stdout"}
{"timestamp":"2026-09-03T05:10:49.289361Z","level":"info","event":"Logged ingestion metadata for sms-call-internet-mi-2013-11-01.csv","logger":"task.stdout"}
{"timestamp":"2026-09-03T05:10:49.318119Z","level":"info","event":"Logged ingestion metadata for sms-call-internet-mi-2013-11-02.csv","logger":"task.stdout"}
{"timestamp":"2026-09-03T05:10:49.345721Z","level":"info","event":"Logged ingestion metadata for sms-call-internet-mi-2013-11-03.csv","logger":"task.stdout"}
{"timestamp":"2026-09-03T05:10:49.369120Z","level":"info","event":"Logged ingestion metadata for sms-call-internet-mi-2013-11-04.csv","logger":"task.stdout"}
{"timestamp":"2026-09-03T05:10:49.388910Z","level":"info","event":"Logged ingestion metadata for sms-call-internet-mi-2013-11-05.csv","logger":"task.stdout"}
{"timestamp":"2026-09-03T05:10:49.418098Z","level":"info","event":"Logged ingestion metadata for sms-call-internet-mi-2013-11-06.csv","logger":"task.stdout"}
{"timestamp":"2026-09-03T05:10:49.432699Z","level":"info","event":"Logged ingestion metadata for sms-call-internet-mi-2013-11-07.csv","logger":"task.stdout"}
{"timestamp":"2026-09-03T05:10:49.433539Z","level":"info","event":"Successfully routed 7 file(s).","logger":"task.stdout"}
{"timestamp":"2026-09-03T05:10:49.432724Z","level":"info","event":"Done. Returned value was: [{'filename': 'sms-call-internet-mi-2013-11-01.csv', 'status': 'ACCEPTED', 'destination': '/mnt/d/capstone1/data/raw/sms-call-internet-mi-2013-11-01.csv', 'reason': 'Non-numeric values found in smsin: 1086153', 'row_count': 1891928}, {'filename': 'sms-call-internet-mi-2013-11-02.csv', 'status': 'ACCEPTED', 'destination': '/mnt/d/capstone1/data/raw/sms-call-internet-mi-2013-11-02.csv', 'reason': 'Non-numeric values found in smsin: 1064004', 'row_count': 1847331}, {'filename': 'sms-call-internet-mi-2013-11-03.csv', 'status': 'ACCEPTED', 'destination': '/mnt/d/capstone1/data/raw/sms-call-internet-mi-2013-11-03.csv', 'reason': 'Non-numeric values found in smsin: 1045136', 'row_count': 1828063}, {'filename': 'sms-call-internet-mi-2013-11-04.csv', 'status': 'ACCEPTED', 'destination': '/mnt/d/capstone1/data/raw/sms-call-internet-mi-2013-11-04.csv', 'reason': 'Non-numeric values found in smsin: 1404456', 'row_count': 2299544}, {'filename': 'sms-call-internet-mi-2013-11-05.csv', 'status': 'ACCEPTED', 'destination': '/mnt/d/capstone1/data/raw/sms-call-internet-mi-2013-11-05.csv', 'reason': 'Non-numeric values found in smsin: 1477440', 'row_count': 2397759}, {'filename': 'sms-call-internet-mi-2013-11-06.csv', 'status': 'ACCEPTED', 'destination': '/mnt/d/capstone1/data/raw/sms-call-internet-mi-2013-11-06.csv', 'reason': 'Non-numeric values found in smsin: 1495711', 'row_count': 2417156}, {'filename': 'sms-call-internet-mi-2013-11-07.csv', 'status': 'ACCEPTED', 'destination': '/mnt/d/capstone1/data/raw/sms-call-internet-mi-2013-11-07.csv', 'reason': 'Non-numeric values found in smsin: 1492720', 'row_count': 2407384}]","task_id":"route","map_index":-1,"dag_id":"telecom_end_to_end_de7","try_number":1,"run_id":"manual__2026-09-03T05:09:54.556775+00:00","ti_id":"01a065ac-6f36-73e8-b371-86943a77624f","logger":"airflow.task.operators.airflow.providers.standard.decorators.python._PythonDecoratedOperator","filename":"python.py","lineno":233}
{"timestamp":"2026-09-03T05:10:49.432882Z","level":"info","event":"::group::Post Execute","task_id":"route","map_index":-1,"dag_id":"telecom_end_to_end_de7","try_number":1,"run_id":"manual__2026-09-03T05:09:54.556775+00:00","ti_id":"01a065ac-6f36-73e8-b371-86943a77624f","logger":"task","filename":"task_runner.py","lineno":1580}
{"timestamp":"2026-09-03T05:10:49.433033Z","level":"info","event":"Pushing xcom","ti":"RuntimeTaskInstance(id=UUID('01a065ac-6f36-73e8-b371-86943a77624f'), task_id='route', dag_id='telecom_end_to_end_de7', run_id='manual__2026-09-03T05:09:54.556775+00:00', try_number=1, dag_version_id=UUID('01a065ab-babd-7914-92b3-91f11a4f26fd'), map_index=-1, hostname='C8LAP1542.prodapt.com', context_carrier={'traceparent': '00-217666ebf2ac31d28f5d40d3b1740230-a4bcf85f6dcd88bd-00'}, queue='default', task=<Task(_PythonDecoratedOperator): route>, bundle_instance=LocalDagBundle(name=dags-folder), max_tries=0, start_date=datetime.datetime(2026, 9, 3, 5, 10, 27, 188565, tzinfo=datetime.timezone.utc), end_date=None, state=<TaskInstanceState.RUNNING: 'running'>, is_mapped=False, rendered_map_index=None, sentry_integration='')","task_id":"route","map_index":-1,"dag_id":"telecom_end_to_end_de7","try_number":1,"run_id":"manual__2026-09-03T05:09:54.556775+00:00","ti_id":"01a065ac-6f36-73e8-b371-86943a77624f","logger":"task","filename":"task_runner.py","lineno":2280}
{"timestamp":"2026-09-03T05:10:49.481951Z","level":"info","event":"Task instance in success state","logger":"task.stdout"}
{"timestamp":"2026-09-03T05:10:49.484256Z","level":"info","event":" Previous state of the Task instance: TaskInstanceState.RUNNING","logger":"task.stdout"}
{"timestamp":"2026-09-03T05:10:49.488474Z","level":"info","event":"Task operator:<Task(_PythonDecoratedOperator): route>","logger":"task.stdout"}
{"timestamp":"2026-09-03T05:10:49.482207Z","level":"info","event":"::endgroup::","task_id":"route","map_index":-1,"dag_id":"telecom_end_to_end_de7","try_number":1,"run_id":"manual__2026-09-03T05:09:54.556775+00:00","ti_id":"01a065ac-6f36-73e8-b371-86943a77624f","logger":"task","filename":"task_runner.py","lineno":2379}
