{"timestamp":"2026-09-03T05:30:32.582159Z","level":"info","event":"::group::Pre Execute","logger":"task","filename":"task_runner.py","lineno":2412}
{"timestamp":"2026-09-03T05:30:34.592968Z","level":"info","event":"DAG bundles loaded: dags-folder, example_dags, apache-airflow-providers-common-sql-example-dags, apache-airflow-providers-standard-example-dags","try_number":1,"dag_id":"telecom_end_to_end_de7","map_index":-1,"run_id":"manual__2026-09-03T05:30:31.943925+00:00","ti_id":"01a065bf-50b6-7ff5-8700-8d41a558fc60","task_id":"ingest","logger":"airflow.dag_processing.bundles.manager.DagBundlesManager","filename":"manager.py","lineno":304}
{"timestamp":"2026-09-03T05:30:34.596794Z","level":"info","event":"Filling up the DagBag from /mnt/d/capstone1/airflow/dags/telecom_end_to_end_de7.py","try_number":1,"dag_id":"telecom_end_to_end_de7","map_index":-1,"run_id":"manual__2026-09-03T05:30:31.943925+00:00","ti_id":"01a065bf-50b6-7ff5-8700-8d41a558fc60","task_id":"ingest","logger":"airflow.dag_processing.dagbag.BundleDagBag","filename":"dagbag.py","lineno":460}
{"timestamp":"2026-09-03T05:30:34.993341Z","level":"info","event":"Worker startup parse complete","bundle_name":"dags-folder","bundle_version":null,"dag_file":"telecom_end_to_end_de7.py","dag_id":"telecom_end_to_end_de7","bundle_prepare_ms":4,"dag_file_parse_ms":396,"try_number":1,"map_index":-1,"run_id":"manual__2026-09-03T05:30:31.943925+00:00","ti_id":"01a065bf-50b6-7ff5-8700-8d41a558fc60","task_id":"ingest","logger":"task","filename":"task_runner.py","lineno":1073}
{"timestamp":"2026-09-03T05:30:35.023269Z","level":"info","event":"Task instance is in running state","logger":"task.stdout"}
{"timestamp":"2026-09-03T05:30:35.024653Z","level":"info","event":" Previous state of the Task instance: TaskInstanceState.QUEUED","logger":"task.stdout"}
{"timestamp":"2026-09-03T05:30:35.025679Z","level":"info","event":"Current task name:ingest","logger":"task.stdout"}
{"timestamp":"2026-09-03T05:30:35.026462Z","level":"info","event":"Dag name:telecom_end_to_end_de7","logger":"task.stdout"}
{"timestamp":"2026-09-03T05:30:35.027072Z","level":"info","event":"======================================================================","logger":"task.stdout"}
{"timestamp":"2026-09-03T05:30:35.028030Z","level":"info","event":"TASK: INGEST","logger":"task.stdout"}
{"timestamp":"2026-09-03T05:30:35.028959Z","level":"info","event":"======================================================================","logger":"task.stdout"}
{"timestamp":"2026-09-03T05:30:35.023673Z","level":"info","event":"::endgroup::","try_number":1,"dag_id":"telecom_end_to_end_de7","map_index":-1,"run_id":"manual__2026-09-03T05:30:31.943925+00:00","ti_id":"01a065bf-50b6-7ff5-8700-8d41a558fc60","task_id":"ingest","logger":"task","filename":"task_runner.py","lineno":2232}
{"timestamp":"2026-09-03T05:30:35.037193Z","level":"info","event":"Detected 7 candidate file(s).","logger":"task.stdout"}
{"timestamp":"2026-09-03T05:30:35.038397Z","level":"info","event":"  - sms-call-internet-mi-2013-11-01.csv","logger":"task.stdout"}
{"timestamp":"2026-09-03T05:30:35.039321Z","level":"info","event":"  - sms-call-internet-mi-2013-11-02.csv","logger":"task.stdout"}
{"timestamp":"2026-09-03T05:30:35.039886Z","level":"info","event":"  - sms-call-internet-mi-2013-11-03.csv","logger":"task.stdout"}
{"timestamp":"2026-09-03T05:30:35.040372Z","level":"info","event":"  - sms-call-internet-mi-2013-11-04.csv","logger":"task.stdout"}
{"timestamp":"2026-09-03T05:30:35.041189Z","level":"info","event":"  - sms-call-internet-mi-2013-11-05.csv","logger":"task.stdout"}
{"timestamp":"2026-09-03T05:30:35.042013Z","level":"info","event":"  - sms-call-internet-mi-2013-11-06.csv","logger":"task.stdout"}
{"timestamp":"2026-09-03T05:30:35.042843Z","level":"info","event":"  - sms-call-internet-mi-2013-11-07.csv","logger":"task.stdout"}
{"timestamp":"2026-09-03T05:30:35.043424Z","level":"info","event":"Detected 7 files.","logger":"task.stdout"}
{"timestamp":"2026-09-03T05:30:35.037184Z","level":"info","event":"Done. Returned value was: ['/mnt/d/capstone1/data/landing/sms-call-internet-mi-2013-11-01.csv', '/mnt/d/capstone1/data/landing/sms-call-internet-mi-2013-11-02.csv', '/mnt/d/capstone1/data/landing/sms-call-internet-mi-2013-11-03.csv', '/mnt/d/capstone1/data/landing/sms-call-internet-mi-2013-11-04.csv', '/mnt/d/capstone1/data/landing/sms-call-internet-mi-2013-11-05.csv', '/mnt/d/capstone1/data/landing/sms-call-internet-mi-2013-11-06.csv', '/mnt/d/capstone1/data/landing/sms-call-internet-mi-2013-11-07.csv']","try_number":1,"dag_id":"telecom_end_to_end_de7","map_index":-1,"run_id":"manual__2026-09-03T05:30:31.943925+00:00","ti_id":"01a065bf-50b6-7ff5-8700-8d41a558fc60","task_id":"ingest","logger":"airflow.task.operators.airflow.providers.standard.decorators.python._PythonDecoratedOperator","filename":"python.py","lineno":233}
{"timestamp":"2026-09-03T05:30:35.037324Z","level":"info","event":"::group::Post Execute","try_number":1,"dag_id":"telecom_end_to_end_de7","map_index":-1,"run_id":"manual__2026-09-03T05:30:31.943925+00:00","ti_id":"01a065bf-50b6-7ff5-8700-8d41a558fc60","task_id":"ingest","logger":"task","filename":"task_runner.py","lineno":1580}
{"timestamp":"2026-09-03T05:30:35.037447Z","level":"info","event":"Pushing xcom","ti":"RuntimeTaskInstance(id=UUID('01a065bf-50b6-7ff5-8700-8d41a558fc60'), task_id='ingest', dag_id='telecom_end_to_end_de7', run_id='manual__2026-09-03T05:30:31.943925+00:00', try_number=1, dag_version_id=UUID('01a065ab-babd-7914-92b3-91f11a4f26fd'), map_index=-1, hostname='C8LAP1542.prodapt.com', context_carrier={'traceparent': '00-a1521cca88aa32fb605153d6eb700103-1e515ef9d298e012-00'}, queue='default', task=<Task(_PythonDecoratedOperator): ingest>, bundle_instance=LocalDagBundle(name=dags-folder), max_tries=0, start_date=datetime.datetime(2026, 9, 3, 5, 30, 34, 479411, tzinfo=datetime.timezone.utc), end_date=None, state=<TaskInstanceState.RUNNING: 'running'>, is_mapped=False, rendered_map_index=None, sentry_integration='')","try_number":1,"dag_id":"telecom_end_to_end_de7","map_index":-1,"run_id":"manual__2026-09-03T05:30:31.943925+00:00","ti_id":"01a065bf-50b6-7ff5-8700-8d41a558fc60","task_id":"ingest","logger":"task","filename":"task_runner.py","lineno":2280}
{"timestamp":"2026-09-03T05:30:35.164613Z","level":"info","event":"Task instance in success state","logger":"task.stdout"}
{"timestamp":"2026-09-03T05:30:35.166106Z","level":"info","event":" Previous state of the Task instance: TaskInstanceState.RUNNING","logger":"task.stdout"}
{"timestamp":"2026-09-03T05:30:35.167127Z","level":"info","event":"Task operator:<Task(_PythonDecoratedOperator): ingest>","logger":"task.stdout"}
{"timestamp":"2026-09-03T05:30:35.164887Z","level":"info","event":"::endgroup::","try_number":1,"dag_id":"telecom_end_to_end_de7","map_index":-1,"run_id":"manual__2026-09-03T05:30:31.943925+00:00","ti_id":"01a065bf-50b6-7ff5-8700-8d41a558fc60","task_id":"ingest","logger":"task","filename":"task_runner.py","lineno":2379}
