2026-08-27 21:28:00 | INFO | ============================================================
2026-08-27 21:28:00 | INFO | SP4 START
2026-08-27 21:28:00 | INFO | ============================================================
2026-08-27 21:28:05 | INFO | GeoJSON file found: D:\capstone1\data\milano-grid.geojson
2026-08-27 21:28:05 | INFO | GeoJSON top-level type: FeatureCollection
2026-08-27 21:28:05 | INFO | GeoJSON feature count: 10000
2026-08-27 21:28:05 | INFO | GeoJSON top-level type validation: PASS
2026-08-27 21:28:05 | INFO | First feature type: Feature
2026-08-27 21:28:05 | INFO | GeoJSON property keys: ['cellId']
2026-08-27 21:28:05 | INFO | GeoJSON identifier field: properties.cellId
2026-08-27 21:28:05 | INFO | First feature geometry type: Polygon
2026-08-27 21:28:05 | INFO | Geometry types found: {'Polygon'}
2026-08-27 21:28:16 | INFO | Grid lookup rows: 10000
2026-08-27 21:28:18 | INFO | Activity DataFrame rows: 1679994
2026-08-27 21:28:18 | INFO | Grid lookup size check: PASS - 10,000 grids
2026-08-27 21:28:24 | INFO | Duplicate grid IDs in lookup: 0
2026-08-27 21:28:33 | INFO | Distinct activity grids before join: 10000
2026-08-27 21:28:37 | INFO | Distinct GeoJSON grid IDs: 10000
2026-08-27 21:28:37 | INFO | Common join key: activity.grid_id <-> GeoJSON.properties.cellId
2026-08-27 21:28:37 | INFO | GeoJSON properties.cellId normalized to grid_id
2026-08-27 21:28:37 | INFO | Standard join execution plan inspected
2026-08-27 21:28:37 | INFO | Broadcast join execution plan inspected
2026-08-27 21:28:37 | INFO | Grid lookup is a broadcast candidate because it contains approximately 10,000 rows versus millions of activity records
2026-08-27 21:28:51 | INFO | Enriched activity rows: 1679994
2026-08-27 21:28:58 | INFO | Distinct activity grids after join: 10000
2026-08-27 21:28:58 | INFO | Activity grids with missing geometry: 0
2026-08-27 21:28:58 | INFO | Geometry enrichment coverage: 100.00%
2026-08-27 21:28:59 | INFO | No unmatched grid IDs found
2026-08-27 21:29:00 | INFO | Numerical row preservation check: PASS
2026-08-27 21:29:01 | INFO | Distinct activity grid preservation: PASS
2026-08-27 21:29:11 | INFO | GeoJSON geometry type distribution: {'Polygon': 10000}
2026-08-27 21:29:13 | INFO | Distinct grids with empty/missing geometry: 0
2026-08-27 21:29:18 | INFO | Distinct grids with invalid geometry JSON/type: 0
2026-08-27 21:29:18 | INFO | Geographic validation: PASS
2026-08-27 21:29:22 | INFO | Final grid_activity_geo_df rows: 1679994
2026-08-27 21:29:26 | INFO | Created hotspot ranking with geometry retained
2026-08-27 21:29:26 | INFO | Centroid derivation is optional and not enabled by default
2026-08-27 21:29:26 | INFO | Final grid_activity_geo_df schema inspected
2026-08-27 21:29:35 | INFO | ============================================================
2026-08-27 21:29:35 | INFO | SP4 FINAL SUMMARY
2026-08-27 21:29:35 | INFO | ============================================================
2026-08-27 21:29:35 | INFO | GeoJSON top-level type: FeatureCollection
2026-08-27 21:29:35 | INFO | GeoJSON features: 10000
2026-08-27 21:29:35 | INFO | Grid lookup rows: 10000
2026-08-27 21:29:35 | INFO | Activity rows before join: 1679994
2026-08-27 21:29:35 | INFO | Activity rows after join: 1679994
2026-08-27 21:29:35 | INFO | Distinct activity grids before join: 10000
2026-08-27 21:29:35 | INFO | Distinct activity grids after join: 10000
2026-08-27 21:29:35 | INFO | Missing geometry grids: 0
2026-08-27 21:29:35 | INFO | Enrichment coverage: 100.00%
2026-08-27 21:29:35 | INFO | Unmatched grid IDs: 0
2026-08-27 21:29:35 | INFO | Empty geometry grids: 0
2026-08-27 21:29:35 | INFO | Invalid geometry object grids: 0
2026-08-27 21:29:35 | INFO | Numerical join validation: PASS
2026-08-27 21:29:35 | INFO | Grid preservation validation: PASS
2026-08-27 21:29:35 | INFO | Geographic validation: PASS
2026-08-27 21:29:35 | INFO | Expected output: grid_activity_geo_df - CREATED
2026-08-27 21:29:35 | INFO | Expected output: grid enrichment coverage report - CREATED IN LOG
2026-08-27 21:29:35 | INFO | Expected output: unmatched grid_id values - CREATED
2026-08-27 21:29:35 | INFO | Expected output: top high-activity grids with geometry - CREATED
2026-08-27 21:29:35 | INFO | Processed output suitable for map visualization - CREATED
2026-08-27 21:29:35 | INFO | SP4 STATUS: PASS
2026-08-27 21:29:35 | INFO | ============================================================
2026-08-27 21:29:36 | INFO | Closing down clientserver connection


========== STANDARD JOIN PLAN ==========
== Physical Plan ==
AdaptiveSparkPlan (14)
+- Project (13)
   +- SortMergeJoin LeftOuter (12)
      :- Sort (3)
      :  +- Exchange (2)
      :     +- Scan parquet  (1)
      +- Sort (11)
         +- Exchange (10)
            +- SortAggregate (9)
               +- Sort (8)
                  +- Exchange (7)
                     +- SortAggregate (6)
                        +- Sort (5)
                           +- Scan ExistingRDD (4)


(1) Scan parquet 
Output [13]: [grid_id#0, date#1, timestamp#2, sms_in#3, sms_out#4, call_in#5, call_out#6, internet_activity#7, total_sms#8, total_calls#9, total_activity#10, daily_activity#11, internet_share#12]
Batched: true
Location: InMemoryFileIndex [file:/D:/capstone1/parquet_output/hourly_grid_parquet]
ReadSchema: struct<grid_id:int,date:date,timestamp:timestamp,sms_in:double,sms_out:double,call_in:double,call_out:double,internet_activity:double,total_sms:double,total_calls:double,total_activity:double,daily_activity:double,internet_share:double>

(2) Exchange
Input [13]: [grid_id#0, date#1, timestamp#2, sms_in#3, sms_out#4, call_in#5, call_out#6, internet_activity#7, total_sms#8, total_calls#9, total_activity#10, daily_activity#11, internet_share#12]
Arguments: hashpartitioning(cast(grid_id#0 as bigint), 200), ENSURE_REQUIREMENTS, [plan_id=521]

(3) Sort
Input [13]: [grid_id#0, date#1, timestamp#2, sms_in#3, sms_out#4, call_in#5, call_out#6, internet_activity#7, total_sms#8, total_calls#9, total_activity#10, daily_activity#11, internet_share#12]
Arguments: [cast(grid_id#0 as bigint) ASC NULLS FIRST], false, 0

(4) Scan ExistingRDD
Output [2]: [grid_id#13, geometry#14]
Arguments: [grid_id#13, geometry#14], MapPartitionsRDD[6] at applySchemaToPythonRDD at NativeMethodAccessorImpl.java:0, ExistingRDD, UnknownPartitioning(0)

(5) Sort
Input [2]: [grid_id#13, geometry#14]
Arguments: [grid_id#13 ASC NULLS FIRST], false, 0

(6) SortAggregate
Input [2]: [grid_id#13, geometry#14]
Keys [1]: [grid_id#13]
Functions [1]: [partial_first(geometry#14, false)]
Aggregate Attributes [2]: [first#86, valueSet#87]
Results [3]: [grid_id#13, first#88, valueSet#89]

(7) Exchange
Input [3]: [grid_id#13, first#88, valueSet#89]
Arguments: hashpartitioning(grid_id#13, 200), ENSURE_REQUIREMENTS, [plan_id=516]

(8) Sort
Input [3]: [grid_id#13, first#88, valueSet#89]
Arguments: [grid_id#13 ASC NULLS FIRST], false, 0

(9) SortAggregate
Input [3]: [grid_id#13, first#88, valueSet#89]
Keys [1]: [grid_id#13]
Functions [1]: [first(geometry#14, false)]
Aggregate Attributes [1]: [first(geometry#14)()#84]
Results [2]: [grid_id#13, first(geometry#14)()#84 AS geometry#85]

(10) Exchange
Input [2]: [grid_id#13, geometry#85]
Arguments: hashpartitioning(cast(grid_id#13 as bigint), 200), ENSURE_REQUIREMENTS, [plan_id=522]

(11) Sort
Input [2]: [grid_id#13, geometry#85]
Arguments: [cast(grid_id#13 as bigint) ASC NULLS FIRST], false, 0

(12) SortMergeJoin
Left keys [1]: [cast(grid_id#0 as bigint)]
Right keys [1]: [cast(grid_id#13 as bigint)]
Join type: LeftOuter
Join condition: None

(13) Project
Output [14]: [grid_id#0, date#1, timestamp#2, sms_in#3, sms_out#4, call_in#5, call_out#6, internet_activity#7, total_sms#8, total_calls#9, total_activity#10, daily_activity#11, internet_share#12, geometry#85]
Input [15]: [grid_id#0, date#1, timestamp#2, sms_in#3, sms_out#4, call_in#5, call_out#6, internet_activity#7, total_sms#8, total_calls#9, total_activity#10, daily_activity#11, internet_share#12, grid_id#13, geometry#85]

(14) AdaptiveSparkPlan
Output [14]: [grid_id#0, date#1, timestamp#2, sms_in#3, sms_out#4, call_in#5, call_out#6, internet_activity#7, total_sms#8, total_calls#9, total_activity#10, daily_activity#11, internet_share#12, geometry#85]
Arguments: isFinalPlan=false




========== BROADCAST JOIN PLAN ==========
== Physical Plan ==
AdaptiveSparkPlan (11)
+- Project (10)
   +- BroadcastHashJoin LeftOuter BuildRight (9)
      :- Scan parquet  (1)
      +- BroadcastExchange (8)
         +- SortAggregate (7)
            +- Sort (6)
               +- Exchange (5)
                  +- SortAggregate (4)
                     +- Sort (3)
                        +- Scan ExistingRDD (2)


(1) Scan parquet 
Output [13]: [grid_id#0, date#1, timestamp#2, sms_in#3, sms_out#4, call_in#5, call_out#6, internet_activity#7, total_sms#8, total_calls#9, total_activity#10, daily_activity#11, internet_share#12]
Batched: true
Location: InMemoryFileIndex [file:/D:/capstone1/parquet_output/hourly_grid_parquet]
ReadSchema: struct<grid_id:int,date:date,timestamp:timestamp,sms_in:double,sms_out:double,call_in:double,call_out:double,internet_activity:double,total_sms:double,total_calls:double,total_activity:double,daily_activity:double,internet_share:double>

(2) Scan ExistingRDD
Output [2]: [grid_id#13, geometry#14]
Arguments: [grid_id#13, geometry#14], MapPartitionsRDD[6] at applySchemaToPythonRDD at NativeMethodAccessorImpl.java:0, ExistingRDD, UnknownPartitioning(0)

(3) Sort
Input [2]: [grid_id#13, geometry#14]
Arguments: [grid_id#13 ASC NULLS FIRST], false, 0

(4) SortAggregate
Input [2]: [grid_id#13, geometry#14]
Keys [1]: [grid_id#13]
Functions [1]: [partial_first(geometry#14, false)]
Aggregate Attributes [2]: [first#92, valueSet#93]
Results [3]: [grid_id#13, first#94, valueSet#95]

(5) Exchange
Input [3]: [grid_id#13, first#94, valueSet#95]
Arguments: hashpartitioning(grid_id#13, 200), ENSURE_REQUIREMENTS, [plan_id=553]

(6) Sort
Input [3]: [grid_id#13, first#94, valueSet#95]
Arguments: [grid_id#13 ASC NULLS FIRST], false, 0

(7) SortAggregate
Input [3]: [grid_id#13, first#94, valueSet#95]
Keys [1]: [grid_id#13]
Functions [1]: [first(geometry#14, false)]
Aggregate Attributes [1]: [first(geometry#14)()#90]
Results [2]: [grid_id#13, first(geometry#14)()#90 AS geometry#91]

(8) BroadcastExchange
Input [2]: [grid_id#13, geometry#91]
Arguments: HashedRelationBroadcastMode(List(cast(input[0, string, false] as bigint)),false), [plan_id=557]

(9) BroadcastHashJoin
Left keys [1]: [cast(grid_id#0 as bigint)]
Right keys [1]: [cast(grid_id#13 as bigint)]
Join type: LeftOuter
Join condition: None

(10) Project
Output [14]: [grid_id#0, date#1, timestamp#2, sms_in#3, sms_out#4, call_in#5, call_out#6, internet_activity#7, total_sms#8, total_calls#9, total_activity#10, daily_activity#11, internet_share#12, geometry#91]
Input [15]: [grid_id#0, date#1, timestamp#2, sms_in#3, sms_out#4, call_in#5, call_out#6, internet_activity#7, total_sms#8, total_calls#9, total_activity#10, daily_activity#11, internet_share#12, grid_id#13, geometry#91]

(11) AdaptiveSparkPlan
Output [14]: [grid_id#0, date#1, timestamp#2, sms_in#3, sms_out#4, call_in#5, call_out#6, internet_activity#7, total_sms#8, total_calls#9, total_activity#10, daily_activity#11, internet_share#12, geometry#91]
Arguments: isFinalPlan=false
2026-08-27 21:37:45 | INFO | ============================================================
2026-08-27 21:37:45 | INFO | SP4 START
2026-08-27 21:37:45 | INFO | ============================================================
2026-08-27 21:37:49 | INFO | GeoJSON file found: D:\capstone1\data\milano-grid.geojson
2026-08-27 21:37:50 | INFO | GeoJSON top-level type: FeatureCollection
2026-08-27 21:37:50 | INFO | GeoJSON feature count: 10000
2026-08-27 21:37:50 | INFO | GeoJSON top-level type validation: PASS
2026-08-27 21:37:50 | INFO | First feature type: Feature
2026-08-27 21:37:50 | INFO | GeoJSON property keys: ['cellId']
2026-08-27 21:37:50 | INFO | GeoJSON identifier field: properties.cellId
2026-08-27 21:37:50 | INFO | First feature geometry type: Polygon
2026-08-27 21:37:50 | INFO | Geometry types found: {'Polygon'}
2026-08-27 21:38:00 | INFO | Grid lookup rows: 10000
2026-08-27 21:38:02 | INFO | Activity DataFrame rows: 1679994
2026-08-27 21:38:02 | INFO | Grid lookup size check: PASS - 10,000 grids
2026-08-27 21:38:07 | INFO | Duplicate grid IDs in lookup: 0
2026-08-27 21:38:10 | INFO | Distinct activity grids before join: 10000
2026-08-27 21:38:14 | INFO | Distinct GeoJSON grid IDs: 10000
2026-08-27 21:38:14 | INFO | Common join key: activity.grid_id <-> GeoJSON.properties.cellId
2026-08-27 21:38:14 | INFO | GeoJSON properties.cellId normalized to grid_id
2026-08-27 21:38:14 | INFO | Standard join execution plan inspected
2026-08-27 21:38:14 | INFO | Broadcast join execution plan inspected
2026-08-27 21:38:14 | INFO | Grid lookup is a broadcast candidate because it contains approximately 10,000 rows versus millions of activity records
2026-08-27 21:38:20 | INFO | Enriched activity rows: 1679994
2026-08-27 21:38:23 | INFO | Distinct activity grids after join: 10000
2026-08-27 21:38:23 | INFO | Activity grids with missing geometry: 0
2026-08-27 21:38:23 | INFO | Geometry enrichment coverage: 100.00%
2026-08-27 21:38:23 | INFO | No unmatched grid IDs found
2026-08-27 21:38:23 | INFO | Numerical row preservation check: PASS
2026-08-27 21:38:24 | INFO | Distinct activity grid preservation: PASS
2026-08-27 21:38:32 | INFO | GeoJSON geometry type distribution: {'Polygon': 10000}
2026-08-27 21:38:33 | INFO | Distinct grids with empty/missing geometry: 0
2026-08-27 21:38:35 | INFO | Distinct grids with invalid geometry JSON/type: 0
2026-08-27 21:38:35 | INFO | Geographic validation: PASS
2026-08-27 21:38:39 | INFO | Final grid_activity_geo_df rows: 1679994
2026-08-27 21:38:42 | INFO | Created hotspot ranking with geometry retained
2026-08-27 21:38:42 | INFO | Centroid derivation is optional and not enabled by default
2026-08-27 21:38:42 | INFO | Final grid_activity_geo_df schema inspected
2026-08-27 21:38:58 | INFO | ============================================================
2026-08-27 21:38:58 | INFO | SP4 FINAL SUMMARY
2026-08-27 21:38:58 | INFO | ============================================================
2026-08-27 21:38:58 | INFO | GeoJSON top-level type: FeatureCollection
2026-08-27 21:38:58 | INFO | GeoJSON features: 10000
2026-08-27 21:38:58 | INFO | Grid lookup rows: 10000
2026-08-27 21:38:58 | INFO | Activity rows before join: 1679994
2026-08-27 21:38:58 | INFO | Activity rows after join: 1679994
2026-08-27 21:38:58 | INFO | Distinct activity grids before join: 10000
2026-08-27 21:38:58 | INFO | Distinct activity grids after join: 10000
2026-08-27 21:38:58 | INFO | Missing geometry grids: 0
2026-08-27 21:38:58 | INFO | Enrichment coverage: 100.00%
2026-08-27 21:38:58 | INFO | Unmatched grid IDs: 0
2026-08-27 21:38:58 | INFO | Empty geometry grids: 0
2026-08-27 21:38:58 | INFO | Invalid geometry object grids: 0
2026-08-27 21:38:58 | INFO | Numerical join validation: PASS
2026-08-27 21:38:58 | INFO | Grid preservation validation: PASS
2026-08-27 21:38:58 | INFO | Geographic validation: PASS
2026-08-27 21:38:58 | INFO | Expected output: grid_activity_geo_df - CREATED
2026-08-27 21:38:58 | INFO | Expected output: grid enrichment coverage report - CREATED IN LOG
2026-08-27 21:38:58 | INFO | Expected output: unmatched grid_id values - CREATED
2026-08-27 21:38:58 | INFO | Expected output: top high-activity grids with geometry - CREATED
2026-08-27 21:38:58 | INFO | Processed output suitable for map visualization - CREATED
2026-08-27 21:38:58 | INFO | SP4 STATUS: PASS
2026-08-27 21:38:58 | INFO | ============================================================
2026-08-27 21:38:58 | INFO | Closing down clientserver connection
