{"timestamp":"2026-09-03T05:14:19.573799Z","level":"info","event":"::group::Pre Execute","logger":"task","filename":"task_runner.py","lineno":2412}
{"timestamp":"2026-09-03T05:14:20.522227Z","level":"info","event":"DAG bundles loaded: dags-folder, example_dags, apache-airflow-providers-common-sql-example-dags, apache-airflow-providers-standard-example-dags","try_number":1,"ti_id":"01a065ac-6f38-79d4-b352-ed69db1afade","run_id":"manual__2026-09-03T05:09:54.556775+00:00","task_id":"load_warehouse","map_index":-1,"dag_id":"telecom_end_to_end_de7","logger":"airflow.dag_processing.bundles.manager.DagBundlesManager","filename":"manager.py","lineno":304}
{"timestamp":"2026-09-03T05:14:20.529482Z","level":"info","event":"Filling up the DagBag from /mnt/d/capstone1/airflow/dags/telecom_end_to_end_de7.py","try_number":1,"ti_id":"01a065ac-6f38-79d4-b352-ed69db1afade","run_id":"manual__2026-09-03T05:09:54.556775+00:00","task_id":"load_warehouse","map_index":-1,"dag_id":"telecom_end_to_end_de7","logger":"airflow.dag_processing.dagbag.BundleDagBag","filename":"dagbag.py","lineno":460}
{"timestamp":"2026-09-03T05:14:22.459396Z","level":"info","event":"Worker startup parse complete","bundle_name":"dags-folder","bundle_version":null,"dag_file":"telecom_end_to_end_de7.py","dag_id":"telecom_end_to_end_de7","bundle_prepare_ms":18,"dag_file_parse_ms":1930,"try_number":1,"ti_id":"01a065ac-6f38-79d4-b352-ed69db1afade","run_id":"manual__2026-09-03T05:09:54.556775+00:00","task_id":"load_warehouse","map_index":-1,"logger":"task","filename":"task_runner.py","lineno":1073}
{"timestamp":"2026-09-03T05:14:22.619272Z","level":"info","event":"Task instance is in running state","logger":"task.stdout"}
{"timestamp":"2026-09-03T05:14:22.622089Z","level":"info","event":" Previous state of the Task instance: TaskInstanceState.QUEUED","logger":"task.stdout"}
{"timestamp":"2026-09-03T05:14:22.623338Z","level":"info","event":"Current task name:load_warehouse","logger":"task.stdout"}
{"timestamp":"2026-09-03T05:14:22.625086Z","level":"info","event":"Dag name:telecom_end_to_end_de7","logger":"task.stdout"}
{"timestamp":"2026-09-03T05:14:22.626408Z","level":"info","event":"======================================================================","logger":"task.stdout"}
{"timestamp":"2026-09-03T05:14:22.627507Z","level":"info","event":"TASK: LOAD WAREHOUSE","logger":"task.stdout"}
{"timestamp":"2026-09-03T05:14:22.628423Z","level":"info","event":"======================================================================","logger":"task.stdout"}
{"timestamp":"2026-09-03T05:14:22.619565Z","level":"info","event":"::endgroup::","try_number":1,"ti_id":"01a065ac-6f38-79d4-b352-ed69db1afade","run_id":"manual__2026-09-03T05:09:54.556775+00:00","task_id":"load_warehouse","map_index":-1,"dag_id":"telecom_end_to_end_de7","logger":"task","filename":"task_runner.py","lineno":2232}
{"timestamp":"2026-09-03T05:14:22.630553Z","level":"info","event":"Running warehouse loader:","logger":"task.stdout"}
{"timestamp":"2026-09-03T05:14:22.631929Z","level":"info","event":"/home/harikumarg/airflow_test/airflow_env/bin/python3 /mnt/d/capstone1/src/warehouse_loader.py --hourly /mnt/d/capstone1/data/processed/hourly_grid_summary_parquet --geojson /mnt/d/capstone1/data/reference/milano-grid.geojson","logger":"task.stdout"}
{"timestamp":"2026-09-03T05:14:23.716143Z","level":"error","event":"2026-09-03 05:14:23,715 | INFO | Connecting to MySQL warehouse","logger":"task.stderr"}
{"timestamp":"2026-09-03T05:14:24.019210Z","level":"error","event":"2026-09-03 05:14:24,018 | INFO | MySQL connection established","logger":"task.stderr"}
{"timestamp":"2026-09-03T05:14:24.020656Z","level":"error","event":"2026-09-03 05:14:24,019 | INFO | Starting Spark session","logger":"task.stderr"}
{"timestamp":"2026-09-03T05:14:24.457018Z","level":"error","event":"WARNING: Using incubator modules: jdk.incubator.vector","logger":"task.stderr"}
{"timestamp":"2026-09-03T05:14:26.077773Z","level":"error","event":"Using Spark's default log4j profile: org/apache/spark/log4j2-defaults.properties","logger":"task.stderr"}
{"timestamp":"2026-09-03T05:14:26.097259Z","level":"error","event":"26/09/03 05:14:26 WARN Utils: Your hostname, C8LAP1542, resolves to a loopback address: 127.0.1.1; using 10.255.255.254 instead (on interface lo)","logger":"task.stderr"}
{"timestamp":"2026-09-03T05:14:26.098729Z","level":"error","event":"26/09/03 05:14:26 WARN Utils: Set SPARK_LOCAL_IP if you need to bind to another address","logger":"task.stderr"}
{"timestamp":"2026-09-03T05:14:26.708278Z","level":"error","event":"26/09/03 05:14:26 WARN NativeCodeLoader: Unable to load native-hadoop library for your platform... using builtin-java classes where applicable","logger":"task.stderr"}
{"timestamp":"2026-09-03T05:14:26.908587Z","level":"error","event":"Using Spark's default log4j profile: org/apache/spark/log4j2-defaults.properties","logger":"task.stderr"}
{"timestamp":"2026-09-03T05:14:26.910507Z","level":"error","event":"Setting default log level to \"WARN\".","logger":"task.stderr"}
{"timestamp":"2026-09-03T05:14:26.912078Z","level":"error","event":"To adjust logging level use sc.setLogLevel(newLevel). For SparkR, use setLogLevel(newLevel).","logger":"task.stderr"}
{"timestamp":"2026-09-03T05:14:27.021159Z","level":"error","event":"/home/harikumarg/airflow_test/airflow_env/lib/python3.14/site-packages/pyspark/testing/utils.py:127: FutureWarning: PySpark does not yet fully support pandas >= 3.0.0. Some features may not work correctly. It is recommended to use pandas < 3.0.0 for now.","logger":"task.stderr"}
{"timestamp":"2026-09-03T05:14:27.022811Z","level":"error","event":"  require_minimum_pandas_version()","logger":"task.stderr"}
{"timestamp":"2026-09-03T05:14:31.233575Z","level":"error","event":"2026-09-03 05:14:31,233 | INFO | Spark session established","logger":"task.stderr"}
{"timestamp":"2026-09-03T05:14:31.235263Z","level":"error","event":"2026-09-03 05:14:31,233 | INFO | Creating warehouse tables","logger":"task.stderr"}
{"timestamp":"2026-09-03T05:14:31.388536Z","level":"error","event":"2026-09-03 05:14:31,388 | INFO | Warehouse tables ready","logger":"task.stderr"}
{"timestamp":"2026-09-03T05:14:31.390558Z","level":"error","event":"2026-09-03 05:14:31,388 | INFO | Loading static Milan grid reference","logger":"task.stderr"}
{"timestamp":"2026-09-03T05:14:31.587990Z","level":"error","event":"2026-09-03 05:14:31,587 | INFO | Grid dimension records: 10000","logger":"task.stderr"}
{"timestamp":"2026-09-03T05:14:40.847047Z","level":"error","event":"2026-09-03 05:14:40,846 | INFO | dim_grid populated successfully","logger":"task.stderr"}
{"timestamp":"2026-09-03T05:14:40.857572Z","level":"error","event":"2026-09-03 05:14:40,857 | INFO | Loading time dimension from Spark output","logger":"task.stderr"}
{"timestamp":"2026-09-03T05:14:46.033237Z","level":"error","event":"\r[Stage 0:>                                                          (0 + 1) / 1]\r\r                                                                                \r\r[Stage 1:>                                                          (0 + 4) / 4]\r\r                                                                                \r2026-09-03 05:14:46,032 | INFO | Distinct timestamps found: 168","logger":"task.stderr"}
{"timestamp":"2026-09-03T05:14:46.039643Z","level":"error","event":"/home/harikumarg/airflow_test/airflow_env/lib/python3.14/site-packages/pyspark/sql/pandas/conversion.py:298: FutureWarning: PySpark does not yet fully support pandas >= 3.0.0. Some features may not work correctly. It is recommended to use pandas < 3.0.0 for now.","logger":"task.stderr"}
{"timestamp":"2026-09-03T05:14:46.041735Z","level":"error","event":"  require_minimum_pandas_version()","logger":"task.stderr"}
{"timestamp":"2026-09-03T05:14:46.051755Z","level":"error","event":"/home/harikumarg/airflow_test/airflow_env/lib/python3.14/site-packages/pyspark/sql/pandas/conversion.py:348: UserWarning: toPandas attempted Arrow optimization because 'spark.sql.execution.arrow.pyspark.enabled' is set to true; however, failed by the reason below:","logger":"task.stderr"}
{"timestamp":"2026-09-03T05:14:46.053804Z","level":"error","event":"  [PACKAGE_NOT_INSTALLED] PyArrow >= 18.0.0 must be installed; however, it was not found.","logger":"task.stderr"}
{"timestamp":"2026-09-03T05:14:46.055300Z","level":"error","event":"Attempting non-optimization as 'spark.sql.execution.arrow.pyspark.fallback.enabled' is set to true.","logger":"task.stderr"}
{"timestamp":"2026-09-03T05:14:46.057235Z","level":"error","event":"  warn(msg)","logger":"task.stderr"}
{"timestamp":"2026-09-03T05:14:46.988459Z","level":"error","event":"/home/harikumarg/airflow_test/airflow_env/lib/python3.14/site-packages/pyspark/sql/pandas/types.py:778: FutureWarning: PySpark does not yet fully support pandas >= 3.0.0. Some features may not work correctly. It is recommended to use pandas < 3.0.0 for now.","logger":"task.stderr"}
{"timestamp":"2026-09-03T05:14:46.989997Z","level":"error","event":"  require_minimum_pandas_version()","logger":"task.stderr"}
{"timestamp":"2026-09-03T05:14:47.198424Z","level":"error","event":"2026-09-03 05:14:47,198 | INFO | dim_time populated successfully","logger":"task.stderr"}
{"timestamp":"2026-09-03T05:14:47.199711Z","level":"error","event":"2026-09-03 05:14:47,198 | INFO | Starting Spark fact loading","logger":"task.stderr"}
{"timestamp":"2026-09-03T05:14:47.864132Z","level":"error","event":"2026-09-03 05:14:47,863 | INFO | Hourly output schema:","logger":"task.stderr"}
{"timestamp":"2026-09-03T05:14:48.301264Z","level":"error","event":"2026-09-03 05:14:48,301 | INFO | hourly_grid_summary rows: 1679994","logger":"task.stderr"}
{"timestamp":"2026-09-03T05:14:49.489727Z","level":"error","event":"2026-09-03 05:14:49,489 | INFO | dim_grid rows read by Spark: 10000","logger":"task.stderr"}
{"timestamp":"2026-09-03T05:14:49.719131Z","level":"error","event":"2026-09-03 05:14:49,718 | INFO | dim_time rows read by Spark: 168","logger":"task.stderr"}
{"timestamp":"2026-09-03T05:14:50.999134Z","level":"error","event":"\r[Stage 26:>                 (0 + 4) / 4][Stage 28:>                 (0 + 0) / 1]\r\r                                                                                \r2026-09-03 05:14:50,998 | INFO | Rows matching dim_grid: 1679994 / 1679994","logger":"task.stderr"}
{"timestamp":"2026-09-03T05:14:52.121044Z","level":"error","event":"2026-09-03 05:14:52,120 | INFO | Rows matching dim_time: 1679994 / 1679994","logger":"task.stderr"}
{"timestamp":"2026-09-03T05:14:53.369078Z","level":"error","event":"2026-09-03 05:14:53,368 | INFO | Fact rows prepared: 1679994","logger":"task.stderr"}
{"timestamp":"2026-09-03T05:14:55.328914Z","level":"error","event":"\r[Stage 63:==============>                                           (1 + 3) / 4]\r\r                                                                                \r2026-09-03 05:14:55,328 | INFO | Fact grain validation passed","logger":"task.stderr"}
{"timestamp":"2026-09-03T05:14:55.330248Z","level":"error","event":"2026-09-03 05:14:55,328 | INFO | Writing fact_network_activity","logger":"task.stderr"}
{"timestamp":"2026-09-03T05:19:54.258503Z","level":"error","event":"\r[Stage 73:>   (0 + 4) / 4][Stage 75:>   (0 + 0) / 1][Stage 77:>   (0 + 0) / 1]\r\r                                                                                \r\r[Stage 79:>                                                         (0 + 4) / 4]\r\r[Stage 79:>                                                         (0 + 4) / 4]\r\r[Stage 79:>                                                         (0 + 4) / 4]\r\r[Stage 79:>                                                         (0 + 4) / 4]\r\r[Stage 79:>                                                         (0 + 4) / 4]\r\r[Stage 79:==============>                                           (1 + 3) / 4]\r\r[Stage 79:=============================>                            (2 + 2) / 4]\r\r[Stage 79:===========================================>              (3 + 1) / 4]\r\r                                                                                \r2026-09-03 05:19:54,257 | INFO | Fact data loaded successfully","logger":"task.stderr"}
{"timestamp":"2026-09-03T05:19:54.261326Z","level":"error","event":"2026-09-03 05:19:54,258 | INFO | Running warehouse validation","logger":"task.stderr"}
{"timestamp":"2026-09-03T05:19:59.026637Z","level":"error","event":"2026-09-03 05:19:59,026 | INFO | dim_grid count: 10000","logger":"task.stderr"}
{"timestamp":"2026-09-03T05:19:59.028222Z","level":"error","event":"2026-09-03 05:19:59,026 | INFO | dim_time count: 168","logger":"task.stderr"}
{"timestamp":"2026-09-03T05:19:59.029329Z","level":"error","event":"2026-09-03 05:19:59,026 | INFO | fact count: 1679994","logger":"task.stderr"}
{"timestamp":"2026-09-03T05:19:59.045189Z","level":"error","event":"2026-09-03 05:19:59,026 | INFO | Duplicate grid IDs: 0","logger":"task.stderr"}
{"timestamp":"2026-09-03T05:19:59.046547Z","level":"error","event":"2026-09-03 05:19:59,026 | INFO | Duplicate fact grains: 0","logger":"task.stderr"}
{"timestamp":"2026-09-03T05:19:59.047623Z","level":"error","event":"2026-09-03 05:19:59,026 | INFO | Warehouse validation passed","logger":"task.stderr"}
{"timestamp":"2026-09-03T05:19:59.048874Z","level":"error","event":"2026-09-03 05:19:59,026 | INFO | DE6 warehouse loading completed successfully","logger":"task.stderr"}
{"timestamp":"2026-09-03T05:19:59.050250Z","level":"error","event":"2026-09-03 05:19:59,026 | INFO | Closing warehouse resources","logger":"task.stderr"}
{"timestamp":"2026-09-03T05:19:59.163663Z","level":"error","event":"2026-09-03 05:19:59,163 | INFO | Spark session stopped","logger":"task.stderr"}
{"timestamp":"2026-09-03T05:19:59.167644Z","level":"error","event":"2026-09-03 05:19:59,167 | INFO | MySQL engine disposed","logger":"task.stderr"}
{"timestamp":"2026-09-03T05:19:59.169192Z","level":"error","event":"2026-09-03 05:19:59,167 | INFO | All warehouse resources closed","logger":"task.stderr"}
{"timestamp":"2026-09-03T05:19:59.170421Z","level":"error","event":"2026-09-03 05:19:59,168 | INFO | Closing down clientserver connection","logger":"task.stderr"}
{"timestamp":"2026-09-03T05:19:59.171404Z","level":"info","event":"root","logger":"task.stdout"}
{"timestamp":"2026-09-03T05:19:59.172140Z","level":"info","event":" |-- timestamp: timestamp (nullable = true)","logger":"task.stdout"}
{"timestamp":"2026-09-03T05:19:59.173052Z","level":"info","event":" |-- grid_id: string (nullable = true)","logger":"task.stdout"}
{"timestamp":"2026-09-03T05:19:59.173826Z","level":"info","event":" |-- sms_in: double (nullable = true)","logger":"task.stdout"}
{"timestamp":"2026-09-03T05:19:59.174526Z","level":"info","event":" |-- sms_out: double (nullable = true)","logger":"task.stdout"}
{"timestamp":"2026-09-03T05:19:59.175215Z","level":"info","event":" |-- call_in: double (nullable = true)","logger":"task.stdout"}
{"timestamp":"2026-09-03T05:19:59.175798Z","level":"info","event":" |-- call_out: double (nullable = true)","logger":"task.stdout"}
{"timestamp":"2026-09-03T05:19:59.176446Z","level":"info","event":" |-- internet_activity: double (nullable = true)","logger":"task.stdout"}
{"timestamp":"2026-09-03T05:19:59.177128Z","level":"info","event":" |-- total_sms: double (nullable = true)","logger":"task.stdout"}
{"timestamp":"2026-09-03T05:19:59.177869Z","level":"info","event":" |-- total_calls: double (nullable = true)","logger":"task.stdout"}
{"timestamp":"2026-09-03T05:19:59.178507Z","level":"info","event":" |-- total_activity: double (nullable = true)","logger":"task.stdout"}
{"timestamp":"2026-09-03T05:19:59.179142Z","level":"info","event":" |-- internet_share: double (nullable = true)","logger":"task.stdout"}
{"timestamp":"2026-09-03T05:19:59.179717Z","level":"info","event":" |-- date: date (nullable = true)","logger":"task.stdout"}
{"timestamp":"2026-09-03T05:19:59.180384Z","level":"info","event":"","logger":"task.stdout"}
{"timestamp":"2026-09-03T05:19:59.441388Z","level":"info","event":"Warehouse loading completed successfully.","logger":"task.stdout"}
{"timestamp":"2026-09-03T05:19:59.441957Z","level":"info","event":"Done. Returned value was: {'status': 'SUCCESS'}","try_number":1,"ti_id":"01a065ac-6f38-79d4-b352-ed69db1afade","run_id":"manual__2026-09-03T05:09:54.556775+00:00","task_id":"load_warehouse","map_index":-1,"dag_id":"telecom_end_to_end_de7","logger":"airflow.task.operators.airflow.providers.standard.decorators.python._PythonDecoratedOperator","filename":"python.py","lineno":233}
{"timestamp":"2026-09-03T05:19:59.443063Z","level":"info","event":"::group::Post Execute","try_number":1,"ti_id":"01a065ac-6f38-79d4-b352-ed69db1afade","run_id":"manual__2026-09-03T05:09:54.556775+00:00","task_id":"load_warehouse","map_index":-1,"dag_id":"telecom_end_to_end_de7","logger":"task","filename":"task_runner.py","lineno":1580}
{"timestamp":"2026-09-03T05:19:59.443803Z","level":"info","event":"Pushing xcom","ti":"RuntimeTaskInstance(id=UUID('01a065ac-6f38-79d4-b352-ed69db1afade'), task_id='load_warehouse', dag_id='telecom_end_to_end_de7', run_id='manual__2026-09-03T05:09:54.556775+00:00', try_number=1, dag_version_id=UUID('01a065ab-babd-7914-92b3-91f11a4f26fd'), map_index=-1, hostname='C8LAP1542.prodapt.com', context_carrier={'traceparent': '00-217666ebf2ac31d28f5d40d3b1740230-a4bcf85f6dcd88bd-00'}, queue='default', task=<Task(_PythonDecoratedOperator): load_warehouse>, bundle_instance=LocalDagBundle(name=dags-folder), max_tries=0, start_date=datetime.datetime(2026, 9, 3, 5, 14, 19, 514062, tzinfo=datetime.timezone.utc), end_date=None, state=<TaskInstanceState.RUNNING: 'running'>, is_mapped=False, rendered_map_index=None, sentry_integration='')","try_number":1,"ti_id":"01a065ac-6f38-79d4-b352-ed69db1afade","run_id":"manual__2026-09-03T05:09:54.556775+00:00","task_id":"load_warehouse","map_index":-1,"dag_id":"telecom_end_to_end_de7","logger":"task","filename":"task_runner.py","lineno":2280}
{"timestamp":"2026-09-03T05:19:59.513449Z","level":"info","event":"Task instance in success state","logger":"task.stdout"}
{"timestamp":"2026-09-03T05:19:59.514672Z","level":"info","event":" Previous state of the Task instance: TaskInstanceState.RUNNING","logger":"task.stdout"}
{"timestamp":"2026-09-03T05:19:59.515721Z","level":"info","event":"Task operator:<Task(_PythonDecoratedOperator): load_warehouse>","logger":"task.stdout"}
{"timestamp":"2026-09-03T05:19:59.514345Z","level":"info","event":"::endgroup::","try_number":1,"ti_id":"01a065ac-6f38-79d4-b352-ed69db1afade","run_id":"manual__2026-09-03T05:09:54.556775+00:00","task_id":"load_warehouse","map_index":-1,"dag_id":"telecom_end_to_end_de7","logger":"task","filename":"task_runner.py","lineno":2379}
