{"timestamp":"2026-09-03T08:12:18.112272Z","level":"info","event":"::group::Pre Execute","logger":"task","filename":"task_runner.py","lineno":2412}
{"timestamp":"2026-09-03T08:12:18.315803Z","level":"info","event":"DAG bundles loaded: dags-folder, example_dags, apache-airflow-providers-common-sql-example-dags, apache-airflow-providers-standard-example-dags","task_id":"ingest","try_number":1,"map_index":-1,"ti_id":"01a06653-66cb-7585-9c6a-1a5517e755df","run_id":"manual__2026-09-03T08:12:16.906558+00:00","dag_id":"telecom_end_to_end_de7","logger":"airflow.dag_processing.bundles.manager.DagBundlesManager","filename":"manager.py","lineno":304}
{"timestamp":"2026-09-03T08:12:18.321334Z","level":"info","event":"Filling up the DagBag from /mnt/d/capstone1/airflow/dags/telecom_end_to_end_de7.py","task_id":"ingest","try_number":1,"map_index":-1,"ti_id":"01a06653-66cb-7585-9c6a-1a5517e755df","run_id":"manual__2026-09-03T08:12:16.906558+00:00","dag_id":"telecom_end_to_end_de7","logger":"airflow.dag_processing.dagbag.BundleDagBag","filename":"dagbag.py","lineno":460}
{"timestamp":"2026-09-03T08:12:18.774170Z","level":"info","event":"Worker startup parse complete","bundle_name":"dags-folder","bundle_version":null,"dag_file":"telecom_end_to_end_de7.py","dag_id":"telecom_end_to_end_de7","bundle_prepare_ms":6,"dag_file_parse_ms":452,"task_id":"ingest","try_number":1,"map_index":-1,"ti_id":"01a06653-66cb-7585-9c6a-1a5517e755df","run_id":"manual__2026-09-03T08:12:16.906558+00:00","logger":"task","filename":"task_runner.py","lineno":1073}
{"timestamp":"2026-09-03T08:12:18.892976Z","level":"info","event":"Task instance is in running state","logger":"task.stdout"}
{"timestamp":"2026-09-03T08:12:18.894727Z","level":"info","event":" Previous state of the Task instance: TaskInstanceState.QUEUED","logger":"task.stdout"}
{"timestamp":"2026-09-03T08:12:18.896282Z","level":"info","event":"Current task name:ingest","logger":"task.stdout"}
{"timestamp":"2026-09-03T08:12:18.897085Z","level":"info","event":"Dag name:telecom_end_to_end_de7","logger":"task.stdout"}
{"timestamp":"2026-09-03T08:12:18.897749Z","level":"info","event":"======================================================================","logger":"task.stdout"}
{"timestamp":"2026-09-03T08:12:18.898577Z","level":"info","event":"TASK: INGEST","logger":"task.stdout"}
{"timestamp":"2026-09-03T08:12:18.899306Z","level":"info","event":"======================================================================","logger":"task.stdout"}
{"timestamp":"2026-09-03T08:12:18.893276Z","level":"info","event":"::endgroup::","task_id":"ingest","try_number":1,"map_index":-1,"ti_id":"01a06653-66cb-7585-9c6a-1a5517e755df","run_id":"manual__2026-09-03T08:12:16.906558+00:00","dag_id":"telecom_end_to_end_de7","logger":"task","filename":"task_runner.py","lineno":2232}
{"timestamp":"2026-09-03T08:12:18.910490Z","level":"info","event":"Detected 7 candidate file(s).","logger":"task.stdout"}
{"timestamp":"2026-09-03T08:12:18.911970Z","level":"info","event":"  - sms-call-internet-mi-2013-11-01.csv","logger":"task.stdout"}
{"timestamp":"2026-09-03T08:12:18.912978Z","level":"info","event":"  - sms-call-internet-mi-2013-11-02.csv","logger":"task.stdout"}
{"timestamp":"2026-09-03T08:12:18.913856Z","level":"info","event":"  - sms-call-internet-mi-2013-11-03.csv","logger":"task.stdout"}
{"timestamp":"2026-09-03T08:12:18.914381Z","level":"info","event":"  - sms-call-internet-mi-2013-11-04.csv","logger":"task.stdout"}
{"timestamp":"2026-09-03T08:12:18.915502Z","level":"info","event":"  - sms-call-internet-mi-2013-11-05.csv","logger":"task.stdout"}
{"timestamp":"2026-09-03T08:12:18.916469Z","level":"info","event":"  - sms-call-internet-mi-2013-11-06.csv","logger":"task.stdout"}
{"timestamp":"2026-09-03T08:12:18.917125Z","level":"info","event":"  - sms-call-internet-mi-2013-11-07.csv","logger":"task.stdout"}
{"timestamp":"2026-09-03T08:12:18.918118Z","level":"info","event":"Detected 7 files.","logger":"task.stdout"}
{"timestamp":"2026-09-03T08:12:18.918639Z","level":"info","event":"Detected file: /mnt/d/capstone1/data/landing/sms-call-internet-mi-2013-11-01.csv","logger":"task.stdout"}
{"timestamp":"2026-09-03T08:12:18.919667Z","level":"info","event":"Detected file: /mnt/d/capstone1/data/landing/sms-call-internet-mi-2013-11-02.csv","logger":"task.stdout"}
{"timestamp":"2026-09-03T08:12:18.920206Z","level":"info","event":"Detected file: /mnt/d/capstone1/data/landing/sms-call-internet-mi-2013-11-03.csv","logger":"task.stdout"}
{"timestamp":"2026-09-03T08:12:18.920950Z","level":"info","event":"Detected file: /mnt/d/capstone1/data/landing/sms-call-internet-mi-2013-11-04.csv","logger":"task.stdout"}
{"timestamp":"2026-09-03T08:12:18.921776Z","level":"info","event":"Detected file: /mnt/d/capstone1/data/landing/sms-call-internet-mi-2013-11-05.csv","logger":"task.stdout"}
{"timestamp":"2026-09-03T08:12:18.922545Z","level":"info","event":"Detected file: /mnt/d/capstone1/data/landing/sms-call-internet-mi-2013-11-06.csv","logger":"task.stdout"}
{"timestamp":"2026-09-03T08:12:18.923245Z","level":"info","event":"Detected file: /mnt/d/capstone1/data/landing/sms-call-internet-mi-2013-11-07.csv","logger":"task.stdout"}
{"timestamp":"2026-09-03T08:12:18.910624Z","level":"info","event":"Done. Returned value was: ['/mnt/d/capstone1/data/landing/sms-call-internet-mi-2013-11-01.csv', '/mnt/d/capstone1/data/landing/sms-call-internet-mi-2013-11-02.csv', '/mnt/d/capstone1/data/landing/sms-call-internet-mi-2013-11-03.csv', '/mnt/d/capstone1/data/landing/sms-call-internet-mi-2013-11-04.csv', '/mnt/d/capstone1/data/landing/sms-call-internet-mi-2013-11-05.csv', '/mnt/d/capstone1/data/landing/sms-call-internet-mi-2013-11-06.csv', '/mnt/d/capstone1/data/landing/sms-call-internet-mi-2013-11-07.csv']","task_id":"ingest","try_number":1,"map_index":-1,"ti_id":"01a06653-66cb-7585-9c6a-1a5517e755df","run_id":"manual__2026-09-03T08:12:16.906558+00:00","dag_id":"telecom_end_to_end_de7","logger":"airflow.task.operators.airflow.providers.standard.decorators.python._PythonDecoratedOperator","filename":"python.py","lineno":233}
{"timestamp":"2026-09-03T08:12:18.910907Z","level":"info","event":"::group::Post Execute","task_id":"ingest","try_number":1,"map_index":-1,"ti_id":"01a06653-66cb-7585-9c6a-1a5517e755df","run_id":"manual__2026-09-03T08:12:16.906558+00:00","dag_id":"telecom_end_to_end_de7","logger":"task","filename":"task_runner.py","lineno":1580}
{"timestamp":"2026-09-03T08:12:18.911076Z","level":"info","event":"Pushing xcom","ti":"RuntimeTaskInstance(id=UUID('01a06653-66cb-7585-9c6a-1a5517e755df'), task_id='ingest', dag_id='telecom_end_to_end_de7', run_id='manual__2026-09-03T08:12:16.906558+00:00', try_number=1, dag_version_id=UUID('01a065ab-babd-7914-92b3-91f11a4f26fd'), map_index=-1, hostname='C8LAP1542.prodapt.com', context_carrier={'traceparent': '00-73116c12abfcf57808090bf058b30ca8-50b9dd6cbdaef885-00'}, queue='default', task=<Task(_PythonDecoratedOperator): ingest>, bundle_instance=LocalDagBundle(name=dags-folder), max_tries=0, start_date=datetime.datetime(2026, 9, 3, 8, 12, 18, 203065, tzinfo=datetime.timezone.utc), end_date=None, state=<TaskInstanceState.RUNNING: 'running'>, is_mapped=False, rendered_map_index=None, sentry_integration='')","task_id":"ingest","try_number":1,"map_index":-1,"ti_id":"01a06653-66cb-7585-9c6a-1a5517e755df","run_id":"manual__2026-09-03T08:12:16.906558+00:00","dag_id":"telecom_end_to_end_de7","logger":"task","filename":"task_runner.py","lineno":2280}
{"timestamp":"2026-09-03T08:12:18.994582Z","level":"info","event":"Task instance in success state","logger":"task.stdout"}
{"timestamp":"2026-09-03T08:12:18.996127Z","level":"info","event":" Previous state of the Task instance: TaskInstanceState.RUNNING","logger":"task.stdout"}
{"timestamp":"2026-09-03T08:12:18.997347Z","level":"info","event":"Task operator:<Task(_PythonDecoratedOperator): ingest>","logger":"task.stdout"}
{"timestamp":"2026-09-03T08:12:18.994915Z","level":"info","event":"::endgroup::","task_id":"ingest","try_number":1,"map_index":-1,"ti_id":"01a06653-66cb-7585-9c6a-1a5517e755df","run_id":"manual__2026-09-03T08:12:16.906558+00:00","dag_id":"telecom_end_to_end_de7","logger":"task","filename":"task_runner.py","lineno":2379}
