{"timestamp":"2026-09-03T20:00:04.343166Z","level":"info","event":"::group::Pre Execute","logger":"task","filename":"task_runner.py","lineno":2412}
{"timestamp":"2026-09-03T20:00:07.196898Z","level":"info","event":"DAG bundles loaded: dags-folder, example_dags, apache-airflow-providers-common-sql-example-dags, apache-airflow-providers-standard-example-dags","try_number":1,"ti_id":"01a068db-5f1d-7a02-ba71-f639b709d5eb","dag_id":"telecom_end_to_end_de7","run_id":"manual__2026-09-03T20:00:02.277995+00:00","map_index":-1,"task_id":"ingest","logger":"airflow.dag_processing.bundles.manager.DagBundlesManager","filename":"manager.py","lineno":304}
{"timestamp":"2026-09-03T20:00:07.202923Z","level":"info","event":"Filling up the DagBag from /mnt/d/capstone1/airflow/dags/telecom_end_to_end_de7.py","try_number":1,"ti_id":"01a068db-5f1d-7a02-ba71-f639b709d5eb","dag_id":"telecom_end_to_end_de7","run_id":"manual__2026-09-03T20:00:02.277995+00:00","map_index":-1,"task_id":"ingest","logger":"airflow.dag_processing.dagbag.BundleDagBag","filename":"dagbag.py","lineno":460}
{"timestamp":"2026-09-03T20:00:07.957648Z","level":"info","event":"Worker startup parse complete","bundle_name":"dags-folder","bundle_version":null,"dag_file":"telecom_end_to_end_de7.py","dag_id":"telecom_end_to_end_de7","bundle_prepare_ms":10,"dag_file_parse_ms":754,"try_number":1,"ti_id":"01a068db-5f1d-7a02-ba71-f639b709d5eb","run_id":"manual__2026-09-03T20:00:02.277995+00:00","map_index":-1,"task_id":"ingest","logger":"task","filename":"task_runner.py","lineno":1073}
{"timestamp":"2026-09-03T20:00:08.018184Z","level":"info","event":"Task instance is in running state","logger":"task.stdout"}
{"timestamp":"2026-09-03T20:00:08.022128Z","level":"info","event":" Previous state of the Task instance: TaskInstanceState.QUEUED","logger":"task.stdout"}
{"timestamp":"2026-09-03T20:00:08.024417Z","level":"info","event":"Current task name:ingest","logger":"task.stdout"}
{"timestamp":"2026-09-03T20:00:08.026425Z","level":"info","event":"Dag name:telecom_end_to_end_de7","logger":"task.stdout"}
{"timestamp":"2026-09-03T20:00:08.029835Z","level":"info","event":"======================================================================","logger":"task.stdout"}
{"timestamp":"2026-09-03T20:00:08.031346Z","level":"info","event":"TASK: INGEST","logger":"task.stdout"}
{"timestamp":"2026-09-03T20:00:08.032421Z","level":"info","event":"======================================================================","logger":"task.stdout"}
{"timestamp":"2026-09-03T20:00:08.019295Z","level":"info","event":"::endgroup::","try_number":1,"ti_id":"01a068db-5f1d-7a02-ba71-f639b709d5eb","dag_id":"telecom_end_to_end_de7","run_id":"manual__2026-09-03T20:00:02.277995+00:00","map_index":-1,"task_id":"ingest","logger":"task","filename":"task_runner.py","lineno":2232}
{"timestamp":"2026-09-03T20:00:08.045522Z","level":"info","event":"Detected 7 candidate file(s).","logger":"task.stdout"}
{"timestamp":"2026-09-03T20:00:08.046691Z","level":"info","event":"  - sms-call-internet-mi-2013-11-01.csv","logger":"task.stdout"}
{"timestamp":"2026-09-03T20:00:08.047798Z","level":"info","event":"  - sms-call-internet-mi-2013-11-02.csv","logger":"task.stdout"}
{"timestamp":"2026-09-03T20:00:08.048682Z","level":"info","event":"  - sms-call-internet-mi-2013-11-03.csv","logger":"task.stdout"}
{"timestamp":"2026-09-03T20:00:08.049597Z","level":"info","event":"  - sms-call-internet-mi-2013-11-04.csv","logger":"task.stdout"}
{"timestamp":"2026-09-03T20:00:08.050515Z","level":"info","event":"  - sms-call-internet-mi-2013-11-05.csv","logger":"task.stdout"}
{"timestamp":"2026-09-03T20:00:08.051482Z","level":"info","event":"  - sms-call-internet-mi-2013-11-06.csv","logger":"task.stdout"}
{"timestamp":"2026-09-03T20:00:08.052629Z","level":"info","event":"  - sms-call-internet-mi-2013-11-07.csv","logger":"task.stdout"}
{"timestamp":"2026-09-03T20:00:08.053384Z","level":"info","event":"Detected 7 files.","logger":"task.stdout"}
{"timestamp":"2026-09-03T20:00:08.053990Z","level":"info","event":"Detected file: /mnt/d/capstone1/data/landing/sms-call-internet-mi-2013-11-01.csv","logger":"task.stdout"}
{"timestamp":"2026-09-03T20:00:08.054945Z","level":"info","event":"Detected file: /mnt/d/capstone1/data/landing/sms-call-internet-mi-2013-11-02.csv","logger":"task.stdout"}
{"timestamp":"2026-09-03T20:00:08.055694Z","level":"info","event":"Detected file: /mnt/d/capstone1/data/landing/sms-call-internet-mi-2013-11-03.csv","logger":"task.stdout"}
{"timestamp":"2026-09-03T20:00:08.059377Z","level":"info","event":"Detected file: /mnt/d/capstone1/data/landing/sms-call-internet-mi-2013-11-04.csv","logger":"task.stdout"}
{"timestamp":"2026-09-03T20:00:08.060136Z","level":"info","event":"Detected file: /mnt/d/capstone1/data/landing/sms-call-internet-mi-2013-11-05.csv","logger":"task.stdout"}
{"timestamp":"2026-09-03T20:00:08.060825Z","level":"info","event":"Detected file: /mnt/d/capstone1/data/landing/sms-call-internet-mi-2013-11-06.csv","logger":"task.stdout"}
{"timestamp":"2026-09-03T20:00:08.061630Z","level":"info","event":"Detected file: /mnt/d/capstone1/data/landing/sms-call-internet-mi-2013-11-07.csv","logger":"task.stdout"}
{"timestamp":"2026-09-03T20:00:08.045602Z","level":"info","event":"Done. Returned value was: ['/mnt/d/capstone1/data/landing/sms-call-internet-mi-2013-11-01.csv', '/mnt/d/capstone1/data/landing/sms-call-internet-mi-2013-11-02.csv', '/mnt/d/capstone1/data/landing/sms-call-internet-mi-2013-11-03.csv', '/mnt/d/capstone1/data/landing/sms-call-internet-mi-2013-11-04.csv', '/mnt/d/capstone1/data/landing/sms-call-internet-mi-2013-11-05.csv', '/mnt/d/capstone1/data/landing/sms-call-internet-mi-2013-11-06.csv', '/mnt/d/capstone1/data/landing/sms-call-internet-mi-2013-11-07.csv']","try_number":1,"ti_id":"01a068db-5f1d-7a02-ba71-f639b709d5eb","dag_id":"telecom_end_to_end_de7","run_id":"manual__2026-09-03T20:00:02.277995+00:00","map_index":-1,"task_id":"ingest","logger":"airflow.task.operators.airflow.providers.standard.decorators.python._PythonDecoratedOperator","filename":"python.py","lineno":233}
{"timestamp":"2026-09-03T20:00:08.045800Z","level":"info","event":"::group::Post Execute","try_number":1,"ti_id":"01a068db-5f1d-7a02-ba71-f639b709d5eb","dag_id":"telecom_end_to_end_de7","run_id":"manual__2026-09-03T20:00:02.277995+00:00","map_index":-1,"task_id":"ingest","logger":"task","filename":"task_runner.py","lineno":1580}
{"timestamp":"2026-09-03T20:00:08.046017Z","level":"info","event":"Pushing xcom","ti":"RuntimeTaskInstance(id=UUID('01a068db-5f1d-7a02-ba71-f639b709d5eb'), task_id='ingest', dag_id='telecom_end_to_end_de7', run_id='manual__2026-09-03T20:00:02.277995+00:00', try_number=1, dag_version_id=UUID('01a065ab-babd-7914-92b3-91f11a4f26fd'), map_index=-1, hostname='C8LAP1542.prodapt.com', context_carrier={'traceparent': '00-bae0f9a5df7fe90c9834afecfec783ca-cbf0fbc0c0040316-00'}, queue='default', task=<Task(_PythonDecoratedOperator): ingest>, bundle_instance=LocalDagBundle(name=dags-folder), max_tries=0, start_date=datetime.datetime(2026, 9, 3, 20, 0, 6, 972861, tzinfo=datetime.timezone.utc), end_date=None, state=<TaskInstanceState.RUNNING: 'running'>, is_mapped=False, rendered_map_index=None, sentry_integration='')","try_number":1,"ti_id":"01a068db-5f1d-7a02-ba71-f639b709d5eb","dag_id":"telecom_end_to_end_de7","run_id":"manual__2026-09-03T20:00:02.277995+00:00","map_index":-1,"task_id":"ingest","logger":"task","filename":"task_runner.py","lineno":2280}
{"timestamp":"2026-09-03T20:00:08.154952Z","level":"info","event":"Task instance in success state","logger":"task.stdout"}
{"timestamp":"2026-09-03T20:00:08.157552Z","level":"info","event":" Previous state of the Task instance: TaskInstanceState.RUNNING","logger":"task.stdout"}
{"timestamp":"2026-09-03T20:00:08.159338Z","level":"info","event":"Task operator:<Task(_PythonDecoratedOperator): ingest>","logger":"task.stdout"}
{"timestamp":"2026-09-03T20:00:08.155264Z","level":"info","event":"::endgroup::","try_number":1,"ti_id":"01a068db-5f1d-7a02-ba71-f639b709d5eb","dag_id":"telecom_end_to_end_de7","run_id":"manual__2026-09-03T20:00:02.277995+00:00","map_index":-1,"task_id":"ingest","logger":"task","filename":"task_runner.py","lineno":2379}
