{"timestamp":"2026-09-03T08:16:34.515740Z","level":"info","event":"::group::Pre Execute","logger":"task","filename":"task_runner.py","lineno":2412}
{"timestamp":"2026-09-03T08:16:35.402370Z","level":"info","event":"DAG bundles loaded: dags-folder, example_dags, apache-airflow-providers-common-sql-example-dags, apache-airflow-providers-standard-example-dags","run_id":"manual__2026-09-03T08:12:16.906558+00:00","task_id":"load_warehouse","try_number":1,"ti_id":"01a06653-66cf-7214-a92f-fad3d30b3549","map_index":-1,"dag_id":"telecom_end_to_end_de7","logger":"airflow.dag_processing.bundles.manager.DagBundlesManager","filename":"manager.py","lineno":304}
{"timestamp":"2026-09-03T08:16:35.408738Z","level":"info","event":"Filling up the DagBag from /mnt/d/capstone1/airflow/dags/telecom_end_to_end_de7.py","run_id":"manual__2026-09-03T08:12:16.906558+00:00","task_id":"load_warehouse","try_number":1,"ti_id":"01a06653-66cf-7214-a92f-fad3d30b3549","map_index":-1,"dag_id":"telecom_end_to_end_de7","logger":"airflow.dag_processing.dagbag.BundleDagBag","filename":"dagbag.py","lineno":460}
{"timestamp":"2026-09-03T08:16:38.109911Z","level":"info","event":"Worker startup parse complete","bundle_name":"dags-folder","bundle_version":null,"dag_file":"telecom_end_to_end_de7.py","dag_id":"telecom_end_to_end_de7","bundle_prepare_ms":18,"dag_file_parse_ms":2701,"run_id":"manual__2026-09-03T08:12:16.906558+00:00","task_id":"load_warehouse","try_number":1,"ti_id":"01a06653-66cf-7214-a92f-fad3d30b3549","map_index":-1,"logger":"task","filename":"task_runner.py","lineno":1073}
{"timestamp":"2026-09-03T08:16:38.243726Z","level":"info","event":"Task instance is in running state","logger":"task.stdout"}
{"timestamp":"2026-09-03T08:16:38.248799Z","level":"info","event":" Previous state of the Task instance: TaskInstanceState.QUEUED","logger":"task.stdout"}
{"timestamp":"2026-09-03T08:16:38.252819Z","level":"info","event":"Current task name:load_warehouse","logger":"task.stdout"}
{"timestamp":"2026-09-03T08:16:38.254999Z","level":"info","event":"Dag name:telecom_end_to_end_de7","logger":"task.stdout"}
{"timestamp":"2026-09-03T08:16:38.256620Z","level":"info","event":"======================================================================","logger":"task.stdout"}
{"timestamp":"2026-09-03T08:16:38.258193Z","level":"info","event":"TASK: LOAD WAREHOUSE","logger":"task.stdout"}
{"timestamp":"2026-09-03T08:16:38.259567Z","level":"info","event":"======================================================================","logger":"task.stdout"}
{"timestamp":"2026-09-03T08:16:38.244253Z","level":"info","event":"::endgroup::","run_id":"manual__2026-09-03T08:12:16.906558+00:00","task_id":"load_warehouse","try_number":1,"ti_id":"01a06653-66cf-7214-a92f-fad3d30b3549","map_index":-1,"dag_id":"telecom_end_to_end_de7","logger":"task","filename":"task_runner.py","lineno":2232}
{"timestamp":"2026-09-03T08:16:38.263540Z","level":"info","event":"Running warehouse loader:","logger":"task.stdout"}
{"timestamp":"2026-09-03T08:16:38.266229Z","level":"info","event":"/home/harikumarg/airflow_test/airflow_env/bin/python3 /mnt/d/capstone1/src/warehouse_loader.py --hourly /mnt/d/capstone1/data/processed/hourly_grid_summary_parquet --geojson /mnt/d/capstone1/data/reference/milano-grid.geojson","logger":"task.stdout"}
{"timestamp":"2026-09-03T08:16:39.046377Z","level":"error","event":"2026-09-03 08:16:39,045 | INFO | Connecting to MySQL warehouse","logger":"task.stderr"}
{"timestamp":"2026-09-03T08:16:39.271405Z","level":"error","event":"2026-09-03 08:16:39,271 | INFO | MySQL connection established","logger":"task.stderr"}
{"timestamp":"2026-09-03T08:16:39.273205Z","level":"error","event":"2026-09-03 08:16:39,271 | INFO | Starting Spark session","logger":"task.stderr"}
{"timestamp":"2026-09-03T08:16:39.630292Z","level":"error","event":"WARNING: Using incubator modules: jdk.incubator.vector","logger":"task.stderr"}
{"timestamp":"2026-09-03T08:16:40.977211Z","level":"error","event":"Using Spark's default log4j profile: org/apache/spark/log4j2-defaults.properties","logger":"task.stderr"}
{"timestamp":"2026-09-03T08:16:40.995851Z","level":"error","event":"26/09/03 08:16:40 WARN Utils: Your hostname, C8LAP1542, resolves to a loopback address: 127.0.1.1; using 10.255.255.254 instead (on interface lo)","logger":"task.stderr"}
{"timestamp":"2026-09-03T08:16:41.002131Z","level":"error","event":"26/09/03 08:16:41 WARN Utils: Set SPARK_LOCAL_IP if you need to bind to another address","logger":"task.stderr"}
{"timestamp":"2026-09-03T08:16:41.532189Z","level":"error","event":"26/09/03 08:16:41 WARN NativeCodeLoader: Unable to load native-hadoop library for your platform... using builtin-java classes where applicable","logger":"task.stderr"}
{"timestamp":"2026-09-03T08:16:41.708453Z","level":"error","event":"Using Spark's default log4j profile: org/apache/spark/log4j2-defaults.properties","logger":"task.stderr"}
{"timestamp":"2026-09-03T08:16:41.712042Z","level":"error","event":"Setting default log level to \"WARN\".","logger":"task.stderr"}
{"timestamp":"2026-09-03T08:16:41.714161Z","level":"error","event":"To adjust logging level use sc.setLogLevel(newLevel). For SparkR, use setLogLevel(newLevel).","logger":"task.stderr"}
{"timestamp":"2026-09-03T08:16:41.862451Z","level":"error","event":"/home/harikumarg/airflow_test/airflow_env/lib/python3.14/site-packages/pyspark/testing/utils.py:127: FutureWarning: PySpark does not yet fully support pandas >= 3.0.0. Some features may not work correctly. It is recommended to use pandas < 3.0.0 for now.","logger":"task.stderr"}
{"timestamp":"2026-09-03T08:16:41.864026Z","level":"error","event":"  require_minimum_pandas_version()","logger":"task.stderr"}
{"timestamp":"2026-09-03T08:16:45.693577Z","level":"error","event":"2026-09-03 08:16:45,693 | INFO | Spark session established","logger":"task.stderr"}
{"timestamp":"2026-09-03T08:16:45.695341Z","level":"error","event":"2026-09-03 08:16:45,693 | INFO | Creating warehouse tables","logger":"task.stderr"}
{"timestamp":"2026-09-03T08:16:45.898625Z","level":"error","event":"2026-09-03 08:16:45,898 | INFO | Warehouse tables ready","logger":"task.stderr"}
{"timestamp":"2026-09-03T08:16:45.899748Z","level":"error","event":"2026-09-03 08:16:45,898 | INFO | Loading static Milan grid reference","logger":"task.stderr"}
{"timestamp":"2026-09-03T08:16:46.073540Z","level":"error","event":"2026-09-03 08:16:46,073 | INFO | Grid dimension records: 10000","logger":"task.stderr"}
{"timestamp":"2026-09-03T08:16:54.089553Z","level":"error","event":"2026-09-03 08:16:54,089 | INFO | dim_grid populated successfully","logger":"task.stderr"}
{"timestamp":"2026-09-03T08:16:54.094985Z","level":"error","event":"2026-09-03 08:16:54,094 | INFO | Loading time dimension from Spark output","logger":"task.stderr"}
{"timestamp":"2026-09-03T08:16:59.042346Z","level":"error","event":"\r[Stage 1:>                                                          (0 + 4) / 4]\r\r                                                                                \r2026-09-03 08:16:59,042 | INFO | Distinct timestamps found: 168","logger":"task.stderr"}
{"timestamp":"2026-09-03T08:16:59.043993Z","level":"error","event":"/home/harikumarg/airflow_test/airflow_env/lib/python3.14/site-packages/pyspark/sql/pandas/conversion.py:298: FutureWarning: PySpark does not yet fully support pandas >= 3.0.0. Some features may not work correctly. It is recommended to use pandas < 3.0.0 for now.","logger":"task.stderr"}
{"timestamp":"2026-09-03T08:16:59.045855Z","level":"error","event":"  require_minimum_pandas_version()","logger":"task.stderr"}
{"timestamp":"2026-09-03T08:16:59.057779Z","level":"error","event":"/home/harikumarg/airflow_test/airflow_env/lib/python3.14/site-packages/pyspark/sql/pandas/conversion.py:348: UserWarning: toPandas attempted Arrow optimization because 'spark.sql.execution.arrow.pyspark.enabled' is set to true; however, failed by the reason below:","logger":"task.stderr"}
{"timestamp":"2026-09-03T08:16:59.059476Z","level":"error","event":"  [PACKAGE_NOT_INSTALLED] PyArrow >= 18.0.0 must be installed; however, it was not found.","logger":"task.stderr"}
{"timestamp":"2026-09-03T08:16:59.065259Z","level":"error","event":"Attempting non-optimization as 'spark.sql.execution.arrow.pyspark.fallback.enabled' is set to true.","logger":"task.stderr"}
{"timestamp":"2026-09-03T08:16:59.067082Z","level":"error","event":"  warn(msg)","logger":"task.stderr"}
{"timestamp":"2026-09-03T08:17:00.087777Z","level":"error","event":"/home/harikumarg/airflow_test/airflow_env/lib/python3.14/site-packages/pyspark/sql/pandas/types.py:778: FutureWarning: PySpark does not yet fully support pandas >= 3.0.0. Some features may not work correctly. It is recommended to use pandas < 3.0.0 for now.","logger":"task.stderr"}
{"timestamp":"2026-09-03T08:17:00.089195Z","level":"error","event":"  require_minimum_pandas_version()","logger":"task.stderr"}
{"timestamp":"2026-09-03T08:17:00.242647Z","level":"error","event":"2026-09-03 08:17:00,242 | INFO | dim_time populated successfully","logger":"task.stderr"}
{"timestamp":"2026-09-03T08:17:00.244298Z","level":"error","event":"2026-09-03 08:17:00,242 | INFO | Starting Spark fact loading","logger":"task.stderr"}
{"timestamp":"2026-09-03T08:17:00.986315Z","level":"error","event":"2026-09-03 08:17:00,986 | INFO | Hourly output schema:","logger":"task.stderr"}
{"timestamp":"2026-09-03T08:17:01.504527Z","level":"error","event":"2026-09-03 08:17:01,504 | INFO | hourly_grid_summary rows: 1679994","logger":"task.stderr"}
{"timestamp":"2026-09-03T08:17:02.641015Z","level":"error","event":"2026-09-03 08:17:02,640 | INFO | dim_grid rows read by Spark: 10000","logger":"task.stderr"}
{"timestamp":"2026-09-03T08:17:02.832428Z","level":"error","event":"2026-09-03 08:17:02,832 | INFO | dim_time rows read by Spark: 168","logger":"task.stderr"}
{"timestamp":"2026-09-03T08:17:04.106762Z","level":"error","event":"\r[Stage 26:>                                                         (0 + 4) / 4]\r\r                                                                                \r2026-09-03 08:17:04,106 | INFO | Rows matching dim_grid: 1679994 / 1679994","logger":"task.stderr"}
{"timestamp":"2026-09-03T08:17:05.319315Z","level":"error","event":"2026-09-03 08:17:05,318 | INFO | Rows matching dim_time: 1679994 / 1679994","logger":"task.stderr"}
{"timestamp":"2026-09-03T08:17:06.497061Z","level":"error","event":"\r[Stage 45:>                                                         (0 + 4) / 4]\r\r                                                                                \r2026-09-03 08:17:06,496 | INFO | Fact rows prepared: 1679994","logger":"task.stderr"}
{"timestamp":"2026-09-03T08:17:08.350923Z","level":"error","event":"\r[Stage 63:>                                                         (0 + 4) / 4]\r\r                                                                                \r2026-09-03 08:17:08,350 | INFO | Fact grain validation passed","logger":"task.stderr"}
{"timestamp":"2026-09-03T08:17:08.353295Z","level":"error","event":"2026-09-03 08:17:08,350 | INFO | Writing fact_network_activity","logger":"task.stderr"}
{"timestamp":"2026-09-03T08:21:25.587382Z","level":"error","event":"\r[Stage 73:>                                                         (0 + 4) / 4]\r\r[Stage 73:>   (0 + 4) / 4][Stage 75:>   (0 + 0) / 1][Stage 77:>   (0 + 0) / 1]\r\r                                                                                \r\r[Stage 79:>                                                         (0 + 4) / 4]\r\r[Stage 79:>                                                         (0 + 4) / 4]\r\r[Stage 79:>                                                         (0 + 4) / 4]\r\r[Stage 79:>                                                         (0 + 4) / 4]\r\r[Stage 79:>                                                         (0 + 4) / 4]\r\r[Stage 79:==============>                                           (1 + 3) / 4]\r\r[Stage 79:=============================>                            (2 + 2) / 4]\r\r[Stage 79:===========================================>              (3 + 1) / 4]\r\r                                                                                \r2026-09-03 08:21:25,586 | INFO | Fact data loaded successfully","logger":"task.stderr"}
{"timestamp":"2026-09-03T08:21:25.591235Z","level":"error","event":"2026-09-03 08:21:25,587 | INFO | Running warehouse validation","logger":"task.stderr"}
{"timestamp":"2026-09-03T08:21:28.987861Z","level":"error","event":"2026-09-03 08:21:28,987 | INFO | dim_grid count: 10000","logger":"task.stderr"}
{"timestamp":"2026-09-03T08:21:28.989555Z","level":"error","event":"2026-09-03 08:21:28,987 | INFO | dim_time count: 168","logger":"task.stderr"}
{"timestamp":"2026-09-03T08:21:29.010997Z","level":"error","event":"2026-09-03 08:21:28,987 | INFO | fact count: 1679994","logger":"task.stderr"}
{"timestamp":"2026-09-03T08:21:29.012758Z","level":"error","event":"2026-09-03 08:21:28,987 | INFO | Duplicate grid IDs: 0","logger":"task.stderr"}
{"timestamp":"2026-09-03T08:21:29.014396Z","level":"error","event":"2026-09-03 08:21:28,987 | INFO | Duplicate fact grains: 0","logger":"task.stderr"}
{"timestamp":"2026-09-03T08:21:29.015862Z","level":"error","event":"2026-09-03 08:21:28,987 | INFO | Warehouse validation passed","logger":"task.stderr"}
{"timestamp":"2026-09-03T08:21:29.017724Z","level":"error","event":"2026-09-03 08:21:28,987 | INFO | DE6 warehouse loading completed successfully","logger":"task.stderr"}
{"timestamp":"2026-09-03T08:21:29.018973Z","level":"error","event":"2026-09-03 08:21:28,988 | INFO | Closing warehouse resources","logger":"task.stderr"}
{"timestamp":"2026-09-03T08:21:29.236523Z","level":"error","event":"2026-09-03 08:21:29,236 | INFO | Spark session stopped","logger":"task.stderr"}
{"timestamp":"2026-09-03T08:21:29.247818Z","level":"error","event":"2026-09-03 08:21:29,247 | INFO | MySQL engine disposed","logger":"task.stderr"}
{"timestamp":"2026-09-03T08:21:29.250613Z","level":"error","event":"2026-09-03 08:21:29,247 | INFO | All warehouse resources closed","logger":"task.stderr"}
{"timestamp":"2026-09-03T08:21:29.252555Z","level":"error","event":"2026-09-03 08:21:29,251 | INFO | Closing down clientserver connection","logger":"task.stderr"}
{"timestamp":"2026-09-03T08:21:29.254158Z","level":"info","event":"root","logger":"task.stdout"}
{"timestamp":"2026-09-03T08:21:29.255189Z","level":"info","event":" |-- timestamp: timestamp (nullable = true)","logger":"task.stdout"}
{"timestamp":"2026-09-03T08:21:29.256231Z","level":"info","event":" |-- grid_id: string (nullable = true)","logger":"task.stdout"}
{"timestamp":"2026-09-03T08:21:29.257569Z","level":"info","event":" |-- sms_in: double (nullable = true)","logger":"task.stdout"}
{"timestamp":"2026-09-03T08:21:29.258962Z","level":"info","event":" |-- sms_out: double (nullable = true)","logger":"task.stdout"}
{"timestamp":"2026-09-03T08:21:29.260139Z","level":"info","event":" |-- call_in: double (nullable = true)","logger":"task.stdout"}
{"timestamp":"2026-09-03T08:21:29.261154Z","level":"info","event":" |-- call_out: double (nullable = true)","logger":"task.stdout"}
{"timestamp":"2026-09-03T08:21:29.262082Z","level":"info","event":" |-- internet_activity: double (nullable = true)","logger":"task.stdout"}
{"timestamp":"2026-09-03T08:21:29.262973Z","level":"info","event":" |-- total_sms: double (nullable = true)","logger":"task.stdout"}
{"timestamp":"2026-09-03T08:21:29.263957Z","level":"info","event":" |-- total_calls: double (nullable = true)","logger":"task.stdout"}
{"timestamp":"2026-09-03T08:21:29.264983Z","level":"info","event":" |-- total_activity: double (nullable = true)","logger":"task.stdout"}
{"timestamp":"2026-09-03T08:21:29.265884Z","level":"info","event":" |-- internet_share: double (nullable = true)","logger":"task.stdout"}
{"timestamp":"2026-09-03T08:21:29.267198Z","level":"info","event":" |-- date: date (nullable = true)","logger":"task.stdout"}
{"timestamp":"2026-09-03T08:21:29.268377Z","level":"info","event":"","logger":"task.stdout"}
{"timestamp":"2026-09-03T08:21:29.619692Z","level":"info","event":"Warehouse loading completed successfully.","logger":"task.stdout"}
{"timestamp":"2026-09-03T08:21:29.621231Z","level":"info","event":"Done. Returned value was: {'status': 'SUCCESS'}","run_id":"manual__2026-09-03T08:12:16.906558+00:00","task_id":"load_warehouse","try_number":1,"ti_id":"01a06653-66cf-7214-a92f-fad3d30b3549","map_index":-1,"dag_id":"telecom_end_to_end_de7","logger":"airflow.task.operators.airflow.providers.standard.decorators.python._PythonDecoratedOperator","filename":"python.py","lineno":233}
{"timestamp":"2026-09-03T08:21:29.622638Z","level":"info","event":"::group::Post Execute","run_id":"manual__2026-09-03T08:12:16.906558+00:00","task_id":"load_warehouse","try_number":1,"ti_id":"01a06653-66cf-7214-a92f-fad3d30b3549","map_index":-1,"dag_id":"telecom_end_to_end_de7","logger":"task","filename":"task_runner.py","lineno":1580}
{"timestamp":"2026-09-03T08:21:29.623631Z","level":"info","event":"Pushing xcom","ti":"RuntimeTaskInstance(id=UUID('01a06653-66cf-7214-a92f-fad3d30b3549'), task_id='load_warehouse', dag_id='telecom_end_to_end_de7', run_id='manual__2026-09-03T08:12:16.906558+00:00', try_number=1, dag_version_id=UUID('01a065ab-babd-7914-92b3-91f11a4f26fd'), map_index=-1, hostname='C8LAP1542.prodapt.com', context_carrier={'traceparent': '00-73116c12abfcf57808090bf058b30ca8-50b9dd6cbdaef885-00'}, queue='default', task=<Task(_PythonDecoratedOperator): load_warehouse>, bundle_instance=LocalDagBundle(name=dags-folder), max_tries=0, start_date=datetime.datetime(2026, 9, 3, 8, 16, 34, 437938, tzinfo=datetime.timezone.utc), end_date=None, state=<TaskInstanceState.RUNNING: 'running'>, is_mapped=False, rendered_map_index=None, sentry_integration='')","run_id":"manual__2026-09-03T08:12:16.906558+00:00","task_id":"load_warehouse","try_number":1,"ti_id":"01a06653-66cf-7214-a92f-fad3d30b3549","map_index":-1,"dag_id":"telecom_end_to_end_de7","logger":"task","filename":"task_runner.py","lineno":2280}
{"timestamp":"2026-09-03T08:21:29.694036Z","level":"info","event":"Task instance in success state","logger":"task.stdout"}
{"timestamp":"2026-09-03T08:21:29.695614Z","level":"info","event":" Previous state of the Task instance: TaskInstanceState.RUNNING","logger":"task.stdout"}
{"timestamp":"2026-09-03T08:21:29.697105Z","level":"info","event":"Task operator:<Task(_PythonDecoratedOperator): load_warehouse>","logger":"task.stdout"}
{"timestamp":"2026-09-03T08:21:29.695284Z","level":"info","event":"::endgroup::","run_id":"manual__2026-09-03T08:12:16.906558+00:00","task_id":"load_warehouse","try_number":1,"ti_id":"01a06653-66cf-7214-a92f-fad3d30b3549","map_index":-1,"dag_id":"telecom_end_to_end_de7","logger":"task","filename":"task_runner.py","lineno":2379}
