{"timestamp":"2026-09-03T20:32:07.059810Z","level":"info","event":"::group::Pre Execute","logger":"task","filename":"task_runner.py","lineno":2412}
{"timestamp":"2026-09-03T20:32:07.245100Z","level":"info","event":"DAG bundles loaded: dags-folder, example_dags, apache-airflow-providers-common-sql-example-dags, apache-airflow-providers-standard-example-dags","ti_id":"01a068f3-25f2-78cc-aaf2-e09169945997","dag_id":"telecom_end_to_end_de7","task_id":"quality_check","try_number":1,"run_id":"manual__2026-09-03T20:00:02.277995+00:00","map_index":-1,"logger":"airflow.dag_processing.bundles.manager.DagBundlesManager","filename":"manager.py","lineno":304}
{"timestamp":"2026-09-03T20:32:07.249548Z","level":"info","event":"Filling up the DagBag from /mnt/d/capstone1/airflow/dags/telecom_end_to_end_de7.py","ti_id":"01a068f3-25f2-78cc-aaf2-e09169945997","dag_id":"telecom_end_to_end_de7","task_id":"quality_check","try_number":1,"run_id":"manual__2026-09-03T20:00:02.277995+00:00","map_index":-1,"logger":"airflow.dag_processing.dagbag.BundleDagBag","filename":"dagbag.py","lineno":460}
{"timestamp":"2026-09-03T20:32:07.705192Z","level":"info","event":"Worker startup parse complete","bundle_name":"dags-folder","bundle_version":null,"dag_file":"telecom_end_to_end_de7.py","dag_id":"telecom_end_to_end_de7","bundle_prepare_ms":5,"dag_file_parse_ms":455,"ti_id":"01a068f3-25f2-78cc-aaf2-e09169945997","task_id":"quality_check","try_number":1,"run_id":"manual__2026-09-03T20:00:02.277995+00:00","map_index":-1,"logger":"task","filename":"task_runner.py","lineno":1073}
{"timestamp":"2026-09-03T20:32:07.783719Z","level":"info","event":"Task instance is in running state","logger":"task.stdout"}
{"timestamp":"2026-09-03T20:32:07.785652Z","level":"info","event":" Previous state of the Task instance: TaskInstanceState.QUEUED","logger":"task.stdout"}
{"timestamp":"2026-09-03T20:32:07.786937Z","level":"info","event":"Current task name:quality_check","logger":"task.stdout"}
{"timestamp":"2026-09-03T20:32:07.788371Z","level":"info","event":"Dag name:telecom_end_to_end_de7","logger":"task.stdout"}
{"timestamp":"2026-09-03T20:32:07.789286Z","level":"info","event":"======================================================================","logger":"task.stdout"}
{"timestamp":"2026-09-03T20:32:07.790159Z","level":"info","event":"TASK: QUALITY CHECK","logger":"task.stdout"}
{"timestamp":"2026-09-03T20:32:07.790957Z","level":"info","event":"======================================================================","logger":"task.stdout"}
{"timestamp":"2026-09-03T20:32:07.784050Z","level":"info","event":"::endgroup::","ti_id":"01a068f3-25f2-78cc-aaf2-e09169945997","dag_id":"telecom_end_to_end_de7","task_id":"quality_check","try_number":1,"run_id":"manual__2026-09-03T20:00:02.277995+00:00","map_index":-1,"logger":"task","filename":"task_runner.py","lineno":2232}
{"timestamp":"2026-09-03T20:32:08.033580Z","level":"error","event":"WARNING: Using incubator modules: jdk.incubator.vector","logger":"task.stderr"}
{"timestamp":"2026-09-03T20:32:08.876012Z","level":"error","event":"Using Spark's default log4j profile: org/apache/spark/log4j2-defaults.properties","logger":"task.stderr"}
{"timestamp":"2026-09-03T20:32:08.887570Z","level":"error","event":"26/09/03 20:32:08 WARN Utils: Your hostname, C8LAP1542, resolves to a loopback address: 127.0.1.1; using 10.255.255.254 instead (on interface lo)","logger":"task.stderr"}
{"timestamp":"2026-09-03T20:32:08.890626Z","level":"error","event":"26/09/03 20:32:08 WARN Utils: Set SPARK_LOCAL_IP if you need to bind to another address","logger":"task.stderr"}
{"timestamp":"2026-09-03T20:32:09.235351Z","level":"error","event":"Using Spark's default log4j profile: org/apache/spark/log4j2-defaults.properties","logger":"task.stderr"}
{"timestamp":"2026-09-03T20:32:09.237182Z","level":"error","event":"Setting default log level to \"WARN\".","logger":"task.stderr"}
{"timestamp":"2026-09-03T20:32:09.238984Z","level":"error","event":"To adjust logging level use sc.setLogLevel(newLevel). For SparkR, use setLogLevel(newLevel).","logger":"task.stderr"}
{"timestamp":"2026-09-03T20:32:09.311277Z","level":"warning","event":"PySpark does not yet fully support pandas >= 3.0.0. Some features may not work correctly. It is recommended to use pandas < 3.0.0 for now.","category":"FutureWarning","filename":"/home/harikumarg/airflow_test/airflow_env/lib/python3.14/site-packages/pyspark/testing/utils.py","lineno":127,"ti_id":"01a068f3-25f2-78cc-aaf2-e09169945997","dag_id":"telecom_end_to_end_de7","task_id":"quality_check","try_number":1,"run_id":"manual__2026-09-03T20:00:02.277995+00:00","map_index":-1,"logger":"py.warnings"}
{"timestamp":"2026-09-03T20:32:09.441216Z","level":"error","event":"26/09/03 20:32:09 WARN NativeCodeLoader: Unable to load native-hadoop library for your platform... using builtin-java classes where applicable","logger":"task.stderr"}
{"timestamp":"2026-09-03T20:32:18.564226Z","level":"info","event":"Could not get status for task ingest: 'NoneType' object has no attribute 'get'","logger":"task.stdout"}
{"timestamp":"2026-09-03T20:32:18.569027Z","level":"info","event":"Could not get status for task validate: 'NoneType' object has no attribute 'get'","logger":"task.stdout"}
{"timestamp":"2026-09-03T20:32:18.572743Z","level":"info","event":"Could not get status for task route: 'NoneType' object has no attribute 'get'","logger":"task.stdout"}
{"timestamp":"2026-09-03T20:32:18.598052Z","level":"info","event":"Machine-readable pipeline status written successfully.","logger":"task.stdout"}
{"timestamp":"2026-09-03T20:32:18.599895Z","level":"info","event":"Status file:","logger":"task.stdout"}
{"timestamp":"2026-09-03T20:32:18.601559Z","level":"info","event":"/mnt/d/capstone1/data/pipeline_status/latest_status.json","logger":"task.stdout"}
{"timestamp":"2026-09-03T20:32:18.603214Z","level":"info","event":"{","logger":"task.stdout"}
{"timestamp":"2026-09-03T20:32:18.604768Z","level":"info","event":"    \"run_id\": \"manual__2026-09-03T20:00:02.277995+00:00\",","logger":"task.stdout"}
{"timestamp":"2026-09-03T20:32:18.606674Z","level":"info","event":"    \"timestamp\": \"2026-09-03T20:32:18.564120\",","logger":"task.stdout"}
{"timestamp":"2026-09-03T20:32:18.608584Z","level":"info","event":"    \"status\": \"SUCCESS\",","logger":"task.stdout"}
{"timestamp":"2026-09-03T20:32:18.609524Z","level":"info","event":"    \"tasks\": {","logger":"task.stdout"}
{"timestamp":"2026-09-03T20:32:18.610661Z","level":"info","event":"        \"ingest\": \"UNKNOWN\",","logger":"task.stdout"}
{"timestamp":"2026-09-03T20:32:18.611929Z","level":"info","event":"        \"validate\": \"UNKNOWN\",","logger":"task.stdout"}
{"timestamp":"2026-09-03T20:32:18.613525Z","level":"info","event":"        \"route\": \"UNKNOWN\",","logger":"task.stdout"}
{"timestamp":"2026-09-03T20:32:18.614751Z","level":"info","event":"        \"spark_process\": \"SUCCESS\",","logger":"task.stdout"}
{"timestamp":"2026-09-03T20:32:18.615895Z","level":"info","event":"        \"load_warehouse\": \"SUCCESS\",","logger":"task.stdout"}
{"timestamp":"2026-09-03T20:32:18.617473Z","level":"info","event":"        \"quality_check\": \"SUCCESS\"","logger":"task.stdout"}
{"timestamp":"2026-09-03T20:32:18.618432Z","level":"info","event":"    },","logger":"task.stdout"}
{"timestamp":"2026-09-03T20:32:18.619591Z","level":"info","event":"    \"rows_in\": 15089165,","logger":"task.stdout"}
{"timestamp":"2026-09-03T20:32:18.621140Z","level":"info","event":"    \"rows_rejected\": 0,","logger":"task.stdout"}
{"timestamp":"2026-09-03T20:32:18.622660Z","level":"info","event":"    \"nulls_handled\": null,","logger":"task.stdout"}
{"timestamp":"2026-09-03T20:32:18.624211Z","level":"info","event":"    \"rows_published\": 1679994,","logger":"task.stdout"}
{"timestamp":"2026-09-03T20:32:18.625667Z","level":"info","event":"    \"current_as_of\": \"2013-11-07 23:00:00\",","logger":"task.stdout"}
{"timestamp":"2026-09-03T20:32:18.627425Z","level":"info","event":"    \"freshness\": {","logger":"task.stdout"}
{"timestamp":"2026-09-03T20:32:18.628954Z","level":"info","event":"        \"latest_data_timestamp\": \"2013-11-07 23:00:00\",","logger":"task.stdout"}
{"timestamp":"2026-09-03T20:32:18.631738Z","level":"info","event":"        \"age_hours\": 112389.53849001529,","logger":"task.stdout"}
{"timestamp":"2026-09-03T20:32:18.633217Z","level":"info","event":"        \"indicator\": \"STALE\"","logger":"task.stdout"}
{"timestamp":"2026-09-03T20:32:18.635556Z","level":"info","event":"    },","logger":"task.stdout"}
{"timestamp":"2026-09-03T20:32:18.636996Z","level":"info","event":"    \"healthy\": true,","logger":"task.stdout"}
{"timestamp":"2026-09-03T20:32:18.638728Z","level":"info","event":"    \"reasons\": []","logger":"task.stdout"}
{"timestamp":"2026-09-03T20:32:18.640380Z","level":"info","event":"}","logger":"task.stdout"}
{"timestamp":"2026-09-03T20:32:18.608171Z","level":"info","event":"Done. Returned value was: {'run_id': 'manual__2026-09-03T20:00:02.277995+00:00', 'timestamp': '2026-09-03T20:32:18.564120', 'status': 'SUCCESS', 'tasks': {'ingest': 'UNKNOWN', 'validate': 'UNKNOWN', 'route': 'UNKNOWN', 'spark_process': 'SUCCESS', 'load_warehouse': 'SUCCESS', 'quality_check': 'SUCCESS'}, 'rows_in': 15089165, 'rows_rejected': 0, 'nulls_handled': None, 'rows_published': 1679994, 'current_as_of': datetime.datetime(2013, 11, 7, 23, 0), 'freshness': {'latest_data_timestamp': datetime.datetime(2013, 11, 7, 23, 0), 'age_hours': 112389.53849001529, 'indicator': 'STALE'}, 'healthy': True, 'reasons': []}","ti_id":"01a068f3-25f2-78cc-aaf2-e09169945997","dag_id":"telecom_end_to_end_de7","task_id":"quality_check","try_number":1,"run_id":"manual__2026-09-03T20:00:02.277995+00:00","map_index":-1,"logger":"airflow.task.operators.airflow.providers.standard.decorators.python._PythonDecoratedOperator","filename":"python.py","lineno":233}
{"timestamp":"2026-09-03T20:32:18.608702Z","level":"info","event":"::group::Post Execute","ti_id":"01a068f3-25f2-78cc-aaf2-e09169945997","dag_id":"telecom_end_to_end_de7","task_id":"quality_check","try_number":1,"run_id":"manual__2026-09-03T20:00:02.277995+00:00","map_index":-1,"logger":"task","filename":"task_runner.py","lineno":1580}
{"timestamp":"2026-09-03T20:32:18.609053Z","level":"info","event":"Pushing xcom","ti":"RuntimeTaskInstance(id=UUID('01a068f3-25f2-78cc-aaf2-e09169945997'), task_id='quality_check', dag_id='telecom_end_to_end_de7', run_id='manual__2026-09-03T20:00:02.277995+00:00', try_number=1, dag_version_id=UUID('01a065ab-babd-7914-92b3-91f11a4f26fd'), map_index=-1, hostname='C8LAP1542.prodapt.com', context_carrier={'traceparent': '00-c7027760dc5aa62bd7f89e23ac6ac92c-f6f7460c3b7b43d9-00'}, queue='default', task=<Task(_PythonDecoratedOperator): quality_check>, bundle_instance=LocalDagBundle(name=dags-folder), max_tries=0, start_date=datetime.datetime(2026, 9, 3, 20, 32, 7, 116545, tzinfo=datetime.timezone.utc), end_date=None, state=<TaskInstanceState.RUNNING: 'running'>, is_mapped=False, rendered_map_index=None, sentry_integration='')","ti_id":"01a068f3-25f2-78cc-aaf2-e09169945997","dag_id":"telecom_end_to_end_de7","task_id":"quality_check","try_number":1,"run_id":"manual__2026-09-03T20:00:02.277995+00:00","map_index":-1,"logger":"task","filename":"task_runner.py","lineno":2280}
{"timestamp":"2026-09-03T20:32:18.736019Z","level":"info","event":"Task instance in success state","logger":"task.stdout"}
{"timestamp":"2026-09-03T20:32:18.738907Z","level":"info","event":" Previous state of the Task instance: TaskInstanceState.RUNNING","logger":"task.stdout"}
{"timestamp":"2026-09-03T20:32:18.740718Z","level":"info","event":"Task operator:<Task(_PythonDecoratedOperator): quality_check>","logger":"task.stdout"}
{"timestamp":"2026-09-03T20:32:18.736500Z","level":"info","event":"::endgroup::","ti_id":"01a068f3-25f2-78cc-aaf2-e09169945997","dag_id":"telecom_end_to_end_de7","task_id":"quality_check","try_number":1,"run_id":"manual__2026-09-03T20:00:02.277995+00:00","map_index":-1,"logger":"task","filename":"task_runner.py","lineno":2379}
{"timestamp":"2026-09-03T20:32:19.118301Z","level":"error","event":"\r[Stage 1:=================================================>       (14 + 2) / 16]\r\r                                                                                \r\r[Stage 4:>                                                        (0 + 14) / 16]\r\r[Stage 4:=================================================>       (14 + 2) / 16]","logger":"task.stderr"}
