{"timestamp":"2026-09-03T06:18:16.267765Z","level":"info","event":"::group::Pre Execute","logger":"task","filename":"task_runner.py","lineno":2412}
{"timestamp":"2026-09-03T06:18:16.450272Z","level":"info","event":"DAG bundles loaded: dags-folder, example_dags, apache-airflow-providers-common-sql-example-dags, apache-airflow-providers-standard-example-dags","map_index":-1,"dag_id":"telecom_end_to_end_de7","try_number":1,"task_id":"ingest","ti_id":"01a065ea-fd94-7998-9bfb-3ea2fe7aad9f","run_id":"manual__2026-09-03T06:18:14.238293+00:00","logger":"airflow.dag_processing.bundles.manager.DagBundlesManager","filename":"manager.py","lineno":304}
{"timestamp":"2026-09-03T06:18:16.460093Z","level":"info","event":"Filling up the DagBag from /mnt/d/capstone1/airflow/dags/telecom_end_to_end_de7.py","map_index":-1,"dag_id":"telecom_end_to_end_de7","try_number":1,"task_id":"ingest","ti_id":"01a065ea-fd94-7998-9bfb-3ea2fe7aad9f","run_id":"manual__2026-09-03T06:18:14.238293+00:00","logger":"airflow.dag_processing.dagbag.BundleDagBag","filename":"dagbag.py","lineno":460}
{"timestamp":"2026-09-03T06:18:17.231284Z","level":"info","event":"Worker startup parse complete","bundle_name":"dags-folder","bundle_version":null,"dag_file":"telecom_end_to_end_de7.py","dag_id":"telecom_end_to_end_de7","bundle_prepare_ms":12,"dag_file_parse_ms":771,"map_index":-1,"try_number":1,"task_id":"ingest","ti_id":"01a065ea-fd94-7998-9bfb-3ea2fe7aad9f","run_id":"manual__2026-09-03T06:18:14.238293+00:00","logger":"task","filename":"task_runner.py","lineno":1073}
{"timestamp":"2026-09-03T06:18:17.264969Z","level":"info","event":"Task instance is in running state","logger":"task.stdout"}
{"timestamp":"2026-09-03T06:18:17.266747Z","level":"info","event":" Previous state of the Task instance: TaskInstanceState.QUEUED","logger":"task.stdout"}
{"timestamp":"2026-09-03T06:18:17.268349Z","level":"info","event":"Current task name:ingest","logger":"task.stdout"}
{"timestamp":"2026-09-03T06:18:17.269376Z","level":"info","event":"Dag name:telecom_end_to_end_de7","logger":"task.stdout"}
{"timestamp":"2026-09-03T06:18:17.270731Z","level":"info","event":"======================================================================","logger":"task.stdout"}
{"timestamp":"2026-09-03T06:18:17.271583Z","level":"info","event":"TASK: INGEST","logger":"task.stdout"}
{"timestamp":"2026-09-03T06:18:17.272359Z","level":"info","event":"======================================================================","logger":"task.stdout"}
{"timestamp":"2026-09-03T06:18:17.265466Z","level":"info","event":"::endgroup::","map_index":-1,"dag_id":"telecom_end_to_end_de7","try_number":1,"task_id":"ingest","ti_id":"01a065ea-fd94-7998-9bfb-3ea2fe7aad9f","run_id":"manual__2026-09-03T06:18:14.238293+00:00","logger":"task","filename":"task_runner.py","lineno":2232}
{"timestamp":"2026-09-03T06:18:17.285109Z","level":"info","event":"Detected 7 candidate file(s).","logger":"task.stdout"}
{"timestamp":"2026-09-03T06:18:17.286490Z","level":"info","event":"  - sms-call-internet-mi-2013-11-01.csv","logger":"task.stdout"}
{"timestamp":"2026-09-03T06:18:17.287544Z","level":"info","event":"  - sms-call-internet-mi-2013-11-02.csv","logger":"task.stdout"}
{"timestamp":"2026-09-03T06:18:17.288193Z","level":"info","event":"  - sms-call-internet-mi-2013-11-03.csv","logger":"task.stdout"}
{"timestamp":"2026-09-03T06:18:17.289048Z","level":"info","event":"  - sms-call-internet-mi-2013-11-04.csv","logger":"task.stdout"}
{"timestamp":"2026-09-03T06:18:17.289866Z","level":"info","event":"  - sms-call-internet-mi-2013-11-05.csv","logger":"task.stdout"}
{"timestamp":"2026-09-03T06:18:17.291135Z","level":"info","event":"  - sms-call-internet-mi-2013-11-06.csv","logger":"task.stdout"}
{"timestamp":"2026-09-03T06:18:17.292472Z","level":"info","event":"  - sms-call-internet-mi-2013-11-07.csv","logger":"task.stdout"}
{"timestamp":"2026-09-03T06:18:17.294031Z","level":"info","event":"Detected 7 files.","logger":"task.stdout"}
{"timestamp":"2026-09-03T06:18:17.295499Z","level":"info","event":"Detected file: /mnt/d/capstone1/data/landing/sms-call-internet-mi-2013-11-01.csv","logger":"task.stdout"}
{"timestamp":"2026-09-03T06:18:17.296682Z","level":"info","event":"Detected file: /mnt/d/capstone1/data/landing/sms-call-internet-mi-2013-11-02.csv","logger":"task.stdout"}
{"timestamp":"2026-09-03T06:18:17.297465Z","level":"info","event":"Detected file: /mnt/d/capstone1/data/landing/sms-call-internet-mi-2013-11-03.csv","logger":"task.stdout"}
{"timestamp":"2026-09-03T06:18:17.298400Z","level":"info","event":"Detected file: /mnt/d/capstone1/data/landing/sms-call-internet-mi-2013-11-04.csv","logger":"task.stdout"}
{"timestamp":"2026-09-03T06:18:17.299039Z","level":"info","event":"Detected file: /mnt/d/capstone1/data/landing/sms-call-internet-mi-2013-11-05.csv","logger":"task.stdout"}
{"timestamp":"2026-09-03T06:18:17.299969Z","level":"info","event":"Detected file: /mnt/d/capstone1/data/landing/sms-call-internet-mi-2013-11-06.csv","logger":"task.stdout"}
{"timestamp":"2026-09-03T06:18:17.301215Z","level":"info","event":"Detected file: /mnt/d/capstone1/data/landing/sms-call-internet-mi-2013-11-07.csv","logger":"task.stdout"}
{"timestamp":"2026-09-03T06:18:17.285176Z","level":"info","event":"Done. Returned value was: ['/mnt/d/capstone1/data/landing/sms-call-internet-mi-2013-11-01.csv', '/mnt/d/capstone1/data/landing/sms-call-internet-mi-2013-11-02.csv', '/mnt/d/capstone1/data/landing/sms-call-internet-mi-2013-11-03.csv', '/mnt/d/capstone1/data/landing/sms-call-internet-mi-2013-11-04.csv', '/mnt/d/capstone1/data/landing/sms-call-internet-mi-2013-11-05.csv', '/mnt/d/capstone1/data/landing/sms-call-internet-mi-2013-11-06.csv', '/mnt/d/capstone1/data/landing/sms-call-internet-mi-2013-11-07.csv']","map_index":-1,"dag_id":"telecom_end_to_end_de7","try_number":1,"task_id":"ingest","ti_id":"01a065ea-fd94-7998-9bfb-3ea2fe7aad9f","run_id":"manual__2026-09-03T06:18:14.238293+00:00","logger":"airflow.task.operators.airflow.providers.standard.decorators.python._PythonDecoratedOperator","filename":"python.py","lineno":233}
{"timestamp":"2026-09-03T06:18:17.285894Z","level":"info","event":"::group::Post Execute","map_index":-1,"dag_id":"telecom_end_to_end_de7","try_number":1,"task_id":"ingest","ti_id":"01a065ea-fd94-7998-9bfb-3ea2fe7aad9f","run_id":"manual__2026-09-03T06:18:14.238293+00:00","logger":"task","filename":"task_runner.py","lineno":1580}
{"timestamp":"2026-09-03T06:18:17.286176Z","level":"info","event":"Pushing xcom","ti":"RuntimeTaskInstance(id=UUID('01a065ea-fd94-7998-9bfb-3ea2fe7aad9f'), task_id='ingest', dag_id='telecom_end_to_end_de7', run_id='manual__2026-09-03T06:18:14.238293+00:00', try_number=1, dag_version_id=UUID('01a065ab-babd-7914-92b3-91f11a4f26fd'), map_index=-1, hostname='C8LAP1542.prodapt.com', context_carrier={'traceparent': '00-53d9c06a289c2d959352584e29df62e1-e6231e55b4c64eca-00'}, queue='default', task=<Task(_PythonDecoratedOperator): ingest>, bundle_instance=LocalDagBundle(name=dags-folder), max_tries=0, start_date=datetime.datetime(2026, 9, 3, 6, 18, 16, 312872, tzinfo=datetime.timezone.utc), end_date=None, state=<TaskInstanceState.RUNNING: 'running'>, is_mapped=False, rendered_map_index=None, sentry_integration='')","map_index":-1,"dag_id":"telecom_end_to_end_de7","try_number":1,"task_id":"ingest","ti_id":"01a065ea-fd94-7998-9bfb-3ea2fe7aad9f","run_id":"manual__2026-09-03T06:18:14.238293+00:00","logger":"task","filename":"task_runner.py","lineno":2280}
{"timestamp":"2026-09-03T06:18:17.396011Z","level":"info","event":"Task instance in success state","logger":"task.stdout"}
{"timestamp":"2026-09-03T06:18:17.398149Z","level":"info","event":" Previous state of the Task instance: TaskInstanceState.RUNNING","logger":"task.stdout"}
{"timestamp":"2026-09-03T06:18:17.399885Z","level":"info","event":"Task operator:<Task(_PythonDecoratedOperator): ingest>","logger":"task.stdout"}
{"timestamp":"2026-09-03T06:18:17.396340Z","level":"info","event":"::endgroup::","map_index":-1,"dag_id":"telecom_end_to_end_de7","try_number":1,"task_id":"ingest","ti_id":"01a065ea-fd94-7998-9bfb-3ea2fe7aad9f","run_id":"manual__2026-09-03T06:18:14.238293+00:00","logger":"task","filename":"task_runner.py","lineno":2379}
