{"timestamp":"2026-09-03T08:46:32.860925Z","level":"info","event":"::group::Pre Execute","logger":"task","filename":"task_runner.py","lineno":2412}
{"timestamp":"2026-09-03T08:46:33.025915Z","level":"info","event":"DAG bundles loaded: dags-folder, example_dags, apache-airflow-providers-common-sql-example-dags, apache-airflow-providers-standard-example-dags","dag_id":"telecom_end_to_end_de7","task_id":"route","map_index":-1,"run_id":"manual__2026-09-03T08:46:02.637037+00:00","try_number":1,"ti_id":"01a06672-5009-7187-912b-ac4b541a82ca","logger":"airflow.dag_processing.bundles.manager.DagBundlesManager","filename":"manager.py","lineno":304}
{"timestamp":"2026-09-03T08:46:33.036222Z","level":"info","event":"Filling up the DagBag from /mnt/d/capstone1/airflow/dags/telecom_end_to_end_de7.py","dag_id":"telecom_end_to_end_de7","task_id":"route","map_index":-1,"run_id":"manual__2026-09-03T08:46:02.637037+00:00","try_number":1,"ti_id":"01a06672-5009-7187-912b-ac4b541a82ca","logger":"airflow.dag_processing.dagbag.BundleDagBag","filename":"dagbag.py","lineno":460}
{"timestamp":"2026-09-03T08:46:33.513460Z","level":"info","event":"Worker startup parse complete","bundle_name":"dags-folder","bundle_version":null,"dag_file":"telecom_end_to_end_de7.py","dag_id":"telecom_end_to_end_de7","bundle_prepare_ms":10,"dag_file_parse_ms":477,"task_id":"route","map_index":-1,"run_id":"manual__2026-09-03T08:46:02.637037+00:00","try_number":1,"ti_id":"01a06672-5009-7187-912b-ac4b541a82ca","logger":"task","filename":"task_runner.py","lineno":1073}
{"timestamp":"2026-09-03T08:46:33.616721Z","level":"info","event":"Task instance is in running state","logger":"task.stdout"}
{"timestamp":"2026-09-03T08:46:33.619093Z","level":"info","event":" Previous state of the Task instance: TaskInstanceState.QUEUED","logger":"task.stdout"}
{"timestamp":"2026-09-03T08:46:33.622449Z","level":"info","event":"Current task name:route","logger":"task.stdout"}
{"timestamp":"2026-09-03T08:46:33.624067Z","level":"info","event":"Dag name:telecom_end_to_end_de7","logger":"task.stdout"}
{"timestamp":"2026-09-03T08:46:33.625951Z","level":"info","event":"======================================================================","logger":"task.stdout"}
{"timestamp":"2026-09-03T08:46:33.627649Z","level":"info","event":"TASK: ROUTE","logger":"task.stdout"}
{"timestamp":"2026-09-03T08:46:33.629909Z","level":"info","event":"======================================================================","logger":"task.stdout"}
{"timestamp":"2026-09-03T08:46:33.617377Z","level":"info","event":"::endgroup::","dag_id":"telecom_end_to_end_de7","task_id":"route","map_index":-1,"run_id":"manual__2026-09-03T08:46:02.637037+00:00","try_number":1,"ti_id":"01a06672-5009-7187-912b-ac4b541a82ca","logger":"task","filename":"task_runner.py","lineno":2232}
{"timestamp":"2026-09-03T08:46:36.479261Z","level":"info","event":"sms-call-internet-mi-2013-11-01.csv -> ACCEPTED: /mnt/d/capstone1/data/raw/sms-call-internet-mi-2013-11-01.csv","logger":"task.stdout"}
{"timestamp":"2026-09-03T08:46:39.472593Z","level":"info","event":"sms-call-internet-mi-2013-11-02.csv -> ACCEPTED: /mnt/d/capstone1/data/raw/sms-call-internet-mi-2013-11-02.csv","logger":"task.stdout"}
{"timestamp":"2026-09-03T08:46:42.133407Z","level":"info","event":"sms-call-internet-mi-2013-11-03.csv -> ACCEPTED: /mnt/d/capstone1/data/raw/sms-call-internet-mi-2013-11-03.csv","logger":"task.stdout"}
{"timestamp":"2026-09-03T08:46:45.497788Z","level":"info","event":"sms-call-internet-mi-2013-11-04.csv -> ACCEPTED: /mnt/d/capstone1/data/raw/sms-call-internet-mi-2013-11-04.csv","logger":"task.stdout"}
{"timestamp":"2026-09-03T08:46:48.956707Z","level":"info","event":"sms-call-internet-mi-2013-11-05.csv -> ACCEPTED: /mnt/d/capstone1/data/raw/sms-call-internet-mi-2013-11-05.csv","logger":"task.stdout"}
{"timestamp":"2026-09-03T08:46:52.566807Z","level":"info","event":"sms-call-internet-mi-2013-11-06.csv -> ACCEPTED: /mnt/d/capstone1/data/raw/sms-call-internet-mi-2013-11-06.csv","logger":"task.stdout"}
{"timestamp":"2026-09-03T08:46:56.175484Z","level":"info","event":"sms-call-internet-mi-2013-11-07.csv -> ACCEPTED: /mnt/d/capstone1/data/raw/sms-call-internet-mi-2013-11-07.csv","logger":"task.stdout"}
{"timestamp":"2026-09-03T08:46:56.200304Z","level":"info","event":"Logged ingestion metadata for sms-call-internet-mi-2013-11-01.csv","logger":"task.stdout"}
{"timestamp":"2026-09-03T08:46:56.221823Z","level":"info","event":"Logged ingestion metadata for sms-call-internet-mi-2013-11-02.csv","logger":"task.stdout"}
{"timestamp":"2026-09-03T08:46:56.239696Z","level":"info","event":"Logged ingestion metadata for sms-call-internet-mi-2013-11-03.csv","logger":"task.stdout"}
{"timestamp":"2026-09-03T08:46:56.259102Z","level":"info","event":"Logged ingestion metadata for sms-call-internet-mi-2013-11-04.csv","logger":"task.stdout"}
{"timestamp":"2026-09-03T08:46:56.277993Z","level":"info","event":"Logged ingestion metadata for sms-call-internet-mi-2013-11-05.csv","logger":"task.stdout"}
{"timestamp":"2026-09-03T08:46:56.298135Z","level":"info","event":"Logged ingestion metadata for sms-call-internet-mi-2013-11-06.csv","logger":"task.stdout"}
{"timestamp":"2026-09-03T08:46:56.318165Z","level":"info","event":"Logged ingestion metadata for sms-call-internet-mi-2013-11-07.csv","logger":"task.stdout"}
{"timestamp":"2026-09-03T08:46:56.319081Z","level":"info","event":"Successfully routed 7 file(s).","logger":"task.stdout"}
{"timestamp":"2026-09-03T08:46:56.318231Z","level":"info","event":"Done. Returned value was: [{'filename': 'sms-call-internet-mi-2013-11-01.csv', 'status': 'ACCEPTED', 'destination': '/mnt/d/capstone1/data/raw/sms-call-internet-mi-2013-11-01.csv', 'reason': 'Non-numeric values found in smsin: 1086153', 'row_count': 1891928}, {'filename': 'sms-call-internet-mi-2013-11-02.csv', 'status': 'ACCEPTED', 'destination': '/mnt/d/capstone1/data/raw/sms-call-internet-mi-2013-11-02.csv', 'reason': 'Non-numeric values found in smsin: 1064004', 'row_count': 1847331}, {'filename': 'sms-call-internet-mi-2013-11-03.csv', 'status': 'ACCEPTED', 'destination': '/mnt/d/capstone1/data/raw/sms-call-internet-mi-2013-11-03.csv', 'reason': 'Non-numeric values found in smsin: 1045136', 'row_count': 1828063}, {'filename': 'sms-call-internet-mi-2013-11-04.csv', 'status': 'ACCEPTED', 'destination': '/mnt/d/capstone1/data/raw/sms-call-internet-mi-2013-11-04.csv', 'reason': 'Non-numeric values found in smsin: 1404456', 'row_count': 2299544}, {'filename': 'sms-call-internet-mi-2013-11-05.csv', 'status': 'ACCEPTED', 'destination': '/mnt/d/capstone1/data/raw/sms-call-internet-mi-2013-11-05.csv', 'reason': 'Non-numeric values found in smsin: 1477440', 'row_count': 2397759}, {'filename': 'sms-call-internet-mi-2013-11-06.csv', 'status': 'ACCEPTED', 'destination': '/mnt/d/capstone1/data/raw/sms-call-internet-mi-2013-11-06.csv', 'reason': 'Non-numeric values found in smsin: 1495711', 'row_count': 2417156}, {'filename': 'sms-call-internet-mi-2013-11-07.csv', 'status': 'ACCEPTED', 'destination': '/mnt/d/capstone1/data/raw/sms-call-internet-mi-2013-11-07.csv', 'reason': 'Non-numeric values found in smsin: 1492720', 'row_count': 2407384}]","dag_id":"telecom_end_to_end_de7","task_id":"route","map_index":-1,"run_id":"manual__2026-09-03T08:46:02.637037+00:00","try_number":1,"ti_id":"01a06672-5009-7187-912b-ac4b541a82ca","logger":"airflow.task.operators.airflow.providers.standard.decorators.python._PythonDecoratedOperator","filename":"python.py","lineno":233}
{"timestamp":"2026-09-03T08:46:56.318421Z","level":"info","event":"::group::Post Execute","dag_id":"telecom_end_to_end_de7","task_id":"route","map_index":-1,"run_id":"manual__2026-09-03T08:46:02.637037+00:00","try_number":1,"ti_id":"01a06672-5009-7187-912b-ac4b541a82ca","logger":"task","filename":"task_runner.py","lineno":1580}
{"timestamp":"2026-09-03T08:46:56.318644Z","level":"info","event":"Pushing xcom","ti":"RuntimeTaskInstance(id=UUID('01a06672-5009-7187-912b-ac4b541a82ca'), task_id='route', dag_id='telecom_end_to_end_de7', run_id='manual__2026-09-03T08:46:02.637037+00:00', try_number=1, dag_version_id=UUID('01a065ab-babd-7914-92b3-91f11a4f26fd'), map_index=-1, hostname='C8LAP1542.prodapt.com', context_carrier={'traceparent': '00-50c799aea3c8a148f6daabf3b27bb43f-b274ee5bae7f7021-00'}, queue='default', task=<Task(_PythonDecoratedOperator): route>, bundle_instance=LocalDagBundle(name=dags-folder), max_tries=0, start_date=datetime.datetime(2026, 9, 3, 8, 46, 32, 914944, tzinfo=datetime.timezone.utc), end_date=None, state=<TaskInstanceState.RUNNING: 'running'>, is_mapped=False, rendered_map_index=None, sentry_integration='')","dag_id":"telecom_end_to_end_de7","task_id":"route","map_index":-1,"run_id":"manual__2026-09-03T08:46:02.637037+00:00","try_number":1,"ti_id":"01a06672-5009-7187-912b-ac4b541a82ca","logger":"task","filename":"task_runner.py","lineno":2280}
{"timestamp":"2026-09-03T08:46:56.384884Z","level":"info","event":"Task instance in success state","logger":"task.stdout"}
{"timestamp":"2026-09-03T08:46:56.386366Z","level":"info","event":" Previous state of the Task instance: TaskInstanceState.RUNNING","logger":"task.stdout"}
{"timestamp":"2026-09-03T08:46:56.387628Z","level":"info","event":"Task operator:<Task(_PythonDecoratedOperator): route>","logger":"task.stdout"}
{"timestamp":"2026-09-03T08:46:56.385143Z","level":"info","event":"::endgroup::","dag_id":"telecom_end_to_end_de7","task_id":"route","map_index":-1,"run_id":"manual__2026-09-03T08:46:02.637037+00:00","try_number":1,"ti_id":"01a06672-5009-7187-912b-ac4b541a82ca","logger":"task","filename":"task_runner.py","lineno":2379}
