{"timestamp":"2026-09-03T07:05:14.297727Z","level":"info","event":"::group::Pre Execute","logger":"task","filename":"task_runner.py","lineno":2412}
{"timestamp":"2026-09-03T07:05:14.450953Z","level":"info","event":"DAG bundles loaded: dags-folder, example_dags, apache-airflow-providers-common-sql-example-dags, apache-airflow-providers-standard-example-dags","ti_id":"01a06615-fee8-7198-b64d-6ee60c682736","dag_id":"telecom_end_to_end_de7","map_index":-1,"task_id":"ingest","run_id":"manual__2026-09-03T07:05:12.563803+00:00","try_number":1,"logger":"airflow.dag_processing.bundles.manager.DagBundlesManager","filename":"manager.py","lineno":304}
{"timestamp":"2026-09-03T07:05:14.453659Z","level":"info","event":"Filling up the DagBag from /mnt/d/capstone1/airflow/dags/telecom_end_to_end_de7.py","ti_id":"01a06615-fee8-7198-b64d-6ee60c682736","dag_id":"telecom_end_to_end_de7","map_index":-1,"task_id":"ingest","run_id":"manual__2026-09-03T07:05:12.563803+00:00","try_number":1,"logger":"airflow.dag_processing.dagbag.BundleDagBag","filename":"dagbag.py","lineno":460}
{"timestamp":"2026-09-03T07:05:15.071740Z","level":"info","event":"Worker startup parse complete","bundle_name":"dags-folder","bundle_version":null,"dag_file":"telecom_end_to_end_de7.py","dag_id":"telecom_end_to_end_de7","bundle_prepare_ms":3,"dag_file_parse_ms":618,"ti_id":"01a06615-fee8-7198-b64d-6ee60c682736","map_index":-1,"task_id":"ingest","run_id":"manual__2026-09-03T07:05:12.563803+00:00","try_number":1,"logger":"task","filename":"task_runner.py","lineno":1073}
{"timestamp":"2026-09-03T07:05:15.100494Z","level":"info","event":"Task instance is in running state","logger":"task.stdout"}
{"timestamp":"2026-09-03T07:05:15.101663Z","level":"info","event":" Previous state of the Task instance: TaskInstanceState.QUEUED","logger":"task.stdout"}
{"timestamp":"2026-09-03T07:05:15.102653Z","level":"info","event":"Current task name:ingest","logger":"task.stdout"}
{"timestamp":"2026-09-03T07:05:15.103438Z","level":"info","event":"Dag name:telecom_end_to_end_de7","logger":"task.stdout"}
{"timestamp":"2026-09-03T07:05:15.103936Z","level":"info","event":"======================================================================","logger":"task.stdout"}
{"timestamp":"2026-09-03T07:05:15.104803Z","level":"info","event":"TASK: INGEST","logger":"task.stdout"}
{"timestamp":"2026-09-03T07:05:15.105392Z","level":"info","event":"======================================================================","logger":"task.stdout"}
{"timestamp":"2026-09-03T07:05:15.100784Z","level":"info","event":"::endgroup::","ti_id":"01a06615-fee8-7198-b64d-6ee60c682736","dag_id":"telecom_end_to_end_de7","map_index":-1,"task_id":"ingest","run_id":"manual__2026-09-03T07:05:12.563803+00:00","try_number":1,"logger":"task","filename":"task_runner.py","lineno":2232}
{"timestamp":"2026-09-03T07:05:15.114265Z","level":"info","event":"Detected 7 candidate file(s).","logger":"task.stdout"}
{"timestamp":"2026-09-03T07:05:15.115442Z","level":"info","event":"  - sms-call-internet-mi-2013-11-01.csv","logger":"task.stdout"}
{"timestamp":"2026-09-03T07:05:15.116430Z","level":"info","event":"  - sms-call-internet-mi-2013-11-02.csv","logger":"task.stdout"}
{"timestamp":"2026-09-03T07:05:15.117508Z","level":"info","event":"  - sms-call-internet-mi-2013-11-03.csv","logger":"task.stdout"}
{"timestamp":"2026-09-03T07:05:15.118531Z","level":"info","event":"  - sms-call-internet-mi-2013-11-04.csv","logger":"task.stdout"}
{"timestamp":"2026-09-03T07:05:15.119095Z","level":"info","event":"  - sms-call-internet-mi-2013-11-05.csv","logger":"task.stdout"}
{"timestamp":"2026-09-03T07:05:15.119500Z","level":"info","event":"  - sms-call-internet-mi-2013-11-06.csv","logger":"task.stdout"}
{"timestamp":"2026-09-03T07:05:15.119946Z","level":"info","event":"  - sms-call-internet-mi-2013-11-07.csv","logger":"task.stdout"}
{"timestamp":"2026-09-03T07:05:15.120399Z","level":"info","event":"Detected 7 files.","logger":"task.stdout"}
{"timestamp":"2026-09-03T07:05:15.121204Z","level":"info","event":"Detected file: /mnt/d/capstone1/data/landing/sms-call-internet-mi-2013-11-01.csv","logger":"task.stdout"}
{"timestamp":"2026-09-03T07:05:15.122112Z","level":"info","event":"Detected file: /mnt/d/capstone1/data/landing/sms-call-internet-mi-2013-11-02.csv","logger":"task.stdout"}
{"timestamp":"2026-09-03T07:05:15.122710Z","level":"info","event":"Detected file: /mnt/d/capstone1/data/landing/sms-call-internet-mi-2013-11-03.csv","logger":"task.stdout"}
{"timestamp":"2026-09-03T07:05:15.123254Z","level":"info","event":"Detected file: /mnt/d/capstone1/data/landing/sms-call-internet-mi-2013-11-04.csv","logger":"task.stdout"}
{"timestamp":"2026-09-03T07:05:15.123649Z","level":"info","event":"Detected file: /mnt/d/capstone1/data/landing/sms-call-internet-mi-2013-11-05.csv","logger":"task.stdout"}
{"timestamp":"2026-09-03T07:05:15.124376Z","level":"info","event":"Detected file: /mnt/d/capstone1/data/landing/sms-call-internet-mi-2013-11-06.csv","logger":"task.stdout"}
{"timestamp":"2026-09-03T07:05:15.125091Z","level":"info","event":"Detected file: /mnt/d/capstone1/data/landing/sms-call-internet-mi-2013-11-07.csv","logger":"task.stdout"}
{"timestamp":"2026-09-03T07:05:15.114286Z","level":"info","event":"Done. Returned value was: ['/mnt/d/capstone1/data/landing/sms-call-internet-mi-2013-11-01.csv', '/mnt/d/capstone1/data/landing/sms-call-internet-mi-2013-11-02.csv', '/mnt/d/capstone1/data/landing/sms-call-internet-mi-2013-11-03.csv', '/mnt/d/capstone1/data/landing/sms-call-internet-mi-2013-11-04.csv', '/mnt/d/capstone1/data/landing/sms-call-internet-mi-2013-11-05.csv', '/mnt/d/capstone1/data/landing/sms-call-internet-mi-2013-11-06.csv', '/mnt/d/capstone1/data/landing/sms-call-internet-mi-2013-11-07.csv']","ti_id":"01a06615-fee8-7198-b64d-6ee60c682736","dag_id":"telecom_end_to_end_de7","map_index":-1,"task_id":"ingest","run_id":"manual__2026-09-03T07:05:12.563803+00:00","try_number":1,"logger":"airflow.task.operators.airflow.providers.standard.decorators.python._PythonDecoratedOperator","filename":"python.py","lineno":233}
{"timestamp":"2026-09-03T07:05:15.114459Z","level":"info","event":"::group::Post Execute","ti_id":"01a06615-fee8-7198-b64d-6ee60c682736","dag_id":"telecom_end_to_end_de7","map_index":-1,"task_id":"ingest","run_id":"manual__2026-09-03T07:05:12.563803+00:00","try_number":1,"logger":"task","filename":"task_runner.py","lineno":1580}
{"timestamp":"2026-09-03T07:05:15.114603Z","level":"info","event":"Pushing xcom","ti":"RuntimeTaskInstance(id=UUID('01a06615-fee8-7198-b64d-6ee60c682736'), task_id='ingest', dag_id='telecom_end_to_end_de7', run_id='manual__2026-09-03T07:05:12.563803+00:00', try_number=1, dag_version_id=UUID('01a065ab-babd-7914-92b3-91f11a4f26fd'), map_index=-1, hostname='C8LAP1542.prodapt.com', context_carrier={'traceparent': '00-20b6dc8bafbbb79fb125c42e95172559-04290b558ee36637-00'}, queue='default', task=<Task(_PythonDecoratedOperator): ingest>, bundle_instance=LocalDagBundle(name=dags-folder), max_tries=0, start_date=datetime.datetime(2026, 9, 3, 7, 5, 14, 350563, tzinfo=datetime.timezone.utc), end_date=None, state=<TaskInstanceState.RUNNING: 'running'>, is_mapped=False, rendered_map_index=None, sentry_integration='')","ti_id":"01a06615-fee8-7198-b64d-6ee60c682736","dag_id":"telecom_end_to_end_de7","map_index":-1,"task_id":"ingest","run_id":"manual__2026-09-03T07:05:12.563803+00:00","try_number":1,"logger":"task","filename":"task_runner.py","lineno":2280}
{"timestamp":"2026-09-03T07:05:15.178718Z","level":"info","event":"Task instance in success state","logger":"task.stdout"}
{"timestamp":"2026-09-03T07:05:15.180567Z","level":"info","event":" Previous state of the Task instance: TaskInstanceState.RUNNING","logger":"task.stdout"}
{"timestamp":"2026-09-03T07:05:15.181504Z","level":"info","event":"Task operator:<Task(_PythonDecoratedOperator): ingest>","logger":"task.stdout"}
{"timestamp":"2026-09-03T07:05:15.178968Z","level":"info","event":"::endgroup::","ti_id":"01a06615-fee8-7198-b64d-6ee60c682736","dag_id":"telecom_end_to_end_de7","map_index":-1,"task_id":"ingest","run_id":"manual__2026-09-03T07:05:12.563803+00:00","try_number":1,"logger":"task","filename":"task_runner.py","lineno":2379}
