
======================================================================
SPARK JOB START: 2026-08-31T13:42:18.478418
2026-08-31 13:42:19 | INFO | ============================================================
2026-08-31 13:42:19 | INFO | TELECOM PIPELINE START
2026-08-31 13:42:19 | INFO | Start time: 2026-08-31 13:42:19.550337
2026-08-31 13:42:19 | INFO | ============================================================
2026-08-31 13:42:26 | INFO | SparkSession created
2026-08-31 13:42:26 | INFO | Starting read_raw()
2026-08-31 13:42:26 | INFO | Input files found: 7
2026-08-31 13:42:26 | INFO | Input file: /mnt/d/capstone1/data/raw/sms-call-internet-mi-2013-11-01.csv
2026-08-31 13:42:26 | INFO | Input file: /mnt/d/capstone1/data/raw/sms-call-internet-mi-2013-11-02.csv
2026-08-31 13:42:26 | INFO | Input file: /mnt/d/capstone1/data/raw/sms-call-internet-mi-2013-11-03.csv
2026-08-31 13:42:26 | INFO | Input file: /mnt/d/capstone1/data/raw/sms-call-internet-mi-2013-11-04.csv
2026-08-31 13:42:26 | INFO | Input file: /mnt/d/capstone1/data/raw/sms-call-internet-mi-2013-11-05.csv
2026-08-31 13:42:26 | INFO | Input file: /mnt/d/capstone1/data/raw/sms-call-internet-mi-2013-11-06.csv
2026-08-31 13:42:26 | INFO | Input file: /mnt/d/capstone1/data/raw/sms-call-internet-mi-2013-11-07.csv
2026-08-31 13:42:32 | INFO | Raw input rows: 15089165
2026-08-31 13:42:32 | INFO | read_raw() completed
2026-08-31 13:42:32 | INFO | Starting clean()
2026-08-31 13:42:39 | INFO | Activity nulls - sms_in: 9065620
2026-08-31 13:42:39 | INFO | Activity nulls - sms_out: 11542655
2026-08-31 13:42:39 | INFO | Activity nulls - call_in: 10979856
2026-08-31 13:42:39 | INFO | Activity nulls - call_out: 8604862
2026-08-31 13:42:39 | INFO | Activity nulls - internet_activity: 8369201
2026-08-31 13:42:39 | INFO | Total activity nulls before null-to-zero rule: 48562194
2026-08-31 13:42:46 | INFO | Rejected rows: 0
2026-08-31 13:43:00 | INFO | Cleaned rows: 15089165
2026-08-31 13:43:00 | INFO | Null activity values handled: 48562194
2026-08-31 13:43:00 | INFO | clean() completed
2026-08-31 13:43:00 | INFO | Starting aggregate()
2026-08-31 13:43:11 | INFO | Peak activity hour: 2013-11-07 14:00:00 | activity=7941600.065799996
2026-08-31 13:43:20 | INFO | hourly_grid_summary rows: 1679994
2026-08-31 13:43:20 | INFO | aggregate() completed
2026-08-31 13:43:20 | INFO | Starting enrich()
2026-08-31 13:43:21 | INFO | Grid lookup rows: 10000
2026-08-31 13:43:50 | INFO | Distinct activity grids before enrichment: 10000
2026-08-31 13:43:50 | INFO | Distinct activity grids after enrichment: 10000
2026-08-31 13:43:50 | INFO | Grids missing geometry: 0
2026-08-31 13:43:50 | INFO | Geometry enrichment coverage: 100.00%
2026-08-31 13:44:04 | INFO | Unmatched grid IDs: 0
2026-08-31 13:44:04 | INFO | Top high-activity grids with geometry prepared
2026-08-31 13:44:04 | INFO | enrich() completed
2026-08-31 13:44:04 | INFO | Starting write_outputs()
2026-08-31 13:44:04 | INFO | About to write clean activity Parquet: /mnt/d/capstone1/data/processed/clean_activity_parquet
2026-08-31 13:44:04 | INFO | Clean activity columns: ['timestamp', 'grid_id', 'country_code', 'sms_in', 'sms_out', 'call_in', 'call_out', 'internet_activity', '_source_file', 'total_sms', 'total_calls', 'total_activity', 'date', 'hour', 'day_of_week']
2026-08-31 13:44:04 | INFO | Clean activity schema:
2026-08-31 14:01:23 | INFO | ============================================================
2026-08-31 14:01:23 | INFO | TELECOM PIPELINE START
2026-08-31 14:01:23 | INFO | Start time: 2026-08-31 14:01:23.768022
2026-08-31 14:01:23 | INFO | ============================================================
2026-08-31 14:01:40 | INFO | SparkSession created
2026-08-31 14:01:40 | INFO | Starting read_raw()
2026-08-31 14:01:40 | INFO | Input files found: 7
2026-08-31 14:01:40 | INFO | Input file: /mnt/d/capstone1/data/raw/sms-call-internet-mi-2013-11-01.csv
2026-08-31 14:01:40 | INFO | Input file: /mnt/d/capstone1/data/raw/sms-call-internet-mi-2013-11-02.csv
2026-08-31 14:01:40 | INFO | Input file: /mnt/d/capstone1/data/raw/sms-call-internet-mi-2013-11-03.csv
2026-08-31 14:01:40 | INFO | Input file: /mnt/d/capstone1/data/raw/sms-call-internet-mi-2013-11-04.csv
2026-08-31 14:01:40 | INFO | Input file: /mnt/d/capstone1/data/raw/sms-call-internet-mi-2013-11-05.csv
2026-08-31 14:01:40 | INFO | Input file: /mnt/d/capstone1/data/raw/sms-call-internet-mi-2013-11-06.csv
2026-08-31 14:01:40 | INFO | Input file: /mnt/d/capstone1/data/raw/sms-call-internet-mi-2013-11-07.csv
2026-08-31 14:02:00 | INFO | Raw input rows: 15089165
2026-08-31 14:02:00 | INFO | read_raw() completed
2026-08-31 14:02:00 | INFO | Starting clean()
2026-08-31 14:02:17 | INFO | Activity nulls - sms_in: 9065620
2026-08-31 14:02:17 | INFO | Activity nulls - sms_out: 11542655
2026-08-31 14:02:17 | INFO | Activity nulls - call_in: 10979856
2026-08-31 14:02:17 | INFO | Activity nulls - call_out: 8604862
2026-08-31 14:02:17 | INFO | Activity nulls - internet_activity: 8369201
2026-08-31 14:02:17 | INFO | Total activity nulls before null-to-zero rule: 48562194

======================================================================
SPARK JOB START: 2026-08-31T14:02:28.567719
2026-08-31 14:02:30 | INFO | ============================================================
2026-08-31 14:02:30 | INFO | TELECOM PIPELINE START
2026-08-31 14:02:30 | INFO | Start time: 2026-08-31 14:02:30.438778
2026-08-31 14:02:30 | INFO | ============================================================
2026-08-31 14:02:35 | INFO | Rejected rows: 0
2026-08-31 14:02:44 | INFO | SparkSession created
2026-08-31 14:02:44 | INFO | Starting read_raw()
2026-08-31 14:02:44 | INFO | Input files found: 7
2026-08-31 14:02:44 | INFO | Input file: /mnt/d/capstone1/data/raw/sms-call-internet-mi-2013-11-01.csv
2026-08-31 14:02:44 | INFO | Input file: /mnt/d/capstone1/data/raw/sms-call-internet-mi-2013-11-02.csv
2026-08-31 14:02:44 | INFO | Input file: /mnt/d/capstone1/data/raw/sms-call-internet-mi-2013-11-03.csv
2026-08-31 14:02:44 | INFO | Input file: /mnt/d/capstone1/data/raw/sms-call-internet-mi-2013-11-04.csv
2026-08-31 14:02:44 | INFO | Input file: /mnt/d/capstone1/data/raw/sms-call-internet-mi-2013-11-05.csv
2026-08-31 14:02:44 | INFO | Input file: /mnt/d/capstone1/data/raw/sms-call-internet-mi-2013-11-06.csv
2026-08-31 14:02:44 | INFO | Input file: /mnt/d/capstone1/data/raw/sms-call-internet-mi-2013-11-07.csv
2026-08-31 14:03:03 | INFO | Raw input rows: 15089165
2026-08-31 14:03:03 | INFO | read_raw() completed
2026-08-31 14:03:03 | INFO | Starting clean()
2026-08-31 14:03:15 | INFO | Cleaned rows: 15089165
2026-08-31 14:03:15 | INFO | Null activity values handled: 48562194
2026-08-31 14:03:15 | INFO | clean() completed
2026-08-31 14:03:15 | INFO | Starting aggregate()
2026-08-31 14:03:19 | INFO | Activity nulls - sms_in: 9065620
2026-08-31 14:03:19 | INFO | Activity nulls - sms_out: 11542655
2026-08-31 14:03:19 | INFO | Activity nulls - call_in: 10979856
2026-08-31 14:03:19 | INFO | Activity nulls - call_out: 8604862
2026-08-31 14:03:19 | INFO | Activity nulls - internet_activity: 8369201
2026-08-31 14:03:19 | INFO | Total activity nulls before null-to-zero rule: 48562194
2026-08-31 14:03:44 | INFO | Rejected rows: 0
2026-08-31 14:03:47 | INFO | Peak activity hour: 2013-11-07 14:00:00 | activity=7941600.065799996
2026-08-31 14:04:13 | INFO | hourly_grid_summary rows: 1679994
2026-08-31 14:04:13 | INFO | aggregate() completed
2026-08-31 14:04:13 | INFO | Starting enrich()
2026-08-31 14:04:18 | INFO | Grid lookup rows: 10000
2026-08-31 14:04:33 | INFO | Cleaned rows: 15089165
2026-08-31 14:04:33 | INFO | Null activity values handled: 48562194
2026-08-31 14:04:33 | INFO | clean() completed
2026-08-31 14:04:33 | INFO | Starting aggregate()
2026-08-31 14:05:07 | INFO | Peak activity hour: 2013-11-07 14:00:00 | activity=7941600.065799996
2026-08-31 14:05:32 | INFO | Distinct activity grids before enrichment: 10000
2026-08-31 14:05:32 | INFO | Distinct activity grids after enrichment: 10000
2026-08-31 14:05:32 | INFO | Grids missing geometry: 0
2026-08-31 14:05:32 | INFO | Geometry enrichment coverage: 100.00%
2026-08-31 14:05:34 | INFO | hourly_grid_summary rows: 1679994
2026-08-31 14:05:34 | INFO | aggregate() completed
2026-08-31 14:05:34 | INFO | Starting enrich()
2026-08-31 14:05:42 | INFO | Grid lookup rows: 10000
2026-08-31 14:05:43 | ERROR | PIPELINE FAILED: An error occurred while calling o514.count.
: org.apache.spark.SparkException: [FAILED_READ_FILE.NO_HINT] Encountered error while reading file file:///mnt/d/capstone1/data/raw/sms-call-internet-mi-2013-11-04.csv.  SQLSTATE: KD001
	at org.apache.spark.sql.errors.QueryExecutionErrors$.cannotReadFilesError(QueryExecutionErrors.scala:940)
	at org.apache.spark.sql.execution.datasources.v2.FileDataSourceV2$.attachFilePath(FileDataSourceV2.scala:142)
	at org.apache.spark.sql.execution.datasources.FileScanRDD$$anon$1.hasNext(FileScanRDD.scala:149)
	at scala.collection.Iterator$$anon$9.hasNext(Iterator.scala:593)
	at org.apache.spark.sql.catalyst.expressions.GeneratedClass$GeneratedIteratorForCodegenStage1.hashAgg_doAggregateWithKeys_0$(Unknown Source)
	at org.apache.spark.sql.catalyst.expressions.GeneratedClass$GeneratedIteratorForCodegenStage1.processNext(Unknown Source)
	at org.apache.spark.sql.execution.BufferedRowIterator.hasNext(BufferedRowIterator.java:44)
	at org.apache.spark.sql.execution.WholeStageCodegenEvaluatorFactory$WholeStageCodegenPartitionEvaluator$$anon$1.hasNext(WholeStageCodegenEvaluatorFactory.scala:50)
	at scala.collection.Iterator$$anon$9.hasNext(Iterator.scala:593)
	at org.apache.spark.shuffle.sort.BypassMergeSortShuffleWriter.write(BypassMergeSortShuffleWriter.java:153)
	at org.apache.spark.shuffle.ShuffleWriteProcessor.write(ShuffleWriteProcessor.scala:57)
	at org.apache.spark.scheduler.ShuffleMapTask.runTask(ShuffleMapTask.scala:111)
	at org.apache.spark.scheduler.ShuffleMapTask.runTask(ShuffleMapTask.scala:54)
	at org.apache.spark.TaskContext.runTaskWithListeners(TaskContext.scala:206)
	at org.apache.spark.scheduler.Task.run(Task.scala:147)
	at org.apache.spark.executor.Executor$TaskRunner.$anonfun$run$4(Executor.scala:894)
	at org.apache.spark.util.SparkErrorUtils.tryWithSafeFinally(SparkErrorUtils.scala:86)
	at org.apache.spark.util.SparkErrorUtils.tryWithSafeFinally$(SparkErrorUtils.scala:83)
	at org.apache.spark.util.Utils$.tryWithSafeFinally(Utils.scala:97)
	at org.apache.spark.executor.Executor$TaskRunner.run(Executor.scala:897)
	at java.base/java.util.concurrent.ThreadPoolExecutor.runWorker(ThreadPoolExecutor.java:1136)
	at java.base/java.util.concurrent.ThreadPoolExecutor$Worker.run(ThreadPoolExecutor.java:635)
	at java.base/java.lang.Thread.run(Thread.java:840)
Caused by: org.apache.hadoop.fs.FSError: java.io.IOException: Cannot allocate memory
	at org.apache.hadoop.fs.RawLocalFileSystem$LocalFSFileInputStream.read(RawLocalFileSystem.java:252)
	at java.base/java.io.BufferedInputStream.read1(BufferedInputStream.java:282)
	at java.base/java.io.BufferedInputStream.read(BufferedInputStream.java:343)
	at java.base/java.io.DataInputStream.read(DataInputStream.java:151)
	at org.apache.hadoop.fs.FSInputChecker.readFully(FSInputChecker.java:468)
	at org.apache.hadoop.fs.ChecksumFileSystem$ChecksumFSInputChecker.readChunk(ChecksumFileSystem.java:314)
	at org.apache.hadoop.fs.FSInputChecker.readChecksumChunk(FSInputChecker.java:305)
	at org.apache.hadoop.fs.FSInputChecker.read1(FSInputChecker.java:257)
	at org.apache.hadoop.fs.FSInputChecker.read(FSInputChecker.java:202)
	at java.base/java.io.DataInputStream.read(DataInputStream.java:151)
	at org.apache.hadoop.mapreduce.lib.input.UncompressedSplitLineReader.fillBuffer(UncompressedSplitLineReader.java:62)
	at org.apache.hadoop.util.LineReader.readDefaultLine(LineReader.java:227)
	at org.apache.hadoop.util.LineReader.readLine(LineReader.java:185)
	at org.apache.hadoop.mapreduce.lib.input.UncompressedSplitLineReader.readLine(UncompressedSplitLineReader.java:94)
	at org.apache.spark.sql.execution.datasources.HadoopLineRecordReader.nextKeyValue(HadoopLineRecordReader.java:244)
	at org.apache.spark.sql.execution.datasources.RecordReaderIterator.hasNext(RecordReaderIterator.scala:39)
	at org.apache.spark.sql.execution.datasources.HadoopFileLinesReader.hasNext(HadoopFileLinesReader.scala:75)
	at scala.collection.Iterator$$anon$9.hasNext(Iterator.scala:593)
	at scala.collection.Iterator$$anon$6.hasNext(Iterator.scala:487)
	at scala.collection.Iterator$$anon$10.hasNext(Iterator.scala:611)
	at scala.collection.Iterator$$anon$9.hasNext(Iterator.scala:593)
	at org.apache.spark.sql.execution.datasources.FileScanRDD$$anon$1.hasNext0(FileScanRDD.scala:138)
	at org.apache.spark.sql.execution.datasources.FileScanRDD$$anon$1.hasNext(FileScanRDD.scala:147)
	... 20 more
Caused by: java.io.IOException: Cannot allocate memory
	at java.base/java.io.FileInputStream.readBytes(Native Method)
	at java.base/java.io.FileInputStream.read(FileInputStream.java:276)
	at org.apache.hadoop.fs.RawLocalFileSystem$LocalFSFileInputStream.read(RawLocalFileSystem.java:243)
	... 42 more
Traceback (most recent call last):
  File "/mnt/d/capstone1/src/telecom_pipeline.py", line 1335, in run
    self.enrich()
    ~~~~~~~~~~~^^
  File "/mnt/d/capstone1/src/telecom_pipeline.py", line 1010, in enrich
    unmatched_grid_ids.count()
    ~~~~~~~~~~~~~~~~~~~~~~~~^^
  File "/home/harikumarg/airflow_test/airflow_env/lib/python3.14/site-packages/pyspark/sql/classic/dataframe.py", line 499, in count
    return int(self._jdf.count())
               ~~~~~~~~~~~~~~~^^
  File "/home/harikumarg/airflow_test/airflow_env/lib/python3.14/site-packages/py4j/java_gateway.py", line 1362, in __call__
    return_value = get_return_value(
        answer, self.gateway_client, self.target_id, self.name)
  File "/home/harikumarg/airflow_test/airflow_env/lib/python3.14/site-packages/pyspark/errors/exceptions/captured.py", line 251, in deco
    return f(*a, **kw)
  File "/home/harikumarg/airflow_test/airflow_env/lib/python3.14/site-packages/py4j/protocol.py", line 327, in get_return_value
    raise Py4JJavaError(
        "An error occurred while calling {0}{1}{2}.\n".
        format(target_id, ".", name), value)
py4j.protocol.Py4JJavaError: An error occurred while calling o514.count.
: org.apache.spark.SparkException: [FAILED_READ_FILE.NO_HINT] Encountered error while reading file file:///mnt/d/capstone1/data/raw/sms-call-internet-mi-2013-11-04.csv.  SQLSTATE: KD001
	at org.apache.spark.sql.errors.QueryExecutionErrors$.cannotReadFilesError(QueryExecutionErrors.scala:940)
	at org.apache.spark.sql.execution.datasources.v2.FileDataSourceV2$.attachFilePath(FileDataSourceV2.scala:142)
	at org.apache.spark.sql.execution.datasources.FileScanRDD$$anon$1.hasNext(FileScanRDD.scala:149)
	at scala.collection.Iterator$$anon$9.hasNext(Iterator.scala:593)
	at org.apache.spark.sql.catalyst.expressions.GeneratedClass$GeneratedIteratorForCodegenStage1.hashAgg_doAggregateWithKeys_0$(Unknown Source)
	at org.apache.spark.sql.catalyst.expressions.GeneratedClass$GeneratedIteratorForCodegenStage1.processNext(Unknown Source)
	at org.apache.spark.sql.execution.BufferedRowIterator.hasNext(BufferedRowIterator.java:44)
	at org.apache.spark.sql.execution.WholeStageCodegenEvaluatorFactory$WholeStageCodegenPartitionEvaluator$$anon$1.hasNext(WholeStageCodegenEvaluatorFactory.scala:50)
	at scala.collection.Iterator$$anon$9.hasNext(Iterator.scala:593)
	at org.apache.spark.shuffle.sort.BypassMergeSortShuffleWriter.write(BypassMergeSortShuffleWriter.java:153)
	at org.apache.spark.shuffle.ShuffleWriteProcessor.write(ShuffleWriteProcessor.scala:57)
	at org.apache.spark.scheduler.ShuffleMapTask.runTask(ShuffleMapTask.scala:111)
	at org.apache.spark.scheduler.ShuffleMapTask.runTask(ShuffleMapTask.scala:54)
	at org.apache.spark.TaskContext.runTaskWithListeners(TaskContext.scala:206)
	at org.apache.spark.scheduler.Task.run(Task.scala:147)
	at org.apache.spark.executor.Executor$TaskRunner.$anonfun$run$4(Executor.scala:894)
	at org.apache.spark.util.SparkErrorUtils.tryWithSafeFinally(SparkErrorUtils.scala:86)
	at org.apache.spark.util.SparkErrorUtils.tryWithSafeFinally$(SparkErrorUtils.scala:83)
	at org.apache.spark.util.Utils$.tryWithSafeFinally(Utils.scala:97)
	at org.apache.spark.executor.Executor$TaskRunner.run(Executor.scala:897)
	at java.base/java.util.concurrent.ThreadPoolExecutor.runWorker(ThreadPoolExecutor.java:1136)
	at java.base/java.util.concurrent.ThreadPoolExecutor$Worker.run(ThreadPoolExecutor.java:635)
	at java.base/java.lang.Thread.run(Thread.java:840)
Caused by: org.apache.hadoop.fs.FSError: java.io.IOException: Cannot allocate memory
	at org.apache.hadoop.fs.RawLocalFileSystem$LocalFSFileInputStream.read(RawLocalFileSystem.java:252)
	at java.base/java.io.BufferedInputStream.read1(BufferedInputStream.java:282)
	at java.base/java.io.BufferedInputStream.read(BufferedInputStream.java:343)
	at java.base/java.io.DataInputStream.read(DataInputStream.java:151)
	at org.apache.hadoop.fs.FSInputChecker.readFully(FSInputChecker.java:468)
	at org.apache.hadoop.fs.ChecksumFileSystem$ChecksumFSInputChecker.readChunk(ChecksumFileSystem.java:314)
	at org.apache.hadoop.fs.FSInputChecker.readChecksumChunk(FSInputChecker.java:305)
	at org.apache.hadoop.fs.FSInputChecker.read1(FSInputChecker.java:257)
	at org.apache.hadoop.fs.FSInputChecker.read(FSInputChecker.java:202)
	at java.base/java.io.DataInputStream.read(DataInputStream.java:151)
	at org.apache.hadoop.mapreduce.lib.input.UncompressedSplitLineReader.fillBuffer(UncompressedSplitLineReader.java:62)
	at org.apache.hadoop.util.LineReader.readDefaultLine(LineReader.java:227)
	at org.apache.hadoop.util.LineReader.readLine(LineReader.java:185)
	at org.apache.hadoop.mapreduce.lib.input.UncompressedSplitLineReader.readLine(UncompressedSplitLineReader.java:94)
	at org.apache.spark.sql.execution.datasources.HadoopLineRecordReader.nextKeyValue(HadoopLineRecordReader.java:244)
	at org.apache.spark.sql.execution.datasources.RecordReaderIterator.hasNext(RecordReaderIterator.scala:39)
	at org.apache.spark.sql.execution.datasources.HadoopFileLinesReader.hasNext(HadoopFileLinesReader.scala:75)
	at scala.collection.Iterator$$anon$9.hasNext(Iterator.scala:593)
	at scala.collection.Iterator$$anon$6.hasNext(Iterator.scala:487)
	at scala.collection.Iterator$$anon$10.hasNext(Iterator.scala:611)
	at scala.collection.Iterator$$anon$9.hasNext(Iterator.scala:593)
	at org.apache.spark.sql.execution.datasources.FileScanRDD$$anon$1.hasNext0(FileScanRDD.scala:138)
	at org.apache.spark.sql.execution.datasources.FileScanRDD$$anon$1.hasNext(FileScanRDD.scala:147)
	... 20 more
Caused by: java.io.IOException: Cannot allocate memory
	at java.base/java.io.FileInputStream.readBytes(Native Method)
	at java.base/java.io.FileInputStream.read(FileInputStream.java:276)
	at org.apache.hadoop.fs.RawLocalFileSystem$LocalFSFileInputStream.read(RawLocalFileSystem.java:243)
	... 42 more

2026-08-31 14:05:44 | INFO | End time: 2026-08-31 14:05:43.915145
2026-08-31 14:05:44 | ERROR | FINAL STATUS: FAILED
2026-08-31 14:05:44 | INFO | ============================================================
2026-08-31 14:05:44 | INFO | SparkSession stopped
2026-08-31 14:05:44 | INFO | Closing down clientserver connection
2026-08-31 14:06:12 | INFO | Distinct activity grids before enrichment: 10000
2026-08-31 14:06:12 | INFO | Distinct activity grids after enrichment: 10000
2026-08-31 14:06:12 | INFO | Grids missing geometry: 0
2026-08-31 14:06:12 | INFO | Geometry enrichment coverage: 100.00%
2026-08-31 14:06:24 | INFO | Unmatched grid IDs: 0
2026-08-31 14:06:24 | INFO | Top high-activity grids with geometry prepared
2026-08-31 14:06:24 | INFO | enrich() completed
2026-08-31 14:06:24 | INFO | Starting write_outputs()
2026-08-31 14:06:24 | INFO | About to write clean activity Parquet: /mnt/d/capstone1/data/processed/clean_activity_parquet
2026-08-31 14:06:24 | INFO | Clean activity columns: ['timestamp', 'grid_id', 'country_code', 'sms_in', 'sms_out', 'call_in', 'call_out', 'internet_activity', '_source_file', 'total_sms', 'total_calls', 'total_activity', 'date', 'hour', 'day_of_week']
2026-08-31 14:06:24 | INFO | Clean activity schema:
2026-09-02 18:18:26 | INFO | ============================================================
2026-09-02 18:18:26 | INFO | TELECOM PIPELINE START
2026-09-02 18:18:26 | INFO | Start time: 2026-09-02 18:18:26.257973
2026-09-02 18:18:26 | INFO | ============================================================
2026-09-02 18:18:32 | INFO | SparkSession created
2026-09-02 18:18:32 | INFO | Starting read_raw()
2026-09-02 18:18:32 | INFO | Input files found: 7
2026-09-02 18:18:32 | INFO | Input file: /mnt/d/capstone1/data/raw/sms-call-internet-mi-2013-11-01.csv
2026-09-02 18:18:32 | INFO | Input file: /mnt/d/capstone1/data/raw/sms-call-internet-mi-2013-11-02.csv
2026-09-02 18:18:32 | INFO | Input file: /mnt/d/capstone1/data/raw/sms-call-internet-mi-2013-11-03.csv
2026-09-02 18:18:32 | INFO | Input file: /mnt/d/capstone1/data/raw/sms-call-internet-mi-2013-11-04.csv
2026-09-02 18:18:32 | INFO | Input file: /mnt/d/capstone1/data/raw/sms-call-internet-mi-2013-11-05.csv
2026-09-02 18:18:32 | INFO | Input file: /mnt/d/capstone1/data/raw/sms-call-internet-mi-2013-11-06.csv
2026-09-02 18:18:32 | INFO | Input file: /mnt/d/capstone1/data/raw/sms-call-internet-mi-2013-11-07.csv
2026-09-02 18:18:39 | INFO | Raw input rows: 15089165
2026-09-02 18:18:39 | INFO | read_raw() completed
2026-09-02 18:18:39 | INFO | Starting clean()
2026-09-02 18:18:46 | INFO | Activity nulls - sms_in: 9065620
2026-09-02 18:18:46 | INFO | Activity nulls - sms_out: 11542655
2026-09-02 18:18:46 | INFO | Activity nulls - call_in: 10979856
2026-09-02 18:18:46 | INFO | Activity nulls - call_out: 8604862
2026-09-02 18:18:46 | INFO | Activity nulls - internet_activity: 8369201
2026-09-02 18:18:46 | INFO | Total activity nulls before null-to-zero rule: 48562194
2026-09-02 18:18:52 | INFO | Rejected rows: 0
2026-09-02 18:19:09 | INFO | Cleaned rows: 15089165
2026-09-02 18:19:09 | INFO | Null activity values handled: 48562194
2026-09-02 18:19:09 | INFO | clean() completed
2026-09-02 18:19:09 | INFO | Starting aggregate()
2026-09-02 18:19:21 | INFO | Peak activity hour: 2013-11-07 14:00:00 | activity=7941600.065799996
2026-09-02 18:19:31 | INFO | hourly_grid_summary rows: 1679994
2026-09-02 18:19:31 | INFO | aggregate() completed
2026-09-02 18:19:31 | INFO | Starting enrich()
2026-09-02 18:19:33 | INFO | Grid lookup rows: 10000
2026-09-02 18:20:09 | INFO | Distinct activity grids before enrichment: 10000
2026-09-02 18:20:09 | INFO | Distinct activity grids after enrichment: 10000
2026-09-02 18:20:09 | INFO | Grids missing geometry: 0
2026-09-02 18:20:09 | INFO | Geometry enrichment coverage: 100.00%
2026-09-02 18:20:22 | INFO | Unmatched grid IDs: 0
2026-09-02 18:20:22 | INFO | Top high-activity grids with geometry prepared
2026-09-02 18:20:22 | INFO | enrich() completed
2026-09-02 18:20:22 | INFO | Starting write_outputs()
2026-09-02 18:20:22 | INFO | About to write clean activity Parquet: /mnt/d/capstone1/data/processed/clean_activity_parquet
2026-09-02 18:20:22 | INFO | Clean activity columns: ['timestamp', 'grid_id', 'country_code', 'sms_in', 'sms_out', 'call_in', 'call_out', 'internet_activity', '_source_file', 'total_sms', 'total_calls', 'total_activity', 'date', 'hour', 'day_of_week']
2026-09-02 18:20:22 | INFO | Clean activity schema:
2026-09-02 18:22:23 | INFO | Clean activity Parquet write: SUCCESS
2026-09-02 18:22:23 | INFO | Clean activity Parquet written: /mnt/d/capstone1/data/processed/clean_activity_parquet
2026-09-02 18:22:38 | INFO | hourly_grid_summary Parquet written: /mnt/d/capstone1/data/processed/hourly_grid_summary_parquet
2026-09-02 18:22:41 | INFO | Dashboard CSV written: /mnt/d/capstone1/data/processed/dashboard_summary
2026-09-02 18:22:48 | INFO | Clean output rows: 15089165
2026-09-02 18:22:48 | INFO | Expected clean rows: 15089165
2026-09-02 18:22:48 | INFO | Hourly output rows: 1679994
2026-09-02 18:22:48 | INFO | Expected hourly rows: 1679994
2026-09-02 18:22:48 | INFO | Parquet read-back validation: PASS
2026-09-02 18:22:48 | INFO | write_outputs() completed
2026-09-02 18:22:48 | INFO | Input rows: 15089165
2026-09-02 18:22:48 | INFO | Rejected rows: 0
2026-09-02 18:22:48 | INFO | Activity nulls handled: 48562194
2026-09-02 18:22:48 | INFO | Output rows: 1679994
2026-09-02 18:22:48 | INFO | End time: 2026-09-02 18:22:48.773763
2026-09-02 18:22:48 | INFO | Duration seconds: 262.52
2026-09-02 18:22:48 | INFO | FINAL STATUS: SUCCESS
2026-09-02 18:22:48 | INFO | ============================================================
2026-09-02 18:22:49 | INFO | SparkSession stopped
2026-09-02 18:22:49 | INFO | Closing down clientserver connection
2026-09-02 18:22:58 | INFO | ============================================================
2026-09-02 18:22:58 | INFO | TELECOM PIPELINE START
2026-09-02 18:22:58 | INFO | Start time: 2026-09-02 18:22:58.135962
2026-09-02 18:22:58 | INFO | ============================================================
2026-09-02 18:23:05 | INFO | SparkSession created
2026-09-02 18:23:05 | INFO | Starting read_raw()
2026-09-02 18:23:05 | INFO | Input files found: 7
2026-09-02 18:23:05 | INFO | Input file: /mnt/d/capstone1/data/raw/sms-call-internet-mi-2013-11-01.csv
2026-09-02 18:23:05 | INFO | Input file: /mnt/d/capstone1/data/raw/sms-call-internet-mi-2013-11-02.csv
2026-09-02 18:23:05 | INFO | Input file: /mnt/d/capstone1/data/raw/sms-call-internet-mi-2013-11-03.csv
2026-09-02 18:23:05 | INFO | Input file: /mnt/d/capstone1/data/raw/sms-call-internet-mi-2013-11-04.csv
2026-09-02 18:23:05 | INFO | Input file: /mnt/d/capstone1/data/raw/sms-call-internet-mi-2013-11-05.csv
2026-09-02 18:23:05 | INFO | Input file: /mnt/d/capstone1/data/raw/sms-call-internet-mi-2013-11-06.csv
2026-09-02 18:23:05 | INFO | Input file: /mnt/d/capstone1/data/raw/sms-call-internet-mi-2013-11-07.csv
2026-09-02 18:23:18 | INFO | Raw input rows: 15089165
2026-09-02 18:23:18 | INFO | read_raw() completed
2026-09-02 18:23:18 | INFO | Starting clean()
2026-09-02 18:23:34 | INFO | Activity nulls - sms_in: 9065620
2026-09-02 18:23:34 | INFO | Activity nulls - sms_out: 11542655
2026-09-02 18:23:34 | INFO | Activity nulls - call_in: 10979856
2026-09-02 18:23:34 | INFO | Activity nulls - call_out: 8604862
2026-09-02 18:23:34 | INFO | Activity nulls - internet_activity: 8369201
2026-09-02 18:23:34 | INFO | Total activity nulls before null-to-zero rule: 48562194
2026-09-02 18:23:46 | INFO | Rejected rows: 0
2026-09-02 18:24:14 | INFO | Cleaned rows: 15089165
2026-09-02 18:24:14 | INFO | Null activity values handled: 48562194
2026-09-02 18:24:14 | INFO | clean() completed
2026-09-02 18:24:14 | INFO | Starting aggregate()
2026-09-02 18:24:32 | INFO | Peak activity hour: 2013-11-07 14:00:00 | activity=7941600.065799996
2026-09-02 18:24:47 | INFO | hourly_grid_summary rows: 1679994
2026-09-02 18:24:47 | INFO | aggregate() completed
2026-09-02 18:24:47 | INFO | Starting enrich()
2026-09-02 18:24:49 | INFO | Grid lookup rows: 10000
2026-09-02 18:25:46 | INFO | Distinct activity grids before enrichment: 10000
2026-09-02 18:25:46 | INFO | Distinct activity grids after enrichment: 10000
2026-09-02 18:25:46 | INFO | Grids missing geometry: 0
2026-09-02 18:25:46 | INFO | Geometry enrichment coverage: 100.00%
2026-09-02 18:26:03 | INFO | Unmatched grid IDs: 0
2026-09-02 18:26:03 | INFO | Top high-activity grids with geometry prepared
2026-09-02 18:26:03 | INFO | enrich() completed
2026-09-02 18:26:03 | INFO | Starting write_outputs()
2026-09-02 18:26:03 | INFO | About to write clean activity Parquet: /mnt/d/capstone1/data/processed/clean_activity_parquet
2026-09-02 18:26:03 | INFO | Clean activity columns: ['timestamp', 'grid_id', 'country_code', 'sms_in', 'sms_out', 'call_in', 'call_out', 'internet_activity', '_source_file', 'total_sms', 'total_calls', 'total_activity', 'date', 'hour', 'day_of_week']
2026-09-02 18:26:03 | INFO | Clean activity schema:
2026-09-02 18:28:35 | INFO | Clean activity Parquet write: SUCCESS
2026-09-02 18:28:35 | INFO | Clean activity Parquet written: /mnt/d/capstone1/data/processed/clean_activity_parquet
2026-09-02 18:28:49 | INFO | hourly_grid_summary Parquet written: /mnt/d/capstone1/data/processed/hourly_grid_summary_parquet
2026-09-02 18:28:51 | INFO | Dashboard CSV written: /mnt/d/capstone1/data/processed/dashboard_summary
2026-09-02 18:28:57 | INFO | Clean output rows: 15089165
2026-09-02 18:28:57 | INFO | Expected clean rows: 15089165
2026-09-02 18:28:57 | INFO | Hourly output rows: 1679994
2026-09-02 18:28:57 | INFO | Expected hourly rows: 1679994
2026-09-02 18:28:57 | INFO | Parquet read-back validation: PASS
2026-09-02 18:28:57 | INFO | write_outputs() completed
2026-09-02 18:28:57 | INFO | Input rows: 15089165
2026-09-02 18:28:57 | INFO | Rejected rows: 0
2026-09-02 18:28:57 | INFO | Activity nulls handled: 48562194
2026-09-02 18:28:57 | INFO | Output rows: 1679994
2026-09-02 18:28:57 | INFO | End time: 2026-09-02 18:28:57.719613
2026-09-02 18:28:57 | INFO | Duration seconds: 359.58
2026-09-02 18:28:57 | INFO | FINAL STATUS: SUCCESS
2026-09-02 18:28:57 | INFO | ============================================================
2026-09-02 18:28:58 | INFO | SparkSession stopped
2026-09-02 18:28:58 | INFO | Closing down clientserver connection
