{"timestamp":"2026-08-31T13:27:39.107351Z","level":"info","event":"::group::Pre Execute","logger":"task","filename":"task_runner.py","lineno":2412}
{"timestamp":"2026-08-31T13:27:39.372374Z","level":"info","event":"DAG bundles loaded: dags-folder, example_dags, apache-airflow-providers-common-sql-example-dags, apache-airflow-providers-standard-example-dags","dag_id":"telecom_ingestion_de2","run_id":"manual__2026-08-31T13:26:50.366410+00:00","ti_id":"01a05800-4f29-7b5a-8af2-4b485f67b92b","map_index":-1,"try_number":1,"task_id":"log","logger":"airflow.dag_processing.bundles.manager.DagBundlesManager","filename":"manager.py","lineno":304}
{"timestamp":"2026-08-31T13:27:39.375699Z","level":"info","event":"Filling up the DagBag from /mnt/d/capstone1/airflow/dags/telecom_ingestion_dag.py","dag_id":"telecom_ingestion_de2","run_id":"manual__2026-08-31T13:26:50.366410+00:00","ti_id":"01a05800-4f29-7b5a-8af2-4b485f67b92b","map_index":-1,"try_number":1,"task_id":"log","logger":"airflow.dag_processing.dagbag.BundleDagBag","filename":"dagbag.py","lineno":460}
{"timestamp":"2026-08-31T13:27:39.857099Z","level":"info","event":"Worker startup parse complete","bundle_name":"dags-folder","bundle_version":null,"dag_file":"telecom_ingestion_dag.py","dag_id":"telecom_ingestion_de2","bundle_prepare_ms":4,"dag_file_parse_ms":481,"run_id":"manual__2026-08-31T13:26:50.366410+00:00","ti_id":"01a05800-4f29-7b5a-8af2-4b485f67b92b","map_index":-1,"try_number":1,"task_id":"log","logger":"task","filename":"task_runner.py","lineno":1073}
{"timestamp":"2026-08-31T13:27:39.887697Z","level":"info","event":"Task instance is in running state","logger":"task.stdout"}
{"timestamp":"2026-08-31T13:27:39.889192Z","level":"info","event":" Previous state of the Task instance: TaskInstanceState.QUEUED","logger":"task.stdout"}
{"timestamp":"2026-08-31T13:27:39.890155Z","level":"info","event":"Current task name:log","logger":"task.stdout"}
{"timestamp":"2026-08-31T13:27:39.890891Z","level":"info","event":"Dag name:telecom_ingestion_de2","logger":"task.stdout"}
{"timestamp":"2026-08-31T13:27:39.887989Z","level":"info","event":"::endgroup::","dag_id":"telecom_ingestion_de2","run_id":"manual__2026-08-31T13:26:50.366410+00:00","ti_id":"01a05800-4f29-7b5a-8af2-4b485f67b92b","map_index":-1,"try_number":1,"task_id":"log","logger":"task","filename":"task_runner.py","lineno":2232}
{"timestamp":"2026-08-31T13:27:39.916350Z","level":"info","event":"Logged ingestion metadata for sms-call-internet-mi-2013-11-01.csv","logger":"task.stdout"}
{"timestamp":"2026-08-31T13:27:39.943306Z","level":"info","event":"Logged ingestion metadata for sms-call-internet-mi-2013-11-02.csv","logger":"task.stdout"}
{"timestamp":"2026-08-31T13:27:39.977658Z","level":"info","event":"Logged ingestion metadata for sms-call-internet-mi-2013-11-03.csv","logger":"task.stdout"}
{"timestamp":"2026-08-31T13:27:40.002608Z","level":"info","event":"Logged ingestion metadata for sms-call-internet-mi-2013-11-04.csv","logger":"task.stdout"}
{"timestamp":"2026-08-31T13:27:40.060859Z","level":"info","event":"Logged ingestion metadata for sms-call-internet-mi-2013-11-05.csv","logger":"task.stdout"}
{"timestamp":"2026-08-31T13:27:40.083755Z","level":"info","event":"Logged ingestion metadata for sms-call-internet-mi-2013-11-06.csv","logger":"task.stdout"}
{"timestamp":"2026-08-31T13:27:40.105788Z","level":"info","event":"Logged ingestion metadata for sms-call-internet-mi-2013-11-07.csv","logger":"task.stdout"}
{"timestamp":"2026-08-31T13:27:40.107141Z","level":"info","event":"Ingestion metadata written successfully.","logger":"task.stdout"}
{"timestamp":"2026-08-31T13:27:40.105840Z","level":"info","event":"Done. Returned value was: None","dag_id":"telecom_ingestion_de2","run_id":"manual__2026-08-31T13:26:50.366410+00:00","ti_id":"01a05800-4f29-7b5a-8af2-4b485f67b92b","map_index":-1,"try_number":1,"task_id":"log","logger":"airflow.task.operators.airflow.providers.standard.decorators.python._PythonDecoratedOperator","filename":"python.py","lineno":233}
{"timestamp":"2026-08-31T13:27:40.106076Z","level":"info","event":"::group::Post Execute","dag_id":"telecom_ingestion_de2","run_id":"manual__2026-08-31T13:26:50.366410+00:00","ti_id":"01a05800-4f29-7b5a-8af2-4b485f67b92b","map_index":-1,"try_number":1,"task_id":"log","logger":"task","filename":"task_runner.py","lineno":1580}
{"timestamp":"2026-08-31T13:27:40.145324Z","level":"info","event":"Task instance in success state","logger":"task.stdout"}
{"timestamp":"2026-08-31T13:27:40.146939Z","level":"info","event":" Previous state of the Task instance: TaskInstanceState.RUNNING","logger":"task.stdout"}
{"timestamp":"2026-08-31T13:27:40.148068Z","level":"info","event":"Task operator:<Task(_PythonDecoratedOperator): log>","logger":"task.stdout"}
{"timestamp":"2026-08-31T13:27:40.145549Z","level":"info","event":"::endgroup::","dag_id":"telecom_ingestion_de2","run_id":"manual__2026-08-31T13:26:50.366410+00:00","ti_id":"01a05800-4f29-7b5a-8af2-4b485f67b92b","map_index":-1,"try_number":1,"task_id":"log","logger":"task","filename":"task_runner.py","lineno":2379}
