{"timestamp":"2026-09-03T05:34:26.039137Z","level":"info","event":"::group::Pre Execute","logger":"task","filename":"task_runner.py","lineno":2412}
{"timestamp":"2026-09-03T05:34:26.858321Z","level":"info","event":"DAG bundles loaded: dags-folder, example_dags, apache-airflow-providers-common-sql-example-dags, apache-airflow-providers-standard-example-dags","ti_id":"01a065c2-def5-7889-ab7e-3e346e72765d","try_number":1,"task_id":"load_warehouse","dag_id":"telecom_end_to_end_de7","run_id":"manual__2026-09-03T05:30:31.943925+00:00","map_index":-1,"logger":"airflow.dag_processing.bundles.manager.DagBundlesManager","filename":"manager.py","lineno":304}
{"timestamp":"2026-09-03T05:34:26.863253Z","level":"info","event":"Filling up the DagBag from /mnt/d/capstone1/airflow/dags/telecom_end_to_end_de7.py","ti_id":"01a065c2-def5-7889-ab7e-3e346e72765d","try_number":1,"task_id":"load_warehouse","dag_id":"telecom_end_to_end_de7","run_id":"manual__2026-09-03T05:30:31.943925+00:00","map_index":-1,"logger":"airflow.dag_processing.dagbag.BundleDagBag","filename":"dagbag.py","lineno":460}
{"timestamp":"2026-09-03T05:34:28.603391Z","level":"info","event":"Worker startup parse complete","bundle_name":"dags-folder","bundle_version":null,"dag_file":"telecom_end_to_end_de7.py","dag_id":"telecom_end_to_end_de7","bundle_prepare_ms":13,"dag_file_parse_ms":1740,"ti_id":"01a065c2-def5-7889-ab7e-3e346e72765d","try_number":1,"task_id":"load_warehouse","run_id":"manual__2026-09-03T05:30:31.943925+00:00","map_index":-1,"logger":"task","filename":"task_runner.py","lineno":1073}
{"timestamp":"2026-09-03T05:34:28.700704Z","level":"info","event":"Task instance is in running state","logger":"task.stdout"}
{"timestamp":"2026-09-03T05:34:28.702079Z","level":"info","event":" Previous state of the Task instance: TaskInstanceState.QUEUED","logger":"task.stdout"}
{"timestamp":"2026-09-03T05:34:28.704481Z","level":"info","event":"Current task name:load_warehouse","logger":"task.stdout"}
{"timestamp":"2026-09-03T05:34:28.705604Z","level":"info","event":"Dag name:telecom_end_to_end_de7","logger":"task.stdout"}
{"timestamp":"2026-09-03T05:34:28.701224Z","level":"info","event":"::endgroup::","ti_id":"01a065c2-def5-7889-ab7e-3e346e72765d","try_number":1,"task_id":"load_warehouse","dag_id":"telecom_end_to_end_de7","run_id":"manual__2026-09-03T05:30:31.943925+00:00","map_index":-1,"logger":"task","filename":"task_runner.py","lineno":2232}
{"timestamp":"2026-09-03T05:34:28.709002Z","level":"info","event":"======================================================================","logger":"task.stdout"}
{"timestamp":"2026-09-03T05:34:28.711148Z","level":"info","event":"TASK: LOAD WAREHOUSE","logger":"task.stdout"}
{"timestamp":"2026-09-03T05:34:28.712641Z","level":"info","event":"======================================================================","logger":"task.stdout"}
{"timestamp":"2026-09-03T05:34:28.714164Z","level":"info","event":"Running warehouse loader:","logger":"task.stdout"}
{"timestamp":"2026-09-03T05:34:28.715196Z","level":"info","event":"/home/harikumarg/airflow_test/airflow_env/bin/python3 /mnt/d/capstone1/src/warehouse_loader.py --hourly /mnt/d/capstone1/data/processed/hourly_grid_summary_parquet --geojson /mnt/d/capstone1/data/reference/milano-grid.geojson","logger":"task.stdout"}
{"timestamp":"2026-09-03T05:34:29.561442Z","level":"error","event":"2026-09-03 05:34:29,561 | INFO | Connecting to MySQL warehouse","logger":"task.stderr"}
{"timestamp":"2026-09-03T05:34:29.721746Z","level":"error","event":"2026-09-03 05:34:29,721 | INFO | MySQL connection established","logger":"task.stderr"}
{"timestamp":"2026-09-03T05:34:29.722940Z","level":"error","event":"2026-09-03 05:34:29,721 | INFO | Starting Spark session","logger":"task.stderr"}
{"timestamp":"2026-09-03T05:34:30.048137Z","level":"error","event":"WARNING: Using incubator modules: jdk.incubator.vector","logger":"task.stderr"}
{"timestamp":"2026-09-03T05:34:31.434148Z","level":"error","event":"Using Spark's default log4j profile: org/apache/spark/log4j2-defaults.properties","logger":"task.stderr"}
{"timestamp":"2026-09-03T05:34:31.462664Z","level":"error","event":"26/09/03 05:34:31 WARN Utils: Your hostname, C8LAP1542, resolves to a loopback address: 127.0.1.1; using 10.255.255.254 instead (on interface lo)","logger":"task.stderr"}
{"timestamp":"2026-09-03T05:34:31.467494Z","level":"error","event":"26/09/03 05:34:31 WARN Utils: Set SPARK_LOCAL_IP if you need to bind to another address","logger":"task.stderr"}
{"timestamp":"2026-09-03T05:34:32.047992Z","level":"error","event":"26/09/03 05:34:32 WARN NativeCodeLoader: Unable to load native-hadoop library for your platform... using builtin-java classes where applicable","logger":"task.stderr"}
{"timestamp":"2026-09-03T05:34:32.238744Z","level":"error","event":"Using Spark's default log4j profile: org/apache/spark/log4j2-defaults.properties","logger":"task.stderr"}
{"timestamp":"2026-09-03T05:34:32.240787Z","level":"error","event":"Setting default log level to \"WARN\".","logger":"task.stderr"}
{"timestamp":"2026-09-03T05:34:32.242575Z","level":"error","event":"To adjust logging level use sc.setLogLevel(newLevel). For SparkR, use setLogLevel(newLevel).","logger":"task.stderr"}
{"timestamp":"2026-09-03T05:34:32.430530Z","level":"error","event":"/home/harikumarg/airflow_test/airflow_env/lib/python3.14/site-packages/pyspark/testing/utils.py:127: FutureWarning: PySpark does not yet fully support pandas >= 3.0.0. Some features may not work correctly. It is recommended to use pandas < 3.0.0 for now.","logger":"task.stderr"}
{"timestamp":"2026-09-03T05:34:32.432372Z","level":"error","event":"  require_minimum_pandas_version()","logger":"task.stderr"}
{"timestamp":"2026-09-03T05:34:36.532325Z","level":"error","event":"2026-09-03 05:34:36,531 | INFO | Spark session established","logger":"task.stderr"}
{"timestamp":"2026-09-03T05:34:36.535116Z","level":"error","event":"2026-09-03 05:34:36,532 | INFO | Creating warehouse tables","logger":"task.stderr"}
{"timestamp":"2026-09-03T05:34:36.546023Z","level":"error","event":"Server indicated the task shouldn't be running anymore. Terminating process","detail":{"reason":"not_running","message":"TI is no longer in the running state and task should terminate","current_state":"success"},"logger":"task"}
{"timestamp":"2026-09-03T05:34:36.554031Z","level":"error","event":"Task failed with exception","ti_id":"01a065c2-def5-7889-ab7e-3e346e72765d","try_number":1,"task_id":"load_warehouse","dag_id":"telecom_end_to_end_de7","run_id":"manual__2026-09-03T05:30:31.943925+00:00","map_index":-1,"logger":"task","filename":"task_runner.py","lineno":1676,"error_detail":[{"exc_type":"RuntimeError","exc_value":"warehouse_loader.py failed with exit code -15","exc_notes":[],"syntax_error":null,"is_cause":false,"frames":[{"filename":"/home/harikumarg/airflow_test/airflow_env/lib/python3.14/site-packages/airflow/sdk/execution_time/task_runner.py","lineno":1579,"name":"_run_task_and_map_outcome"},{"filename":"/home/harikumarg/airflow_test/airflow_env/lib/python3.14/site-packages/airflow/sdk/execution_time/task_runner.py","lineno":197,"name":"wrapper"},{"filename":"/home/harikumarg/airflow_test/airflow_env/lib/python3.14/site-packages/airflow/sdk/execution_time/task_runner.py","lineno":2234,"name":"_execute_task"},{"filename":"/home/harikumarg/airflow_test/airflow_env/lib/python3.14/site-packages/airflow/sdk/execution_time/task_runner.py","lineno":197,"name":"wrapper"},{"filename":"/home/harikumarg/airflow_test/airflow_env/lib/python3.14/site-packages/airflow/sdk/execution_time/task_runner.py","lineno":2192,"name":"_run_execute_callable"},{"filename":"/home/harikumarg/airflow_test/airflow_env/lib/python3.14/site-packages/airflow/sdk/bases/operator.py","lineno":445,"name":"wrapper"},{"filename":"/home/harikumarg/airflow_test/airflow_env/lib/python3.14/site-packages/airflow/sdk/bases/decorator.py","lineno":398,"name":"execute"},{"filename":"/home/harikumarg/airflow_test/airflow_env/lib/python3.14/site-packages/airflow/sdk/bases/operator.py","lineno":445,"name":"wrapper"},{"filename":"/home/harikumarg/airflow_test/airflow_env/lib/python3.14/site-packages/airflow/providers/standard/operators/python.py","lineno":231,"name":"execute"},{"filename":"/home/harikumarg/airflow_test/airflow_env/lib/python3.14/site-packages/airflow/providers/standard/operators/python.py","lineno":254,"name":"execute_callable"},{"filename":"/home/harikumarg/airflow_test/airflow_env/lib/python3.14/site-packages/airflow/sdk/execution_time/callback_runner.py","lineno":97,"name":"run"},{"filename":"/mnt/d/capstone1/airflow/dags/telecom_end_to_end_de7.py","lineno":609,"name":"load_warehouse"}],"is_group":false,"exceptions":[]}]}
{"timestamp":"2026-09-03T05:34:36.554652Z","level":"info","event":"::group::Post Execute","ti_id":"01a065c2-def5-7889-ab7e-3e346e72765d","try_number":1,"task_id":"load_warehouse","dag_id":"telecom_end_to_end_de7","run_id":"manual__2026-09-03T05:30:31.943925+00:00","map_index":-1,"logger":"task","filename":"task_runner.py","lineno":1677}
{"timestamp":"2026-09-03T05:34:36.559878Z","level":"info","event":"Task instance in failure state","logger":"task.stdout"}
{"timestamp":"2026-09-03T05:34:36.561879Z","level":"info","event":"Task start","logger":"task.stdout"}
{"timestamp":"2026-09-03T05:34:36.563205Z","level":"info","event":"Task:<Task(_PythonDecoratedOperator): load_warehouse>","logger":"task.stdout"}
{"timestamp":"2026-09-03T05:34:36.564112Z","level":"info","event":"Failure caused by warehouse_loader.py failed with exit code -15","logger":"task.stdout"}
{"timestamp":"2026-09-03T05:34:36.560283Z","level":"info","event":"::endgroup::","ti_id":"01a065c2-def5-7889-ab7e-3e346e72765d","try_number":1,"task_id":"load_warehouse","dag_id":"telecom_end_to_end_de7","run_id":"manual__2026-09-03T05:30:31.943925+00:00","map_index":-1,"logger":"task","filename":"task_runner.py","lineno":2379}
{"timestamp":"2026-09-03T05:34:36.983390Z","level":"error","event":"Task killed!","logger":"task"}
