{"timestamp":"2026-09-03T08:46:04.142245Z","level":"info","event":"::group::Pre Execute","logger":"task","filename":"task_runner.py","lineno":2412}
{"timestamp":"2026-09-03T08:46:04.442922Z","level":"info","event":"DAG bundles loaded: dags-folder, example_dags, apache-airflow-providers-common-sql-example-dags, apache-airflow-providers-standard-example-dags","map_index":-1,"dag_id":"telecom_end_to_end_de7","run_id":"manual__2026-09-03T08:46:02.637037+00:00","try_number":1,"ti_id":"01a06672-5007-7225-bcdb-a09375834ae0","task_id":"ingest","logger":"airflow.dag_processing.bundles.manager.DagBundlesManager","filename":"manager.py","lineno":304}
{"timestamp":"2026-09-03T08:46:04.448170Z","level":"info","event":"Filling up the DagBag from /mnt/d/capstone1/airflow/dags/telecom_end_to_end_de7.py","map_index":-1,"dag_id":"telecom_end_to_end_de7","run_id":"manual__2026-09-03T08:46:02.637037+00:00","try_number":1,"ti_id":"01a06672-5007-7225-bcdb-a09375834ae0","task_id":"ingest","logger":"airflow.dag_processing.dagbag.BundleDagBag","filename":"dagbag.py","lineno":460}
{"timestamp":"2026-09-03T08:46:05.293745Z","level":"info","event":"Worker startup parse complete","bundle_name":"dags-folder","bundle_version":null,"dag_file":"telecom_end_to_end_de7.py","dag_id":"telecom_end_to_end_de7","bundle_prepare_ms":6,"dag_file_parse_ms":845,"map_index":-1,"run_id":"manual__2026-09-03T08:46:02.637037+00:00","try_number":1,"ti_id":"01a06672-5007-7225-bcdb-a09375834ae0","task_id":"ingest","logger":"task","filename":"task_runner.py","lineno":1073}
{"timestamp":"2026-09-03T08:46:05.332263Z","level":"info","event":"Task instance is in running state","logger":"task.stdout"}
{"timestamp":"2026-09-03T08:46:05.334274Z","level":"info","event":" Previous state of the Task instance: TaskInstanceState.QUEUED","logger":"task.stdout"}
{"timestamp":"2026-09-03T08:46:05.336432Z","level":"info","event":"Current task name:ingest","logger":"task.stdout"}
{"timestamp":"2026-09-03T08:46:05.337859Z","level":"info","event":"Dag name:telecom_end_to_end_de7","logger":"task.stdout"}
{"timestamp":"2026-09-03T08:46:05.333219Z","level":"info","event":"::endgroup::","map_index":-1,"dag_id":"telecom_end_to_end_de7","run_id":"manual__2026-09-03T08:46:02.637037+00:00","try_number":1,"ti_id":"01a06672-5007-7225-bcdb-a09375834ae0","task_id":"ingest","logger":"task","filename":"task_runner.py","lineno":2232}
{"timestamp":"2026-09-03T08:46:05.340358Z","level":"info","event":"======================================================================","logger":"task.stdout"}
{"timestamp":"2026-09-03T08:46:05.341684Z","level":"info","event":"TASK: INGEST","logger":"task.stdout"}
{"timestamp":"2026-09-03T08:46:05.342722Z","level":"info","event":"======================================================================","logger":"task.stdout"}
{"timestamp":"2026-09-03T08:46:05.352983Z","level":"info","event":"Detected 7 candidate file(s).","logger":"task.stdout"}
{"timestamp":"2026-09-03T08:46:05.354336Z","level":"info","event":"  - sms-call-internet-mi-2013-11-01.csv","logger":"task.stdout"}
{"timestamp":"2026-09-03T08:46:05.355565Z","level":"info","event":"  - sms-call-internet-mi-2013-11-02.csv","logger":"task.stdout"}
{"timestamp":"2026-09-03T08:46:05.356675Z","level":"info","event":"  - sms-call-internet-mi-2013-11-03.csv","logger":"task.stdout"}
{"timestamp":"2026-09-03T08:46:05.357451Z","level":"info","event":"  - sms-call-internet-mi-2013-11-04.csv","logger":"task.stdout"}
{"timestamp":"2026-09-03T08:46:05.358284Z","level":"info","event":"  - sms-call-internet-mi-2013-11-05.csv","logger":"task.stdout"}
{"timestamp":"2026-09-03T08:46:05.359395Z","level":"info","event":"  - sms-call-internet-mi-2013-11-06.csv","logger":"task.stdout"}
{"timestamp":"2026-09-03T08:46:05.360458Z","level":"info","event":"  - sms-call-internet-mi-2013-11-07.csv","logger":"task.stdout"}
{"timestamp":"2026-09-03T08:46:05.361447Z","level":"info","event":"Detected 7 files.","logger":"task.stdout"}
{"timestamp":"2026-09-03T08:46:05.362423Z","level":"info","event":"Detected file: /mnt/d/capstone1/data/landing/sms-call-internet-mi-2013-11-01.csv","logger":"task.stdout"}
{"timestamp":"2026-09-03T08:46:05.363329Z","level":"info","event":"Detected file: /mnt/d/capstone1/data/landing/sms-call-internet-mi-2013-11-02.csv","logger":"task.stdout"}
{"timestamp":"2026-09-03T08:46:05.364293Z","level":"info","event":"Detected file: /mnt/d/capstone1/data/landing/sms-call-internet-mi-2013-11-03.csv","logger":"task.stdout"}
{"timestamp":"2026-09-03T08:46:05.365313Z","level":"info","event":"Detected file: /mnt/d/capstone1/data/landing/sms-call-internet-mi-2013-11-04.csv","logger":"task.stdout"}
{"timestamp":"2026-09-03T08:46:05.366307Z","level":"info","event":"Detected file: /mnt/d/capstone1/data/landing/sms-call-internet-mi-2013-11-05.csv","logger":"task.stdout"}
{"timestamp":"2026-09-03T08:46:05.367653Z","level":"info","event":"Detected file: /mnt/d/capstone1/data/landing/sms-call-internet-mi-2013-11-06.csv","logger":"task.stdout"}
{"timestamp":"2026-09-03T08:46:05.368636Z","level":"info","event":"Detected file: /mnt/d/capstone1/data/landing/sms-call-internet-mi-2013-11-07.csv","logger":"task.stdout"}
{"timestamp":"2026-09-03T08:46:05.353095Z","level":"info","event":"Done. Returned value was: ['/mnt/d/capstone1/data/landing/sms-call-internet-mi-2013-11-01.csv', '/mnt/d/capstone1/data/landing/sms-call-internet-mi-2013-11-02.csv', '/mnt/d/capstone1/data/landing/sms-call-internet-mi-2013-11-03.csv', '/mnt/d/capstone1/data/landing/sms-call-internet-mi-2013-11-04.csv', '/mnt/d/capstone1/data/landing/sms-call-internet-mi-2013-11-05.csv', '/mnt/d/capstone1/data/landing/sms-call-internet-mi-2013-11-06.csv', '/mnt/d/capstone1/data/landing/sms-call-internet-mi-2013-11-07.csv']","map_index":-1,"dag_id":"telecom_end_to_end_de7","run_id":"manual__2026-09-03T08:46:02.637037+00:00","try_number":1,"ti_id":"01a06672-5007-7225-bcdb-a09375834ae0","task_id":"ingest","logger":"airflow.task.operators.airflow.providers.standard.decorators.python._PythonDecoratedOperator","filename":"python.py","lineno":233}
{"timestamp":"2026-09-03T08:46:05.353303Z","level":"info","event":"::group::Post Execute","map_index":-1,"dag_id":"telecom_end_to_end_de7","run_id":"manual__2026-09-03T08:46:02.637037+00:00","try_number":1,"ti_id":"01a06672-5007-7225-bcdb-a09375834ae0","task_id":"ingest","logger":"task","filename":"task_runner.py","lineno":1580}
{"timestamp":"2026-09-03T08:46:05.353492Z","level":"info","event":"Pushing xcom","ti":"RuntimeTaskInstance(id=UUID('01a06672-5007-7225-bcdb-a09375834ae0'), task_id='ingest', dag_id='telecom_end_to_end_de7', run_id='manual__2026-09-03T08:46:02.637037+00:00', try_number=1, dag_version_id=UUID('01a065ab-babd-7914-92b3-91f11a4f26fd'), map_index=-1, hostname='C8LAP1542.prodapt.com', context_carrier={'traceparent': '00-50c799aea3c8a148f6daabf3b27bb43f-b274ee5bae7f7021-00'}, queue='default', task=<Task(_PythonDecoratedOperator): ingest>, bundle_instance=LocalDagBundle(name=dags-folder), max_tries=0, start_date=datetime.datetime(2026, 9, 3, 8, 46, 4, 239510, tzinfo=datetime.timezone.utc), end_date=None, state=<TaskInstanceState.RUNNING: 'running'>, is_mapped=False, rendered_map_index=None, sentry_integration='')","map_index":-1,"dag_id":"telecom_end_to_end_de7","run_id":"manual__2026-09-03T08:46:02.637037+00:00","try_number":1,"ti_id":"01a06672-5007-7225-bcdb-a09375834ae0","task_id":"ingest","logger":"task","filename":"task_runner.py","lineno":2280}
{"timestamp":"2026-09-03T08:46:05.460707Z","level":"info","event":"Task instance in success state","logger":"task.stdout"}
{"timestamp":"2026-09-03T08:46:05.462484Z","level":"info","event":" Previous state of the Task instance: TaskInstanceState.RUNNING","logger":"task.stdout"}
{"timestamp":"2026-09-03T08:46:05.463934Z","level":"info","event":"Task operator:<Task(_PythonDecoratedOperator): ingest>","logger":"task.stdout"}
{"timestamp":"2026-09-03T08:46:05.461188Z","level":"info","event":"::endgroup::","map_index":-1,"dag_id":"telecom_end_to_end_de7","run_id":"manual__2026-09-03T08:46:02.637037+00:00","try_number":1,"ti_id":"01a06672-5007-7225-bcdb-a09375834ae0","task_id":"ingest","logger":"task","filename":"task_runner.py","lineno":2379}
