{"timestamp":"2026-09-03T06:23:04.366087Z","level":"info","event":"::group::Pre Execute","logger":"task","filename":"task_runner.py","lineno":2412}
{"timestamp":"2026-09-03T06:23:05.109112Z","level":"info","event":"DAG bundles loaded: dags-folder, example_dags, apache-airflow-providers-common-sql-example-dags, apache-airflow-providers-standard-example-dags","run_id":"manual__2026-09-03T06:18:14.238293+00:00","map_index":-1,"task_id":"load_warehouse","try_number":1,"ti_id":"01a065ea-fd98-7574-be8a-d27558fc9d92","dag_id":"telecom_end_to_end_de7","logger":"airflow.dag_processing.bundles.manager.DagBundlesManager","filename":"manager.py","lineno":304}
{"timestamp":"2026-09-03T06:23:05.113790Z","level":"info","event":"Filling up the DagBag from /mnt/d/capstone1/airflow/dags/telecom_end_to_end_de7.py","run_id":"manual__2026-09-03T06:18:14.238293+00:00","map_index":-1,"task_id":"load_warehouse","try_number":1,"ti_id":"01a065ea-fd98-7574-be8a-d27558fc9d92","dag_id":"telecom_end_to_end_de7","logger":"airflow.dag_processing.dagbag.BundleDagBag","filename":"dagbag.py","lineno":460}
{"timestamp":"2026-09-03T06:23:07.078275Z","level":"info","event":"Worker startup parse complete","bundle_name":"dags-folder","bundle_version":null,"dag_file":"telecom_end_to_end_de7.py","dag_id":"telecom_end_to_end_de7","bundle_prepare_ms":13,"dag_file_parse_ms":1964,"run_id":"manual__2026-09-03T06:18:14.238293+00:00","map_index":-1,"task_id":"load_warehouse","try_number":1,"ti_id":"01a065ea-fd98-7574-be8a-d27558fc9d92","logger":"task","filename":"task_runner.py","lineno":1073}
{"timestamp":"2026-09-03T06:23:07.244335Z","level":"info","event":"Task instance is in running state","logger":"task.stdout"}
{"timestamp":"2026-09-03T06:23:07.245796Z","level":"info","event":" Previous state of the Task instance: TaskInstanceState.QUEUED","logger":"task.stdout"}
{"timestamp":"2026-09-03T06:23:07.246758Z","level":"info","event":"Current task name:load_warehouse","logger":"task.stdout"}
{"timestamp":"2026-09-03T06:23:07.247890Z","level":"info","event":"Dag name:telecom_end_to_end_de7","logger":"task.stdout"}
{"timestamp":"2026-09-03T06:23:07.244631Z","level":"info","event":"::endgroup::","run_id":"manual__2026-09-03T06:18:14.238293+00:00","map_index":-1,"task_id":"load_warehouse","try_number":1,"ti_id":"01a065ea-fd98-7574-be8a-d27558fc9d92","dag_id":"telecom_end_to_end_de7","logger":"task","filename":"task_runner.py","lineno":2232}
{"timestamp":"2026-09-03T06:23:07.250012Z","level":"info","event":"======================================================================","logger":"task.stdout"}
{"timestamp":"2026-09-03T06:23:07.250636Z","level":"info","event":"TASK: LOAD WAREHOUSE","logger":"task.stdout"}
{"timestamp":"2026-09-03T06:23:07.251333Z","level":"info","event":"======================================================================","logger":"task.stdout"}
{"timestamp":"2026-09-03T06:23:07.252172Z","level":"info","event":"Running warehouse loader:","logger":"task.stdout"}
{"timestamp":"2026-09-03T06:23:07.253159Z","level":"info","event":"/home/harikumarg/airflow_test/airflow_env/bin/python3 /mnt/d/capstone1/src/warehouse_loader.py --hourly /mnt/d/capstone1/data/processed/hourly_grid_summary_parquet --geojson /mnt/d/capstone1/data/reference/milano-grid.geojson","logger":"task.stdout"}
{"timestamp":"2026-09-03T06:23:07.933141Z","level":"error","event":"2026-09-03 06:23:07,932 | INFO | Connecting to MySQL warehouse","logger":"task.stderr"}
{"timestamp":"2026-09-03T06:23:08.098190Z","level":"error","event":"2026-09-03 06:23:08,097 | INFO | MySQL connection established","logger":"task.stderr"}
{"timestamp":"2026-09-03T06:23:08.100109Z","level":"error","event":"2026-09-03 06:23:08,097 | INFO | Starting Spark session","logger":"task.stderr"}
{"timestamp":"2026-09-03T06:23:08.355971Z","level":"error","event":"WARNING: Using incubator modules: jdk.incubator.vector","logger":"task.stderr"}
{"timestamp":"2026-09-03T06:23:09.598420Z","level":"error","event":"Using Spark's default log4j profile: org/apache/spark/log4j2-defaults.properties","logger":"task.stderr"}
{"timestamp":"2026-09-03T06:23:09.618149Z","level":"error","event":"26/09/03 06:23:09 WARN Utils: Your hostname, C8LAP1542, resolves to a loopback address: 127.0.1.1; using 10.255.255.254 instead (on interface lo)","logger":"task.stderr"}
{"timestamp":"2026-09-03T06:23:09.620449Z","level":"error","event":"26/09/03 06:23:09 WARN Utils: Set SPARK_LOCAL_IP if you need to bind to another address","logger":"task.stderr"}
{"timestamp":"2026-09-03T06:23:10.190026Z","level":"error","event":"26/09/03 06:23:10 WARN NativeCodeLoader: Unable to load native-hadoop library for your platform... using builtin-java classes where applicable","logger":"task.stderr"}
{"timestamp":"2026-09-03T06:23:10.502631Z","level":"error","event":"Using Spark's default log4j profile: org/apache/spark/log4j2-defaults.properties","logger":"task.stderr"}
{"timestamp":"2026-09-03T06:23:10.508290Z","level":"error","event":"Setting default log level to \"WARN\".","logger":"task.stderr"}
{"timestamp":"2026-09-03T06:23:10.510312Z","level":"error","event":"To adjust logging level use sc.setLogLevel(newLevel). For SparkR, use setLogLevel(newLevel).","logger":"task.stderr"}
{"timestamp":"2026-09-03T06:23:10.705809Z","level":"error","event":"/home/harikumarg/airflow_test/airflow_env/lib/python3.14/site-packages/pyspark/testing/utils.py:127: FutureWarning: PySpark does not yet fully support pandas >= 3.0.0. Some features may not work correctly. It is recommended to use pandas < 3.0.0 for now.","logger":"task.stderr"}
{"timestamp":"2026-09-03T06:23:10.707694Z","level":"error","event":"  require_minimum_pandas_version()","logger":"task.stderr"}
{"timestamp":"2026-09-03T06:23:14.178975Z","level":"error","event":"2026-09-03 06:23:14,178 | INFO | Spark session established","logger":"task.stderr"}
{"timestamp":"2026-09-03T06:23:14.180502Z","level":"error","event":"2026-09-03 06:23:14,178 | INFO | Creating warehouse tables","logger":"task.stderr"}
{"timestamp":"2026-09-03T06:23:14.355508Z","level":"error","event":"2026-09-03 06:23:14,355 | INFO | Warehouse tables ready","logger":"task.stderr"}
{"timestamp":"2026-09-03T06:23:14.356892Z","level":"error","event":"2026-09-03 06:23:14,355 | INFO | Loading static Milan grid reference","logger":"task.stderr"}
{"timestamp":"2026-09-03T06:23:14.514661Z","level":"error","event":"2026-09-03 06:23:14,514 | INFO | Grid dimension records: 10000","logger":"task.stderr"}
{"timestamp":"2026-09-03T06:23:20.348149Z","level":"error","event":"2026-09-03 06:23:20,347 | INFO | dim_grid populated successfully","logger":"task.stderr"}
{"timestamp":"2026-09-03T06:23:20.352304Z","level":"error","event":"2026-09-03 06:23:20,352 | INFO | Loading time dimension from Spark output","logger":"task.stderr"}
{"timestamp":"2026-09-03T06:23:24.720820Z","level":"error","event":"\r[Stage 1:>                                                          (0 + 4) / 4]\r\r                                                                                \r2026-09-03 06:23:24,712 | INFO | Distinct timestamps found: 168","logger":"task.stderr"}
{"timestamp":"2026-09-03T06:23:24.722295Z","level":"error","event":"/home/harikumarg/airflow_test/airflow_env/lib/python3.14/site-packages/pyspark/sql/pandas/conversion.py:298: FutureWarning: PySpark does not yet fully support pandas >= 3.0.0. Some features may not work correctly. It is recommended to use pandas < 3.0.0 for now.","logger":"task.stderr"}
{"timestamp":"2026-09-03T06:23:24.723640Z","level":"error","event":"  require_minimum_pandas_version()","logger":"task.stderr"}
{"timestamp":"2026-09-03T06:23:24.725131Z","level":"error","event":"/home/harikumarg/airflow_test/airflow_env/lib/python3.14/site-packages/pyspark/sql/pandas/conversion.py:348: UserWarning: toPandas attempted Arrow optimization because 'spark.sql.execution.arrow.pyspark.enabled' is set to true; however, failed by the reason below:","logger":"task.stderr"}
{"timestamp":"2026-09-03T06:23:24.726187Z","level":"error","event":"  [PACKAGE_NOT_INSTALLED] PyArrow >= 18.0.0 must be installed; however, it was not found.","logger":"task.stderr"}
{"timestamp":"2026-09-03T06:23:24.727625Z","level":"error","event":"Attempting non-optimization as 'spark.sql.execution.arrow.pyspark.fallback.enabled' is set to true.","logger":"task.stderr"}
{"timestamp":"2026-09-03T06:23:24.728669Z","level":"error","event":"  warn(msg)","logger":"task.stderr"}
{"timestamp":"2026-09-03T06:23:25.633542Z","level":"error","event":"/home/harikumarg/airflow_test/airflow_env/lib/python3.14/site-packages/pyspark/sql/pandas/types.py:778: FutureWarning: PySpark does not yet fully support pandas >= 3.0.0. Some features may not work correctly. It is recommended to use pandas < 3.0.0 for now.","logger":"task.stderr"}
{"timestamp":"2026-09-03T06:23:25.635614Z","level":"error","event":"  require_minimum_pandas_version()","logger":"task.stderr"}
{"timestamp":"2026-09-03T06:23:25.847863Z","level":"error","event":"2026-09-03 06:23:25,847 | INFO | dim_time populated successfully","logger":"task.stderr"}
{"timestamp":"2026-09-03T06:23:25.849773Z","level":"error","event":"2026-09-03 06:23:25,847 | INFO | Starting Spark fact loading","logger":"task.stderr"}
{"timestamp":"2026-09-03T06:23:26.749051Z","level":"error","event":"2026-09-03 06:23:26,748 | INFO | Hourly output schema:","logger":"task.stderr"}
{"timestamp":"2026-09-03T06:23:27.204328Z","level":"error","event":"2026-09-03 06:23:27,204 | INFO | hourly_grid_summary rows: 1679994","logger":"task.stderr"}
{"timestamp":"2026-09-03T06:23:28.070058Z","level":"error","event":"2026-09-03 06:23:28,069 | INFO | dim_grid rows read by Spark: 10000","logger":"task.stderr"}
{"timestamp":"2026-09-03T06:23:28.235032Z","level":"error","event":"2026-09-03 06:23:28,234 | INFO | dim_time rows read by Spark: 168","logger":"task.stderr"}
{"timestamp":"2026-09-03T06:23:29.419629Z","level":"error","event":"\r[Stage 26:>                                                         (0 + 4) / 4]\r\r                                                                                \r2026-09-03 06:23:29,419 | INFO | Rows matching dim_grid: 1679994 / 1679994","logger":"task.stderr"}
{"timestamp":"2026-09-03T06:23:30.503125Z","level":"error","event":"\r[Stage 35:>                                                         (0 + 4) / 4]\r\r                                                                                \r2026-09-03 06:23:30,502 | INFO | Rows matching dim_time: 1679994 / 1679994","logger":"task.stderr"}
{"timestamp":"2026-09-03T06:23:31.764258Z","level":"error","event":"\r[Stage 45:>                                                         (0 + 4) / 4]\r\r                                                                                \r2026-09-03 06:23:31,763 | INFO | Fact rows prepared: 1679994","logger":"task.stderr"}
{"timestamp":"2026-09-03T06:23:34.076080Z","level":"error","event":"\r[Stage 57:>                                                         (0 + 4) / 4]\r\r                                                                                \r\r[Stage 63:>                                                         (0 + 4) / 4]\r\r                                                                                \r2026-09-03 06:23:34,075 | INFO | Fact grain validation passed","logger":"task.stderr"}
{"timestamp":"2026-09-03T06:23:34.078645Z","level":"error","event":"2026-09-03 06:23:34,075 | INFO | Writing fact_network_activity","logger":"task.stderr"}
{"timestamp":"2026-09-03T06:27:52.857294Z","level":"error","event":"\r[Stage 73:>                                                         (0 + 4) / 4]\r\r[Stage 73:>   (0 + 4) / 4][Stage 75:>   (0 + 0) / 1][Stage 77:>   (0 + 0) / 1]\r\r                                                                                \r\r[Stage 79:>                                                         (0 + 4) / 4]\r\r[Stage 79:>                                                         (0 + 4) / 4]\r\r[Stage 79:>                                                         (0 + 4) / 4]\r\r[Stage 79:>                                                         (0 + 4) / 4]\r\r[Stage 79:>                                                         (0 + 4) / 4]\r\r[Stage 79:==============>                                           (1 + 3) / 4]\r\r[Stage 79:=============================>                            (2 + 2) / 4]\r\r[Stage 79:===========================================>              (3 + 1) / 4]\r\r                                                                                \r2026-09-03 06:27:52,856 | INFO | Fact data loaded successfully","logger":"task.stderr"}
{"timestamp":"2026-09-03T06:27:52.861444Z","level":"error","event":"2026-09-03 06:27:52,857 | INFO | Running warehouse validation","logger":"task.stderr"}
{"timestamp":"2026-09-03T06:27:56.089929Z","level":"error","event":"2026-09-03 06:27:56,089 | INFO | dim_grid count: 10000","logger":"task.stderr"}
{"timestamp":"2026-09-03T06:27:56.091438Z","level":"error","event":"2026-09-03 06:27:56,089 | INFO | dim_time count: 168","logger":"task.stderr"}
{"timestamp":"2026-09-03T06:27:56.092450Z","level":"error","event":"2026-09-03 06:27:56,089 | INFO | fact count: 1679994","logger":"task.stderr"}
{"timestamp":"2026-09-03T06:27:56.093478Z","level":"error","event":"2026-09-03 06:27:56,089 | INFO | Duplicate grid IDs: 0","logger":"task.stderr"}
{"timestamp":"2026-09-03T06:27:56.094621Z","level":"error","event":"2026-09-03 06:27:56,089 | INFO | Duplicate fact grains: 0","logger":"task.stderr"}
{"timestamp":"2026-09-03T06:27:56.111585Z","level":"error","event":"2026-09-03 06:27:56,089 | INFO | Warehouse validation passed","logger":"task.stderr"}
{"timestamp":"2026-09-03T06:27:56.113042Z","level":"error","event":"2026-09-03 06:27:56,089 | INFO | DE6 warehouse loading completed successfully","logger":"task.stderr"}
{"timestamp":"2026-09-03T06:27:56.114529Z","level":"error","event":"2026-09-03 06:27:56,089 | INFO | Closing warehouse resources","logger":"task.stderr"}
{"timestamp":"2026-09-03T06:27:56.160397Z","level":"error","event":"2026-09-03 06:27:56,160 | INFO | Spark session stopped","logger":"task.stderr"}
{"timestamp":"2026-09-03T06:27:56.167615Z","level":"error","event":"2026-09-03 06:27:56,164 | INFO | MySQL engine disposed","logger":"task.stderr"}
{"timestamp":"2026-09-03T06:27:56.168540Z","level":"error","event":"2026-09-03 06:27:56,164 | INFO | All warehouse resources closed","logger":"task.stderr"}
{"timestamp":"2026-09-03T06:27:56.169312Z","level":"error","event":"2026-09-03 06:27:56,165 | INFO | Closing down clientserver connection","logger":"task.stderr"}
{"timestamp":"2026-09-03T06:27:56.170176Z","level":"info","event":"root","logger":"task.stdout"}
{"timestamp":"2026-09-03T06:27:56.170767Z","level":"info","event":" |-- timestamp: timestamp (nullable = true)","logger":"task.stdout"}
{"timestamp":"2026-09-03T06:27:56.171370Z","level":"info","event":" |-- grid_id: string (nullable = true)","logger":"task.stdout"}
{"timestamp":"2026-09-03T06:27:56.172204Z","level":"info","event":" |-- sms_in: double (nullable = true)","logger":"task.stdout"}
{"timestamp":"2026-09-03T06:27:56.173031Z","level":"info","event":" |-- sms_out: double (nullable = true)","logger":"task.stdout"}
{"timestamp":"2026-09-03T06:27:56.173532Z","level":"info","event":" |-- call_in: double (nullable = true)","logger":"task.stdout"}
{"timestamp":"2026-09-03T06:27:56.174103Z","level":"info","event":" |-- call_out: double (nullable = true)","logger":"task.stdout"}
{"timestamp":"2026-09-03T06:27:56.174920Z","level":"info","event":" |-- internet_activity: double (nullable = true)","logger":"task.stdout"}
{"timestamp":"2026-09-03T06:27:56.175471Z","level":"info","event":" |-- total_sms: double (nullable = true)","logger":"task.stdout"}
{"timestamp":"2026-09-03T06:27:56.175937Z","level":"info","event":" |-- total_calls: double (nullable = true)","logger":"task.stdout"}
{"timestamp":"2026-09-03T06:27:56.176411Z","level":"info","event":" |-- total_activity: double (nullable = true)","logger":"task.stdout"}
{"timestamp":"2026-09-03T06:27:56.176963Z","level":"info","event":" |-- internet_share: double (nullable = true)","logger":"task.stdout"}
{"timestamp":"2026-09-03T06:27:56.177861Z","level":"info","event":" |-- date: date (nullable = true)","logger":"task.stdout"}
{"timestamp":"2026-09-03T06:27:56.178505Z","level":"info","event":"","logger":"task.stdout"}
{"timestamp":"2026-09-03T06:27:56.451804Z","level":"info","event":"Warehouse loading completed successfully.","logger":"task.stdout"}
{"timestamp":"2026-09-03T06:27:56.452906Z","level":"info","event":"Done. Returned value was: {'status': 'SUCCESS'}","run_id":"manual__2026-09-03T06:18:14.238293+00:00","map_index":-1,"task_id":"load_warehouse","try_number":1,"ti_id":"01a065ea-fd98-7574-be8a-d27558fc9d92","dag_id":"telecom_end_to_end_de7","logger":"airflow.task.operators.airflow.providers.standard.decorators.python._PythonDecoratedOperator","filename":"python.py","lineno":233}
{"timestamp":"2026-09-03T06:27:56.454754Z","level":"info","event":"::group::Post Execute","run_id":"manual__2026-09-03T06:18:14.238293+00:00","map_index":-1,"task_id":"load_warehouse","try_number":1,"ti_id":"01a065ea-fd98-7574-be8a-d27558fc9d92","dag_id":"telecom_end_to_end_de7","logger":"task","filename":"task_runner.py","lineno":1580}
{"timestamp":"2026-09-03T06:27:56.456423Z","level":"info","event":"Pushing xcom","ti":"RuntimeTaskInstance(id=UUID('01a065ea-fd98-7574-be8a-d27558fc9d92'), task_id='load_warehouse', dag_id='telecom_end_to_end_de7', run_id='manual__2026-09-03T06:18:14.238293+00:00', try_number=1, dag_version_id=UUID('01a065ab-babd-7914-92b3-91f11a4f26fd'), map_index=-1, hostname='C8LAP1542.prodapt.com', context_carrier={'traceparent': '00-53d9c06a289c2d959352584e29df62e1-e6231e55b4c64eca-00'}, queue='default', task=<Task(_PythonDecoratedOperator): load_warehouse>, bundle_instance=LocalDagBundle(name=dags-folder), max_tries=0, start_date=datetime.datetime(2026, 9, 3, 6, 23, 4, 367215, tzinfo=datetime.timezone.utc), end_date=None, state=<TaskInstanceState.RUNNING: 'running'>, is_mapped=False, rendered_map_index=None, sentry_integration='')","run_id":"manual__2026-09-03T06:18:14.238293+00:00","map_index":-1,"task_id":"load_warehouse","try_number":1,"ti_id":"01a065ea-fd98-7574-be8a-d27558fc9d92","dag_id":"telecom_end_to_end_de7","logger":"task","filename":"task_runner.py","lineno":2280}
{"timestamp":"2026-09-03T06:27:56.543302Z","level":"info","event":"Task instance in success state","logger":"task.stdout"}
{"timestamp":"2026-09-03T06:27:56.544786Z","level":"info","event":" Previous state of the Task instance: TaskInstanceState.RUNNING","logger":"task.stdout"}
{"timestamp":"2026-09-03T06:27:56.547331Z","level":"info","event":"Task operator:<Task(_PythonDecoratedOperator): load_warehouse>","logger":"task.stdout"}
{"timestamp":"2026-09-03T06:27:56.544696Z","level":"info","event":"::endgroup::","run_id":"manual__2026-09-03T06:18:14.238293+00:00","map_index":-1,"task_id":"load_warehouse","try_number":1,"ti_id":"01a065ea-fd98-7574-be8a-d27558fc9d92","dag_id":"telecom_end_to_end_de7","logger":"task","filename":"task_runner.py","lineno":2379}
