{"timestamp":"2026-09-03T07:05:35.465333Z","level":"info","event":"::group::Pre Execute","logger":"task","filename":"task_runner.py","lineno":2412}
{"timestamp":"2026-09-03T07:05:35.605450Z","level":"info","event":"DAG bundles loaded: dags-folder, example_dags, apache-airflow-providers-common-sql-example-dags, apache-airflow-providers-standard-example-dags","task_id":"route","dag_id":"telecom_end_to_end_de7","ti_id":"01a06615-feea-7dfb-96e5-f3c93c20d2ea","try_number":1,"map_index":-1,"run_id":"manual__2026-09-03T07:05:12.563803+00:00","logger":"airflow.dag_processing.bundles.manager.DagBundlesManager","filename":"manager.py","lineno":304}
{"timestamp":"2026-09-03T07:05:35.611221Z","level":"info","event":"Filling up the DagBag from /mnt/d/capstone1/airflow/dags/telecom_end_to_end_de7.py","task_id":"route","dag_id":"telecom_end_to_end_de7","ti_id":"01a06615-feea-7dfb-96e5-f3c93c20d2ea","try_number":1,"map_index":-1,"run_id":"manual__2026-09-03T07:05:12.563803+00:00","logger":"airflow.dag_processing.dagbag.BundleDagBag","filename":"dagbag.py","lineno":460}
{"timestamp":"2026-09-03T07:05:35.971836Z","level":"info","event":"Worker startup parse complete","bundle_name":"dags-folder","bundle_version":null,"dag_file":"telecom_end_to_end_de7.py","dag_id":"telecom_end_to_end_de7","bundle_prepare_ms":6,"dag_file_parse_ms":360,"task_id":"route","ti_id":"01a06615-feea-7dfb-96e5-f3c93c20d2ea","try_number":1,"map_index":-1,"run_id":"manual__2026-09-03T07:05:12.563803+00:00","logger":"task","filename":"task_runner.py","lineno":1073}
{"timestamp":"2026-09-03T07:05:36.002460Z","level":"info","event":"Task instance is in running state","logger":"task.stdout"}
{"timestamp":"2026-09-03T07:05:36.003384Z","level":"info","event":" Previous state of the Task instance: TaskInstanceState.QUEUED","logger":"task.stdout"}
{"timestamp":"2026-09-03T07:05:36.004224Z","level":"info","event":"Current task name:route","logger":"task.stdout"}
{"timestamp":"2026-09-03T07:05:36.004870Z","level":"info","event":"Dag name:telecom_end_to_end_de7","logger":"task.stdout"}
{"timestamp":"2026-09-03T07:05:36.006630Z","level":"info","event":"======================================================================","logger":"task.stdout"}
{"timestamp":"2026-09-03T07:05:36.007665Z","level":"info","event":"TASK: ROUTE","logger":"task.stdout"}
{"timestamp":"2026-09-03T07:05:36.008466Z","level":"info","event":"======================================================================","logger":"task.stdout"}
{"timestamp":"2026-09-03T07:05:36.002741Z","level":"info","event":"::endgroup::","task_id":"route","dag_id":"telecom_end_to_end_de7","ti_id":"01a06615-feea-7dfb-96e5-f3c93c20d2ea","try_number":1,"map_index":-1,"run_id":"manual__2026-09-03T07:05:12.563803+00:00","logger":"task","filename":"task_runner.py","lineno":2232}
{"timestamp":"2026-09-03T07:05:38.143383Z","level":"info","event":"sms-call-internet-mi-2013-11-01.csv -> ACCEPTED: /mnt/d/capstone1/data/raw/sms-call-internet-mi-2013-11-01.csv","logger":"task.stdout"}
{"timestamp":"2026-09-03T07:05:40.137118Z","level":"info","event":"sms-call-internet-mi-2013-11-02.csv -> ACCEPTED: /mnt/d/capstone1/data/raw/sms-call-internet-mi-2013-11-02.csv","logger":"task.stdout"}
{"timestamp":"2026-09-03T07:05:42.215279Z","level":"info","event":"sms-call-internet-mi-2013-11-03.csv -> ACCEPTED: /mnt/d/capstone1/data/raw/sms-call-internet-mi-2013-11-03.csv","logger":"task.stdout"}
{"timestamp":"2026-09-03T07:05:44.816818Z","level":"info","event":"sms-call-internet-mi-2013-11-04.csv -> ACCEPTED: /mnt/d/capstone1/data/raw/sms-call-internet-mi-2013-11-04.csv","logger":"task.stdout"}
{"timestamp":"2026-09-03T07:05:47.436943Z","level":"info","event":"sms-call-internet-mi-2013-11-05.csv -> ACCEPTED: /mnt/d/capstone1/data/raw/sms-call-internet-mi-2013-11-05.csv","logger":"task.stdout"}
{"timestamp":"2026-09-03T07:05:50.137221Z","level":"info","event":"sms-call-internet-mi-2013-11-06.csv -> ACCEPTED: /mnt/d/capstone1/data/raw/sms-call-internet-mi-2013-11-06.csv","logger":"task.stdout"}
{"timestamp":"2026-09-03T07:05:52.690494Z","level":"info","event":"sms-call-internet-mi-2013-11-07.csv -> ACCEPTED: /mnt/d/capstone1/data/raw/sms-call-internet-mi-2013-11-07.csv","logger":"task.stdout"}
{"timestamp":"2026-09-03T07:05:52.717950Z","level":"info","event":"Logged ingestion metadata for sms-call-internet-mi-2013-11-01.csv","logger":"task.stdout"}
{"timestamp":"2026-09-03T07:05:52.732534Z","level":"info","event":"Logged ingestion metadata for sms-call-internet-mi-2013-11-02.csv","logger":"task.stdout"}
{"timestamp":"2026-09-03T07:05:52.746851Z","level":"info","event":"Logged ingestion metadata for sms-call-internet-mi-2013-11-03.csv","logger":"task.stdout"}
{"timestamp":"2026-09-03T07:05:52.764052Z","level":"info","event":"Logged ingestion metadata for sms-call-internet-mi-2013-11-04.csv","logger":"task.stdout"}
{"timestamp":"2026-09-03T07:05:52.779945Z","level":"info","event":"Logged ingestion metadata for sms-call-internet-mi-2013-11-05.csv","logger":"task.stdout"}
{"timestamp":"2026-09-03T07:05:52.797856Z","level":"info","event":"Logged ingestion metadata for sms-call-internet-mi-2013-11-06.csv","logger":"task.stdout"}
{"timestamp":"2026-09-03T07:05:52.815241Z","level":"info","event":"Logged ingestion metadata for sms-call-internet-mi-2013-11-07.csv","logger":"task.stdout"}
{"timestamp":"2026-09-03T07:05:52.816096Z","level":"info","event":"Successfully routed 7 file(s).","logger":"task.stdout"}
{"timestamp":"2026-09-03T07:05:52.815285Z","level":"info","event":"Done. Returned value was: [{'filename': 'sms-call-internet-mi-2013-11-01.csv', 'status': 'ACCEPTED', 'destination': '/mnt/d/capstone1/data/raw/sms-call-internet-mi-2013-11-01.csv', 'reason': 'Non-numeric values found in smsin: 1086153', 'row_count': 1891928}, {'filename': 'sms-call-internet-mi-2013-11-02.csv', 'status': 'ACCEPTED', 'destination': '/mnt/d/capstone1/data/raw/sms-call-internet-mi-2013-11-02.csv', 'reason': 'Non-numeric values found in smsin: 1064004', 'row_count': 1847331}, {'filename': 'sms-call-internet-mi-2013-11-03.csv', 'status': 'ACCEPTED', 'destination': '/mnt/d/capstone1/data/raw/sms-call-internet-mi-2013-11-03.csv', 'reason': 'Non-numeric values found in smsin: 1045136', 'row_count': 1828063}, {'filename': 'sms-call-internet-mi-2013-11-04.csv', 'status': 'ACCEPTED', 'destination': '/mnt/d/capstone1/data/raw/sms-call-internet-mi-2013-11-04.csv', 'reason': 'Non-numeric values found in smsin: 1404456', 'row_count': 2299544}, {'filename': 'sms-call-internet-mi-2013-11-05.csv', 'status': 'ACCEPTED', 'destination': '/mnt/d/capstone1/data/raw/sms-call-internet-mi-2013-11-05.csv', 'reason': 'Non-numeric values found in smsin: 1477440', 'row_count': 2397759}, {'filename': 'sms-call-internet-mi-2013-11-06.csv', 'status': 'ACCEPTED', 'destination': '/mnt/d/capstone1/data/raw/sms-call-internet-mi-2013-11-06.csv', 'reason': 'Non-numeric values found in smsin: 1495711', 'row_count': 2417156}, {'filename': 'sms-call-internet-mi-2013-11-07.csv', 'status': 'ACCEPTED', 'destination': '/mnt/d/capstone1/data/raw/sms-call-internet-mi-2013-11-07.csv', 'reason': 'Non-numeric values found in smsin: 1492720', 'row_count': 2407384}]","task_id":"route","dag_id":"telecom_end_to_end_de7","ti_id":"01a06615-feea-7dfb-96e5-f3c93c20d2ea","try_number":1,"map_index":-1,"run_id":"manual__2026-09-03T07:05:12.563803+00:00","logger":"airflow.task.operators.airflow.providers.standard.decorators.python._PythonDecoratedOperator","filename":"python.py","lineno":233}
{"timestamp":"2026-09-03T07:05:52.815430Z","level":"info","event":"::group::Post Execute","task_id":"route","dag_id":"telecom_end_to_end_de7","ti_id":"01a06615-feea-7dfb-96e5-f3c93c20d2ea","try_number":1,"map_index":-1,"run_id":"manual__2026-09-03T07:05:12.563803+00:00","logger":"task","filename":"task_runner.py","lineno":1580}
{"timestamp":"2026-09-03T07:05:52.815624Z","level":"info","event":"Pushing xcom","ti":"RuntimeTaskInstance(id=UUID('01a06615-feea-7dfb-96e5-f3c93c20d2ea'), task_id='route', dag_id='telecom_end_to_end_de7', run_id='manual__2026-09-03T07:05:12.563803+00:00', try_number=1, dag_version_id=UUID('01a065ab-babd-7914-92b3-91f11a4f26fd'), map_index=-1, hostname='C8LAP1542.prodapt.com', context_carrier={'traceparent': '00-20b6dc8bafbbb79fb125c42e95172559-04290b558ee36637-00'}, queue='default', task=<Task(_PythonDecoratedOperator): route>, bundle_instance=LocalDagBundle(name=dags-folder), max_tries=0, start_date=datetime.datetime(2026, 9, 3, 7, 5, 35, 506974, tzinfo=datetime.timezone.utc), end_date=None, state=<TaskInstanceState.RUNNING: 'running'>, is_mapped=False, rendered_map_index=None, sentry_integration='')","task_id":"route","dag_id":"telecom_end_to_end_de7","ti_id":"01a06615-feea-7dfb-96e5-f3c93c20d2ea","try_number":1,"map_index":-1,"run_id":"manual__2026-09-03T07:05:12.563803+00:00","logger":"task","filename":"task_runner.py","lineno":2280}
{"timestamp":"2026-09-03T07:05:52.865034Z","level":"info","event":"Task instance in success state","logger":"task.stdout"}
{"timestamp":"2026-09-03T07:05:52.866521Z","level":"info","event":" Previous state of the Task instance: TaskInstanceState.RUNNING","logger":"task.stdout"}
{"timestamp":"2026-09-03T07:05:52.867490Z","level":"info","event":"Task operator:<Task(_PythonDecoratedOperator): route>","logger":"task.stdout"}
{"timestamp":"2026-09-03T07:05:52.865240Z","level":"info","event":"::endgroup::","task_id":"route","dag_id":"telecom_end_to_end_de7","ti_id":"01a06615-feea-7dfb-96e5-f3c93c20d2ea","try_number":1,"map_index":-1,"run_id":"manual__2026-09-03T07:05:12.563803+00:00","logger":"task","filename":"task_runner.py","lineno":2379}
