{"timestamp":"2026-09-03T05:30:55.182391Z","level":"info","event":"::group::Pre Execute","logger":"task","filename":"task_runner.py","lineno":2412}
{"timestamp":"2026-09-03T05:30:55.322147Z","level":"info","event":"DAG bundles loaded: dags-folder, example_dags, apache-airflow-providers-common-sql-example-dags, apache-airflow-providers-standard-example-dags","dag_id":"telecom_end_to_end_de7","try_number":1,"map_index":-1,"run_id":"manual__2026-09-03T05:30:31.943925+00:00","task_id":"route","ti_id":"01a065bf-50b8-7d6c-952b-e7ee9e1351ae","logger":"airflow.dag_processing.bundles.manager.DagBundlesManager","filename":"manager.py","lineno":304}
{"timestamp":"2026-09-03T05:30:55.325706Z","level":"info","event":"Filling up the DagBag from /mnt/d/capstone1/airflow/dags/telecom_end_to_end_de7.py","dag_id":"telecom_end_to_end_de7","try_number":1,"map_index":-1,"run_id":"manual__2026-09-03T05:30:31.943925+00:00","task_id":"route","ti_id":"01a065bf-50b8-7d6c-952b-e7ee9e1351ae","logger":"airflow.dag_processing.dagbag.BundleDagBag","filename":"dagbag.py","lineno":460}
{"timestamp":"2026-09-03T05:30:55.683295Z","level":"info","event":"Worker startup parse complete","bundle_name":"dags-folder","bundle_version":null,"dag_file":"telecom_end_to_end_de7.py","dag_id":"telecom_end_to_end_de7","bundle_prepare_ms":4,"dag_file_parse_ms":357,"try_number":1,"map_index":-1,"run_id":"manual__2026-09-03T05:30:31.943925+00:00","task_id":"route","ti_id":"01a065bf-50b8-7d6c-952b-e7ee9e1351ae","logger":"task","filename":"task_runner.py","lineno":1073}
{"timestamp":"2026-09-03T05:30:55.717808Z","level":"info","event":"Task instance is in running state","logger":"task.stdout"}
{"timestamp":"2026-09-03T05:30:55.719001Z","level":"info","event":" Previous state of the Task instance: TaskInstanceState.QUEUED","logger":"task.stdout"}
{"timestamp":"2026-09-03T05:30:55.719905Z","level":"info","event":"Current task name:route","logger":"task.stdout"}
{"timestamp":"2026-09-03T05:30:55.720676Z","level":"info","event":"Dag name:telecom_end_to_end_de7","logger":"task.stdout"}
{"timestamp":"2026-09-03T05:30:55.721541Z","level":"info","event":"======================================================================","logger":"task.stdout"}
{"timestamp":"2026-09-03T05:30:55.722388Z","level":"info","event":"TASK: ROUTE","logger":"task.stdout"}
{"timestamp":"2026-09-03T05:30:55.723142Z","level":"info","event":"======================================================================","logger":"task.stdout"}
{"timestamp":"2026-09-03T05:30:55.718111Z","level":"info","event":"::endgroup::","dag_id":"telecom_end_to_end_de7","try_number":1,"map_index":-1,"run_id":"manual__2026-09-03T05:30:31.943925+00:00","task_id":"route","ti_id":"01a065bf-50b8-7d6c-952b-e7ee9e1351ae","logger":"task","filename":"task_runner.py","lineno":2232}
{"timestamp":"2026-09-03T05:30:57.815483Z","level":"info","event":"sms-call-internet-mi-2013-11-01.csv -> ACCEPTED: /mnt/d/capstone1/data/raw/sms-call-internet-mi-2013-11-01.csv","logger":"task.stdout"}
{"timestamp":"2026-09-03T05:30:59.672667Z","level":"info","event":"sms-call-internet-mi-2013-11-02.csv -> ACCEPTED: /mnt/d/capstone1/data/raw/sms-call-internet-mi-2013-11-02.csv","logger":"task.stdout"}
{"timestamp":"2026-09-03T05:31:01.506071Z","level":"info","event":"sms-call-internet-mi-2013-11-03.csv -> ACCEPTED: /mnt/d/capstone1/data/raw/sms-call-internet-mi-2013-11-03.csv","logger":"task.stdout"}
{"timestamp":"2026-09-03T05:31:03.715891Z","level":"info","event":"sms-call-internet-mi-2013-11-04.csv -> ACCEPTED: /mnt/d/capstone1/data/raw/sms-call-internet-mi-2013-11-04.csv","logger":"task.stdout"}
{"timestamp":"2026-09-03T05:31:06.206525Z","level":"info","event":"sms-call-internet-mi-2013-11-05.csv -> ACCEPTED: /mnt/d/capstone1/data/raw/sms-call-internet-mi-2013-11-05.csv","logger":"task.stdout"}
{"timestamp":"2026-09-03T05:31:08.629694Z","level":"info","event":"sms-call-internet-mi-2013-11-06.csv -> ACCEPTED: /mnt/d/capstone1/data/raw/sms-call-internet-mi-2013-11-06.csv","logger":"task.stdout"}
{"timestamp":"2026-09-03T05:31:11.196234Z","level":"info","event":"sms-call-internet-mi-2013-11-07.csv -> ACCEPTED: /mnt/d/capstone1/data/raw/sms-call-internet-mi-2013-11-07.csv","logger":"task.stdout"}
{"timestamp":"2026-09-03T05:31:11.216768Z","level":"info","event":"Logged ingestion metadata for sms-call-internet-mi-2013-11-01.csv","logger":"task.stdout"}
{"timestamp":"2026-09-03T05:31:11.232440Z","level":"info","event":"Logged ingestion metadata for sms-call-internet-mi-2013-11-02.csv","logger":"task.stdout"}
{"timestamp":"2026-09-03T05:31:11.250235Z","level":"info","event":"Logged ingestion metadata for sms-call-internet-mi-2013-11-03.csv","logger":"task.stdout"}
{"timestamp":"2026-09-03T05:31:11.266130Z","level":"info","event":"Logged ingestion metadata for sms-call-internet-mi-2013-11-04.csv","logger":"task.stdout"}
{"timestamp":"2026-09-03T05:31:11.285676Z","level":"info","event":"Logged ingestion metadata for sms-call-internet-mi-2013-11-05.csv","logger":"task.stdout"}
{"timestamp":"2026-09-03T05:31:11.303690Z","level":"info","event":"Logged ingestion metadata for sms-call-internet-mi-2013-11-06.csv","logger":"task.stdout"}
{"timestamp":"2026-09-03T05:31:11.320553Z","level":"info","event":"Logged ingestion metadata for sms-call-internet-mi-2013-11-07.csv","logger":"task.stdout"}
{"timestamp":"2026-09-03T05:31:11.321538Z","level":"info","event":"Successfully routed 7 file(s).","logger":"task.stdout"}
{"timestamp":"2026-09-03T05:31:11.320643Z","level":"info","event":"Done. Returned value was: [{'filename': 'sms-call-internet-mi-2013-11-01.csv', 'status': 'ACCEPTED', 'destination': '/mnt/d/capstone1/data/raw/sms-call-internet-mi-2013-11-01.csv', 'reason': 'Non-numeric values found in smsin: 1086153', 'row_count': 1891928}, {'filename': 'sms-call-internet-mi-2013-11-02.csv', 'status': 'ACCEPTED', 'destination': '/mnt/d/capstone1/data/raw/sms-call-internet-mi-2013-11-02.csv', 'reason': 'Non-numeric values found in smsin: 1064004', 'row_count': 1847331}, {'filename': 'sms-call-internet-mi-2013-11-03.csv', 'status': 'ACCEPTED', 'destination': '/mnt/d/capstone1/data/raw/sms-call-internet-mi-2013-11-03.csv', 'reason': 'Non-numeric values found in smsin: 1045136', 'row_count': 1828063}, {'filename': 'sms-call-internet-mi-2013-11-04.csv', 'status': 'ACCEPTED', 'destination': '/mnt/d/capstone1/data/raw/sms-call-internet-mi-2013-11-04.csv', 'reason': 'Non-numeric values found in smsin: 1404456', 'row_count': 2299544}, {'filename': 'sms-call-internet-mi-2013-11-05.csv', 'status': 'ACCEPTED', 'destination': '/mnt/d/capstone1/data/raw/sms-call-internet-mi-2013-11-05.csv', 'reason': 'Non-numeric values found in smsin: 1477440', 'row_count': 2397759}, {'filename': 'sms-call-internet-mi-2013-11-06.csv', 'status': 'ACCEPTED', 'destination': '/mnt/d/capstone1/data/raw/sms-call-internet-mi-2013-11-06.csv', 'reason': 'Non-numeric values found in smsin: 1495711', 'row_count': 2417156}, {'filename': 'sms-call-internet-mi-2013-11-07.csv', 'status': 'ACCEPTED', 'destination': '/mnt/d/capstone1/data/raw/sms-call-internet-mi-2013-11-07.csv', 'reason': 'Non-numeric values found in smsin: 1492720', 'row_count': 2407384}]","dag_id":"telecom_end_to_end_de7","try_number":1,"map_index":-1,"run_id":"manual__2026-09-03T05:30:31.943925+00:00","task_id":"route","ti_id":"01a065bf-50b8-7d6c-952b-e7ee9e1351ae","logger":"airflow.task.operators.airflow.providers.standard.decorators.python._PythonDecoratedOperator","filename":"python.py","lineno":233}
{"timestamp":"2026-09-03T05:31:11.320820Z","level":"info","event":"::group::Post Execute","dag_id":"telecom_end_to_end_de7","try_number":1,"map_index":-1,"run_id":"manual__2026-09-03T05:30:31.943925+00:00","task_id":"route","ti_id":"01a065bf-50b8-7d6c-952b-e7ee9e1351ae","logger":"task","filename":"task_runner.py","lineno":1580}
{"timestamp":"2026-09-03T05:31:11.320983Z","level":"info","event":"Pushing xcom","ti":"RuntimeTaskInstance(id=UUID('01a065bf-50b8-7d6c-952b-e7ee9e1351ae'), task_id='route', dag_id='telecom_end_to_end_de7', run_id='manual__2026-09-03T05:30:31.943925+00:00', try_number=1, dag_version_id=UUID('01a065ab-babd-7914-92b3-91f11a4f26fd'), map_index=-1, hostname='C8LAP1542.prodapt.com', context_carrier={'traceparent': '00-a1521cca88aa32fb605153d6eb700103-1e515ef9d298e012-00'}, queue='default', task=<Task(_PythonDecoratedOperator): route>, bundle_instance=LocalDagBundle(name=dags-folder), max_tries=0, start_date=datetime.datetime(2026, 9, 3, 5, 30, 55, 225711, tzinfo=datetime.timezone.utc), end_date=None, state=<TaskInstanceState.RUNNING: 'running'>, is_mapped=False, rendered_map_index=None, sentry_integration='')","dag_id":"telecom_end_to_end_de7","try_number":1,"map_index":-1,"run_id":"manual__2026-09-03T05:30:31.943925+00:00","task_id":"route","ti_id":"01a065bf-50b8-7d6c-952b-e7ee9e1351ae","logger":"task","filename":"task_runner.py","lineno":2280}
{"timestamp":"2026-09-03T05:31:11.381800Z","level":"info","event":"Task instance in success state","logger":"task.stdout"}
{"timestamp":"2026-09-03T05:31:11.382747Z","level":"info","event":" Previous state of the Task instance: TaskInstanceState.RUNNING","logger":"task.stdout"}
{"timestamp":"2026-09-03T05:31:11.383660Z","level":"info","event":"Task operator:<Task(_PythonDecoratedOperator): route>","logger":"task.stdout"}
{"timestamp":"2026-09-03T05:31:11.382010Z","level":"info","event":"::endgroup::","dag_id":"telecom_end_to_end_de7","try_number":1,"map_index":-1,"run_id":"manual__2026-09-03T05:30:31.943925+00:00","task_id":"route","ti_id":"01a065bf-50b8-7d6c-952b-e7ee9e1351ae","logger":"task","filename":"task_runner.py","lineno":2379}
