{"timestamp":"2026-09-03T06:18:43.509349Z","level":"info","event":"::group::Pre Execute","logger":"task","filename":"task_runner.py","lineno":2412}
{"timestamp":"2026-09-03T06:18:43.670430Z","level":"info","event":"DAG bundles loaded: dags-folder, example_dags, apache-airflow-providers-common-sql-example-dags, apache-airflow-providers-standard-example-dags","run_id":"manual__2026-09-03T06:18:14.238293+00:00","task_id":"route","dag_id":"telecom_end_to_end_de7","ti_id":"01a065ea-fd96-7462-a43e-c8038f124c9d","map_index":-1,"try_number":1,"logger":"airflow.dag_processing.bundles.manager.DagBundlesManager","filename":"manager.py","lineno":304}
{"timestamp":"2026-09-03T06:18:43.674623Z","level":"info","event":"Filling up the DagBag from /mnt/d/capstone1/airflow/dags/telecom_end_to_end_de7.py","run_id":"manual__2026-09-03T06:18:14.238293+00:00","task_id":"route","dag_id":"telecom_end_to_end_de7","ti_id":"01a065ea-fd96-7462-a43e-c8038f124c9d","map_index":-1,"try_number":1,"logger":"airflow.dag_processing.dagbag.BundleDagBag","filename":"dagbag.py","lineno":460}
{"timestamp":"2026-09-03T06:18:44.112893Z","level":"info","event":"Worker startup parse complete","bundle_name":"dags-folder","bundle_version":null,"dag_file":"telecom_end_to_end_de7.py","dag_id":"telecom_end_to_end_de7","bundle_prepare_ms":4,"dag_file_parse_ms":438,"run_id":"manual__2026-09-03T06:18:14.238293+00:00","task_id":"route","ti_id":"01a065ea-fd96-7462-a43e-c8038f124c9d","map_index":-1,"try_number":1,"logger":"task","filename":"task_runner.py","lineno":1073}
{"timestamp":"2026-09-03T06:18:44.188237Z","level":"info","event":"Task instance is in running state","logger":"task.stdout"}
{"timestamp":"2026-09-03T06:18:44.189737Z","level":"info","event":" Previous state of the Task instance: TaskInstanceState.QUEUED","logger":"task.stdout"}
{"timestamp":"2026-09-03T06:18:44.190888Z","level":"info","event":"Current task name:route","logger":"task.stdout"}
{"timestamp":"2026-09-03T06:18:44.191799Z","level":"info","event":"Dag name:telecom_end_to_end_de7","logger":"task.stdout"}
{"timestamp":"2026-09-03T06:18:44.192877Z","level":"info","event":"======================================================================","logger":"task.stdout"}
{"timestamp":"2026-09-03T06:18:44.193979Z","level":"info","event":"TASK: ROUTE","logger":"task.stdout"}
{"timestamp":"2026-09-03T06:18:44.195328Z","level":"info","event":"======================================================================","logger":"task.stdout"}
{"timestamp":"2026-09-03T06:18:44.188651Z","level":"info","event":"::endgroup::","run_id":"manual__2026-09-03T06:18:14.238293+00:00","task_id":"route","dag_id":"telecom_end_to_end_de7","ti_id":"01a065ea-fd96-7462-a43e-c8038f124c9d","map_index":-1,"try_number":1,"logger":"task","filename":"task_runner.py","lineno":2232}
{"timestamp":"2026-09-03T06:18:46.731711Z","level":"info","event":"sms-call-internet-mi-2013-11-01.csv -> ACCEPTED: /mnt/d/capstone1/data/raw/sms-call-internet-mi-2013-11-01.csv","logger":"task.stdout"}
{"timestamp":"2026-09-03T06:18:49.696963Z","level":"info","event":"sms-call-internet-mi-2013-11-02.csv -> ACCEPTED: /mnt/d/capstone1/data/raw/sms-call-internet-mi-2013-11-02.csv","logger":"task.stdout"}
{"timestamp":"2026-09-03T06:18:52.278126Z","level":"info","event":"sms-call-internet-mi-2013-11-03.csv -> ACCEPTED: /mnt/d/capstone1/data/raw/sms-call-internet-mi-2013-11-03.csv","logger":"task.stdout"}
{"timestamp":"2026-09-03T06:18:55.621278Z","level":"info","event":"sms-call-internet-mi-2013-11-04.csv -> ACCEPTED: /mnt/d/capstone1/data/raw/sms-call-internet-mi-2013-11-04.csv","logger":"task.stdout"}
{"timestamp":"2026-09-03T06:18:58.534373Z","level":"info","event":"sms-call-internet-mi-2013-11-05.csv -> ACCEPTED: /mnt/d/capstone1/data/raw/sms-call-internet-mi-2013-11-05.csv","logger":"task.stdout"}
{"timestamp":"2026-09-03T06:19:01.412899Z","level":"info","event":"sms-call-internet-mi-2013-11-06.csv -> ACCEPTED: /mnt/d/capstone1/data/raw/sms-call-internet-mi-2013-11-06.csv","logger":"task.stdout"}
{"timestamp":"2026-09-03T06:19:04.180004Z","level":"info","event":"sms-call-internet-mi-2013-11-07.csv -> ACCEPTED: /mnt/d/capstone1/data/raw/sms-call-internet-mi-2013-11-07.csv","logger":"task.stdout"}
{"timestamp":"2026-09-03T06:19:04.199798Z","level":"info","event":"Logged ingestion metadata for sms-call-internet-mi-2013-11-01.csv","logger":"task.stdout"}
{"timestamp":"2026-09-03T06:19:04.212791Z","level":"info","event":"Logged ingestion metadata for sms-call-internet-mi-2013-11-02.csv","logger":"task.stdout"}
{"timestamp":"2026-09-03T06:19:04.223871Z","level":"info","event":"Logged ingestion metadata for sms-call-internet-mi-2013-11-03.csv","logger":"task.stdout"}
{"timestamp":"2026-09-03T06:19:04.254985Z","level":"info","event":"Logged ingestion metadata for sms-call-internet-mi-2013-11-04.csv","logger":"task.stdout"}
{"timestamp":"2026-09-03T06:19:04.272171Z","level":"info","event":"Logged ingestion metadata for sms-call-internet-mi-2013-11-05.csv","logger":"task.stdout"}
{"timestamp":"2026-09-03T06:19:04.284669Z","level":"info","event":"Logged ingestion metadata for sms-call-internet-mi-2013-11-06.csv","logger":"task.stdout"}
{"timestamp":"2026-09-03T06:19:04.298072Z","level":"info","event":"Logged ingestion metadata for sms-call-internet-mi-2013-11-07.csv","logger":"task.stdout"}
{"timestamp":"2026-09-03T06:19:04.299434Z","level":"info","event":"Successfully routed 7 file(s).","logger":"task.stdout"}
{"timestamp":"2026-09-03T06:19:04.298249Z","level":"info","event":"Done. Returned value was: [{'filename': 'sms-call-internet-mi-2013-11-01.csv', 'status': 'ACCEPTED', 'destination': '/mnt/d/capstone1/data/raw/sms-call-internet-mi-2013-11-01.csv', 'reason': 'Non-numeric values found in smsin: 1086153', 'row_count': 1891928}, {'filename': 'sms-call-internet-mi-2013-11-02.csv', 'status': 'ACCEPTED', 'destination': '/mnt/d/capstone1/data/raw/sms-call-internet-mi-2013-11-02.csv', 'reason': 'Non-numeric values found in smsin: 1064004', 'row_count': 1847331}, {'filename': 'sms-call-internet-mi-2013-11-03.csv', 'status': 'ACCEPTED', 'destination': '/mnt/d/capstone1/data/raw/sms-call-internet-mi-2013-11-03.csv', 'reason': 'Non-numeric values found in smsin: 1045136', 'row_count': 1828063}, {'filename': 'sms-call-internet-mi-2013-11-04.csv', 'status': 'ACCEPTED', 'destination': '/mnt/d/capstone1/data/raw/sms-call-internet-mi-2013-11-04.csv', 'reason': 'Non-numeric values found in smsin: 1404456', 'row_count': 2299544}, {'filename': 'sms-call-internet-mi-2013-11-05.csv', 'status': 'ACCEPTED', 'destination': '/mnt/d/capstone1/data/raw/sms-call-internet-mi-2013-11-05.csv', 'reason': 'Non-numeric values found in smsin: 1477440', 'row_count': 2397759}, {'filename': 'sms-call-internet-mi-2013-11-06.csv', 'status': 'ACCEPTED', 'destination': '/mnt/d/capstone1/data/raw/sms-call-internet-mi-2013-11-06.csv', 'reason': 'Non-numeric values found in smsin: 1495711', 'row_count': 2417156}, {'filename': 'sms-call-internet-mi-2013-11-07.csv', 'status': 'ACCEPTED', 'destination': '/mnt/d/capstone1/data/raw/sms-call-internet-mi-2013-11-07.csv', 'reason': 'Non-numeric values found in smsin: 1492720', 'row_count': 2407384}]","run_id":"manual__2026-09-03T06:18:14.238293+00:00","task_id":"route","dag_id":"telecom_end_to_end_de7","ti_id":"01a065ea-fd96-7462-a43e-c8038f124c9d","map_index":-1,"try_number":1,"logger":"airflow.task.operators.airflow.providers.standard.decorators.python._PythonDecoratedOperator","filename":"python.py","lineno":233}
{"timestamp":"2026-09-03T06:19:04.298600Z","level":"info","event":"::group::Post Execute","run_id":"manual__2026-09-03T06:18:14.238293+00:00","task_id":"route","dag_id":"telecom_end_to_end_de7","ti_id":"01a065ea-fd96-7462-a43e-c8038f124c9d","map_index":-1,"try_number":1,"logger":"task","filename":"task_runner.py","lineno":1580}
{"timestamp":"2026-09-03T06:19:04.298819Z","level":"info","event":"Pushing xcom","ti":"RuntimeTaskInstance(id=UUID('01a065ea-fd96-7462-a43e-c8038f124c9d'), task_id='route', dag_id='telecom_end_to_end_de7', run_id='manual__2026-09-03T06:18:14.238293+00:00', try_number=1, dag_version_id=UUID('01a065ab-babd-7914-92b3-91f11a4f26fd'), map_index=-1, hostname='C8LAP1542.prodapt.com', context_carrier={'traceparent': '00-53d9c06a289c2d959352584e29df62e1-e6231e55b4c64eca-00'}, queue='default', task=<Task(_PythonDecoratedOperator): route>, bundle_instance=LocalDagBundle(name=dags-folder), max_tries=0, start_date=datetime.datetime(2026, 9, 3, 6, 18, 43, 557941, tzinfo=datetime.timezone.utc), end_date=None, state=<TaskInstanceState.RUNNING: 'running'>, is_mapped=False, rendered_map_index=None, sentry_integration='')","run_id":"manual__2026-09-03T06:18:14.238293+00:00","task_id":"route","dag_id":"telecom_end_to_end_de7","ti_id":"01a065ea-fd96-7462-a43e-c8038f124c9d","map_index":-1,"try_number":1,"logger":"task","filename":"task_runner.py","lineno":2280}
{"timestamp":"2026-09-03T06:19:04.483883Z","level":"info","event":"Task instance in success state","logger":"task.stdout"}
{"timestamp":"2026-09-03T06:19:04.485259Z","level":"info","event":" Previous state of the Task instance: TaskInstanceState.RUNNING","logger":"task.stdout"}
{"timestamp":"2026-09-03T06:19:04.487678Z","level":"info","event":"Task operator:<Task(_PythonDecoratedOperator): route>","logger":"task.stdout"}
{"timestamp":"2026-09-03T06:19:04.484589Z","level":"info","event":"::endgroup::","run_id":"manual__2026-09-03T06:18:14.238293+00:00","task_id":"route","dag_id":"telecom_end_to_end_de7","ti_id":"01a065ea-fd96-7462-a43e-c8038f124c9d","map_index":-1,"try_number":1,"logger":"task","filename":"task_runner.py","lineno":2379}
