{"timestamp":"2026-09-03T08:05:34.218322Z","level":"info","event":"::group::Pre Execute","logger":"task","filename":"task_runner.py","lineno":2412}
{"timestamp":"2026-09-03T08:05:34.450566Z","level":"info","event":"DAG bundles loaded: dags-folder, example_dags, apache-airflow-providers-common-sql-example-dags, apache-airflow-providers-standard-example-dags","try_number":1,"map_index":-1,"dag_id":"telecom_end_to_end_de7","task_id":"ingest","run_id":"manual__2026-09-03T08:05:32.375540+00:00","ti_id":"01a0664d-3aad-76ea-a524-2b51a28f7b45","logger":"airflow.dag_processing.bundles.manager.DagBundlesManager","filename":"manager.py","lineno":304}
{"timestamp":"2026-09-03T08:05:34.459111Z","level":"info","event":"Filling up the DagBag from /mnt/d/capstone1/airflow/dags/telecom_end_to_end_de7.py","try_number":1,"map_index":-1,"dag_id":"telecom_end_to_end_de7","task_id":"ingest","run_id":"manual__2026-09-03T08:05:32.375540+00:00","ti_id":"01a0664d-3aad-76ea-a524-2b51a28f7b45","logger":"airflow.dag_processing.dagbag.BundleDagBag","filename":"dagbag.py","lineno":460}
{"timestamp":"2026-09-03T08:05:35.294740Z","level":"info","event":"Worker startup parse complete","bundle_name":"dags-folder","bundle_version":null,"dag_file":"telecom_end_to_end_de7.py","dag_id":"telecom_end_to_end_de7","bundle_prepare_ms":10,"dag_file_parse_ms":835,"try_number":1,"map_index":-1,"task_id":"ingest","run_id":"manual__2026-09-03T08:05:32.375540+00:00","ti_id":"01a0664d-3aad-76ea-a524-2b51a28f7b45","logger":"task","filename":"task_runner.py","lineno":1073}
{"timestamp":"2026-09-03T08:05:35.327615Z","level":"info","event":"Task instance is in running state","logger":"task.stdout"}
{"timestamp":"2026-09-03T08:05:35.332927Z","level":"info","event":" Previous state of the Task instance: TaskInstanceState.QUEUED","logger":"task.stdout"}
{"timestamp":"2026-09-03T08:05:35.337028Z","level":"info","event":"Current task name:ingest","logger":"task.stdout"}
{"timestamp":"2026-09-03T08:05:35.339889Z","level":"info","event":"Dag name:telecom_end_to_end_de7","logger":"task.stdout"}
{"timestamp":"2026-09-03T08:05:35.341292Z","level":"info","event":"======================================================================","logger":"task.stdout"}
{"timestamp":"2026-09-03T08:05:35.342294Z","level":"info","event":"TASK: INGEST","logger":"task.stdout"}
{"timestamp":"2026-09-03T08:05:35.343840Z","level":"info","event":"======================================================================","logger":"task.stdout"}
{"timestamp":"2026-09-03T08:05:35.327467Z","level":"info","event":"::endgroup::","try_number":1,"map_index":-1,"dag_id":"telecom_end_to_end_de7","task_id":"ingest","run_id":"manual__2026-09-03T08:05:32.375540+00:00","ti_id":"01a0664d-3aad-76ea-a524-2b51a28f7b45","logger":"task","filename":"task_runner.py","lineno":2232}
{"timestamp":"2026-09-03T08:05:35.355210Z","level":"info","event":"Detected 7 candidate file(s).","logger":"task.stdout"}
{"timestamp":"2026-09-03T08:05:35.356349Z","level":"info","event":"  - sms-call-internet-mi-2013-11-01.csv","logger":"task.stdout"}
{"timestamp":"2026-09-03T08:05:35.357230Z","level":"info","event":"  - sms-call-internet-mi-2013-11-02.csv","logger":"task.stdout"}
{"timestamp":"2026-09-03T08:05:35.357937Z","level":"info","event":"  - sms-call-internet-mi-2013-11-03.csv","logger":"task.stdout"}
{"timestamp":"2026-09-03T08:05:35.358612Z","level":"info","event":"  - sms-call-internet-mi-2013-11-04.csv","logger":"task.stdout"}
{"timestamp":"2026-09-03T08:05:35.359246Z","level":"info","event":"  - sms-call-internet-mi-2013-11-05.csv","logger":"task.stdout"}
{"timestamp":"2026-09-03T08:05:35.359893Z","level":"info","event":"  - sms-call-internet-mi-2013-11-06.csv","logger":"task.stdout"}
{"timestamp":"2026-09-03T08:05:35.364193Z","level":"info","event":"  - sms-call-internet-mi-2013-11-07.csv","logger":"task.stdout"}
{"timestamp":"2026-09-03T08:05:35.365323Z","level":"info","event":"Detected 7 files.","logger":"task.stdout"}
{"timestamp":"2026-09-03T08:05:35.366225Z","level":"info","event":"Detected file: /mnt/d/capstone1/data/landing/sms-call-internet-mi-2013-11-01.csv","logger":"task.stdout"}
{"timestamp":"2026-09-03T08:05:35.366981Z","level":"info","event":"Detected file: /mnt/d/capstone1/data/landing/sms-call-internet-mi-2013-11-02.csv","logger":"task.stdout"}
{"timestamp":"2026-09-03T08:05:35.367614Z","level":"info","event":"Detected file: /mnt/d/capstone1/data/landing/sms-call-internet-mi-2013-11-03.csv","logger":"task.stdout"}
{"timestamp":"2026-09-03T08:05:35.368453Z","level":"info","event":"Detected file: /mnt/d/capstone1/data/landing/sms-call-internet-mi-2013-11-04.csv","logger":"task.stdout"}
{"timestamp":"2026-09-03T08:05:35.369292Z","level":"info","event":"Detected file: /mnt/d/capstone1/data/landing/sms-call-internet-mi-2013-11-05.csv","logger":"task.stdout"}
{"timestamp":"2026-09-03T08:05:35.370012Z","level":"info","event":"Detected file: /mnt/d/capstone1/data/landing/sms-call-internet-mi-2013-11-06.csv","logger":"task.stdout"}
{"timestamp":"2026-09-03T08:05:35.370748Z","level":"info","event":"Detected file: /mnt/d/capstone1/data/landing/sms-call-internet-mi-2013-11-07.csv","logger":"task.stdout"}
{"timestamp":"2026-09-03T08:05:35.355282Z","level":"info","event":"Done. Returned value was: ['/mnt/d/capstone1/data/landing/sms-call-internet-mi-2013-11-01.csv', '/mnt/d/capstone1/data/landing/sms-call-internet-mi-2013-11-02.csv', '/mnt/d/capstone1/data/landing/sms-call-internet-mi-2013-11-03.csv', '/mnt/d/capstone1/data/landing/sms-call-internet-mi-2013-11-04.csv', '/mnt/d/capstone1/data/landing/sms-call-internet-mi-2013-11-05.csv', '/mnt/d/capstone1/data/landing/sms-call-internet-mi-2013-11-06.csv', '/mnt/d/capstone1/data/landing/sms-call-internet-mi-2013-11-07.csv']","try_number":1,"map_index":-1,"dag_id":"telecom_end_to_end_de7","task_id":"ingest","run_id":"manual__2026-09-03T08:05:32.375540+00:00","ti_id":"01a0664d-3aad-76ea-a524-2b51a28f7b45","logger":"airflow.task.operators.airflow.providers.standard.decorators.python._PythonDecoratedOperator","filename":"python.py","lineno":233}
{"timestamp":"2026-09-03T08:05:35.355532Z","level":"info","event":"::group::Post Execute","try_number":1,"map_index":-1,"dag_id":"telecom_end_to_end_de7","task_id":"ingest","run_id":"manual__2026-09-03T08:05:32.375540+00:00","ti_id":"01a0664d-3aad-76ea-a524-2b51a28f7b45","logger":"task","filename":"task_runner.py","lineno":1580}
{"timestamp":"2026-09-03T08:05:35.355727Z","level":"info","event":"Pushing xcom","ti":"RuntimeTaskInstance(id=UUID('01a0664d-3aad-76ea-a524-2b51a28f7b45'), task_id='ingest', dag_id='telecom_end_to_end_de7', run_id='manual__2026-09-03T08:05:32.375540+00:00', try_number=1, dag_version_id=UUID('01a065ab-babd-7914-92b3-91f11a4f26fd'), map_index=-1, hostname='C8LAP1542.prodapt.com', context_carrier={'traceparent': '00-f4ffa7dff5f5010ecc729509524f32cd-d77f69c8cef66482-00'}, queue='default', task=<Task(_PythonDecoratedOperator): ingest>, bundle_instance=LocalDagBundle(name=dags-folder), max_tries=0, start_date=datetime.datetime(2026, 9, 3, 8, 5, 34, 290508, tzinfo=datetime.timezone.utc), end_date=None, state=<TaskInstanceState.RUNNING: 'running'>, is_mapped=False, rendered_map_index=None, sentry_integration='')","try_number":1,"map_index":-1,"dag_id":"telecom_end_to_end_de7","task_id":"ingest","run_id":"manual__2026-09-03T08:05:32.375540+00:00","ti_id":"01a0664d-3aad-76ea-a524-2b51a28f7b45","logger":"task","filename":"task_runner.py","lineno":2280}
{"timestamp":"2026-09-03T08:05:35.501124Z","level":"info","event":"Task instance in success state","logger":"task.stdout"}
{"timestamp":"2026-09-03T08:05:35.505944Z","level":"info","event":" Previous state of the Task instance: TaskInstanceState.RUNNING","logger":"task.stdout"}
{"timestamp":"2026-09-03T08:05:35.508280Z","level":"info","event":"Task operator:<Task(_PythonDecoratedOperator): ingest>","logger":"task.stdout"}
{"timestamp":"2026-09-03T08:05:35.501609Z","level":"info","event":"::endgroup::","try_number":1,"map_index":-1,"dag_id":"telecom_end_to_end_de7","task_id":"ingest","run_id":"manual__2026-09-03T08:05:32.375540+00:00","ti_id":"01a0664d-3aad-76ea-a524-2b51a28f7b45","logger":"task","filename":"task_runner.py","lineno":2379}
