{"timestamp":"2026-09-03T08:12:45.023136Z","level":"info","event":"::group::Pre Execute","logger":"task","filename":"task_runner.py","lineno":2412}
{"timestamp":"2026-09-03T08:12:45.230602Z","level":"info","event":"DAG bundles loaded: dags-folder, example_dags, apache-airflow-providers-common-sql-example-dags, apache-airflow-providers-standard-example-dags","map_index":-1,"run_id":"manual__2026-09-03T08:12:16.906558+00:00","task_id":"route","dag_id":"telecom_end_to_end_de7","ti_id":"01a06653-66cd-7d5c-8bac-110736362bec","try_number":1,"logger":"airflow.dag_processing.bundles.manager.DagBundlesManager","filename":"manager.py","lineno":304}
{"timestamp":"2026-09-03T08:12:45.234508Z","level":"info","event":"Filling up the DagBag from /mnt/d/capstone1/airflow/dags/telecom_end_to_end_de7.py","map_index":-1,"run_id":"manual__2026-09-03T08:12:16.906558+00:00","task_id":"route","dag_id":"telecom_end_to_end_de7","ti_id":"01a06653-66cd-7d5c-8bac-110736362bec","try_number":1,"logger":"airflow.dag_processing.dagbag.BundleDagBag","filename":"dagbag.py","lineno":460}
{"timestamp":"2026-09-03T08:12:45.729287Z","level":"info","event":"Worker startup parse complete","bundle_name":"dags-folder","bundle_version":null,"dag_file":"telecom_end_to_end_de7.py","dag_id":"telecom_end_to_end_de7","bundle_prepare_ms":4,"dag_file_parse_ms":494,"map_index":-1,"run_id":"manual__2026-09-03T08:12:16.906558+00:00","task_id":"route","ti_id":"01a06653-66cd-7d5c-8bac-110736362bec","try_number":1,"logger":"task","filename":"task_runner.py","lineno":1073}
{"timestamp":"2026-09-03T08:12:45.770636Z","level":"info","event":"Task instance is in running state","logger":"task.stdout"}
{"timestamp":"2026-09-03T08:12:45.772246Z","level":"info","event":" Previous state of the Task instance: TaskInstanceState.QUEUED","logger":"task.stdout"}
{"timestamp":"2026-09-03T08:12:45.773833Z","level":"info","event":"Current task name:route","logger":"task.stdout"}
{"timestamp":"2026-09-03T08:12:45.775097Z","level":"info","event":"Dag name:telecom_end_to_end_de7","logger":"task.stdout"}
{"timestamp":"2026-09-03T08:12:45.776781Z","level":"info","event":"======================================================================","logger":"task.stdout"}
{"timestamp":"2026-09-03T08:12:45.778078Z","level":"info","event":"TASK: ROUTE","logger":"task.stdout"}
{"timestamp":"2026-09-03T08:12:45.779622Z","level":"info","event":"======================================================================","logger":"task.stdout"}
{"timestamp":"2026-09-03T08:12:45.771200Z","level":"info","event":"::endgroup::","map_index":-1,"run_id":"manual__2026-09-03T08:12:16.906558+00:00","task_id":"route","dag_id":"telecom_end_to_end_de7","ti_id":"01a06653-66cd-7d5c-8bac-110736362bec","try_number":1,"logger":"task","filename":"task_runner.py","lineno":2232}
{"timestamp":"2026-09-03T08:12:48.552822Z","level":"info","event":"sms-call-internet-mi-2013-11-01.csv -> ACCEPTED: /mnt/d/capstone1/data/raw/sms-call-internet-mi-2013-11-01.csv","logger":"task.stdout"}
{"timestamp":"2026-09-03T08:12:50.902996Z","level":"info","event":"sms-call-internet-mi-2013-11-02.csv -> ACCEPTED: /mnt/d/capstone1/data/raw/sms-call-internet-mi-2013-11-02.csv","logger":"task.stdout"}
{"timestamp":"2026-09-03T08:12:53.493750Z","level":"info","event":"sms-call-internet-mi-2013-11-03.csv -> ACCEPTED: /mnt/d/capstone1/data/raw/sms-call-internet-mi-2013-11-03.csv","logger":"task.stdout"}
{"timestamp":"2026-09-03T08:12:56.485766Z","level":"info","event":"sms-call-internet-mi-2013-11-04.csv -> ACCEPTED: /mnt/d/capstone1/data/raw/sms-call-internet-mi-2013-11-04.csv","logger":"task.stdout"}
{"timestamp":"2026-09-03T08:12:59.971280Z","level":"info","event":"sms-call-internet-mi-2013-11-05.csv -> ACCEPTED: /mnt/d/capstone1/data/raw/sms-call-internet-mi-2013-11-05.csv","logger":"task.stdout"}
{"timestamp":"2026-09-03T08:13:03.497043Z","level":"info","event":"sms-call-internet-mi-2013-11-06.csv -> ACCEPTED: /mnt/d/capstone1/data/raw/sms-call-internet-mi-2013-11-06.csv","logger":"task.stdout"}
{"timestamp":"2026-09-03T08:13:06.670106Z","level":"info","event":"sms-call-internet-mi-2013-11-07.csv -> ACCEPTED: /mnt/d/capstone1/data/raw/sms-call-internet-mi-2013-11-07.csv","logger":"task.stdout"}
{"timestamp":"2026-09-03T08:13:06.698607Z","level":"info","event":"Logged ingestion metadata for sms-call-internet-mi-2013-11-01.csv","logger":"task.stdout"}
{"timestamp":"2026-09-03T08:13:06.723610Z","level":"info","event":"Logged ingestion metadata for sms-call-internet-mi-2013-11-02.csv","logger":"task.stdout"}
{"timestamp":"2026-09-03T08:13:06.743786Z","level":"info","event":"Logged ingestion metadata for sms-call-internet-mi-2013-11-03.csv","logger":"task.stdout"}
{"timestamp":"2026-09-03T08:13:06.764343Z","level":"info","event":"Logged ingestion metadata for sms-call-internet-mi-2013-11-04.csv","logger":"task.stdout"}
{"timestamp":"2026-09-03T08:13:06.783526Z","level":"info","event":"Logged ingestion metadata for sms-call-internet-mi-2013-11-05.csv","logger":"task.stdout"}
{"timestamp":"2026-09-03T08:13:06.808783Z","level":"info","event":"Logged ingestion metadata for sms-call-internet-mi-2013-11-06.csv","logger":"task.stdout"}
{"timestamp":"2026-09-03T08:13:06.833517Z","level":"info","event":"Logged ingestion metadata for sms-call-internet-mi-2013-11-07.csv","logger":"task.stdout"}
{"timestamp":"2026-09-03T08:13:06.834976Z","level":"info","event":"Successfully routed 7 file(s).","logger":"task.stdout"}
{"timestamp":"2026-09-03T08:13:06.833566Z","level":"info","event":"Done. Returned value was: [{'filename': 'sms-call-internet-mi-2013-11-01.csv', 'status': 'ACCEPTED', 'destination': '/mnt/d/capstone1/data/raw/sms-call-internet-mi-2013-11-01.csv', 'reason': 'Non-numeric values found in smsin: 1086153', 'row_count': 1891928}, {'filename': 'sms-call-internet-mi-2013-11-02.csv', 'status': 'ACCEPTED', 'destination': '/mnt/d/capstone1/data/raw/sms-call-internet-mi-2013-11-02.csv', 'reason': 'Non-numeric values found in smsin: 1064004', 'row_count': 1847331}, {'filename': 'sms-call-internet-mi-2013-11-03.csv', 'status': 'ACCEPTED', 'destination': '/mnt/d/capstone1/data/raw/sms-call-internet-mi-2013-11-03.csv', 'reason': 'Non-numeric values found in smsin: 1045136', 'row_count': 1828063}, {'filename': 'sms-call-internet-mi-2013-11-04.csv', 'status': 'ACCEPTED', 'destination': '/mnt/d/capstone1/data/raw/sms-call-internet-mi-2013-11-04.csv', 'reason': 'Non-numeric values found in smsin: 1404456', 'row_count': 2299544}, {'filename': 'sms-call-internet-mi-2013-11-05.csv', 'status': 'ACCEPTED', 'destination': '/mnt/d/capstone1/data/raw/sms-call-internet-mi-2013-11-05.csv', 'reason': 'Non-numeric values found in smsin: 1477440', 'row_count': 2397759}, {'filename': 'sms-call-internet-mi-2013-11-06.csv', 'status': 'ACCEPTED', 'destination': '/mnt/d/capstone1/data/raw/sms-call-internet-mi-2013-11-06.csv', 'reason': 'Non-numeric values found in smsin: 1495711', 'row_count': 2417156}, {'filename': 'sms-call-internet-mi-2013-11-07.csv', 'status': 'ACCEPTED', 'destination': '/mnt/d/capstone1/data/raw/sms-call-internet-mi-2013-11-07.csv', 'reason': 'Non-numeric values found in smsin: 1492720', 'row_count': 2407384}]","map_index":-1,"run_id":"manual__2026-09-03T08:12:16.906558+00:00","task_id":"route","dag_id":"telecom_end_to_end_de7","ti_id":"01a06653-66cd-7d5c-8bac-110736362bec","try_number":1,"logger":"airflow.task.operators.airflow.providers.standard.decorators.python._PythonDecoratedOperator","filename":"python.py","lineno":233}
{"timestamp":"2026-09-03T08:13:06.833771Z","level":"info","event":"::group::Post Execute","map_index":-1,"run_id":"manual__2026-09-03T08:12:16.906558+00:00","task_id":"route","dag_id":"telecom_end_to_end_de7","ti_id":"01a06653-66cd-7d5c-8bac-110736362bec","try_number":1,"logger":"task","filename":"task_runner.py","lineno":1580}
{"timestamp":"2026-09-03T08:13:06.834082Z","level":"info","event":"Pushing xcom","ti":"RuntimeTaskInstance(id=UUID('01a06653-66cd-7d5c-8bac-110736362bec'), task_id='route', dag_id='telecom_end_to_end_de7', run_id='manual__2026-09-03T08:12:16.906558+00:00', try_number=1, dag_version_id=UUID('01a065ab-babd-7914-92b3-91f11a4f26fd'), map_index=-1, hostname='C8LAP1542.prodapt.com', context_carrier={'traceparent': '00-73116c12abfcf57808090bf058b30ca8-50b9dd6cbdaef885-00'}, queue='default', task=<Task(_PythonDecoratedOperator): route>, bundle_instance=LocalDagBundle(name=dags-folder), max_tries=0, start_date=datetime.datetime(2026, 9, 3, 8, 12, 45, 69168, tzinfo=datetime.timezone.utc), end_date=None, state=<TaskInstanceState.RUNNING: 'running'>, is_mapped=False, rendered_map_index=None, sentry_integration='')","map_index":-1,"run_id":"manual__2026-09-03T08:12:16.906558+00:00","task_id":"route","dag_id":"telecom_end_to_end_de7","ti_id":"01a06653-66cd-7d5c-8bac-110736362bec","try_number":1,"logger":"task","filename":"task_runner.py","lineno":2280}
{"timestamp":"2026-09-03T08:13:06.928333Z","level":"info","event":"Task instance in success state","logger":"task.stdout"}
{"timestamp":"2026-09-03T08:13:06.929708Z","level":"info","event":" Previous state of the Task instance: TaskInstanceState.RUNNING","logger":"task.stdout"}
{"timestamp":"2026-09-03T08:13:06.930963Z","level":"info","event":"Task operator:<Task(_PythonDecoratedOperator): route>","logger":"task.stdout"}
{"timestamp":"2026-09-03T08:13:06.928674Z","level":"info","event":"::endgroup::","map_index":-1,"run_id":"manual__2026-09-03T08:12:16.906558+00:00","task_id":"route","dag_id":"telecom_end_to_end_de7","ti_id":"01a06653-66cd-7d5c-8bac-110736362bec","try_number":1,"logger":"task","filename":"task_runner.py","lineno":2379}
