{"timestamp":"2026-09-03T20:26:01.801069Z","level":"info","event":"::group::Pre Execute","logger":"task","filename":"task_runner.py","lineno":2412}
{"timestamp":"2026-09-03T20:26:01.985664Z","level":"info","event":"DAG bundles loaded: dags-folder, example_dags, apache-airflow-providers-common-sql-example-dags, apache-airflow-providers-standard-example-dags","dag_id":"telecom_end_to_end_de7","ti_id":"01a068f3-25ef-76bc-9cb6-d5ded6efe8f8","map_index":-1,"run_id":"manual__2026-09-03T20:00:02.277995+00:00","try_number":2,"task_id":"load_warehouse","logger":"airflow.dag_processing.bundles.manager.DagBundlesManager","filename":"manager.py","lineno":304}
{"timestamp":"2026-09-03T20:26:01.994064Z","level":"info","event":"Filling up the DagBag from /mnt/d/capstone1/airflow/dags/telecom_end_to_end_de7.py","dag_id":"telecom_end_to_end_de7","ti_id":"01a068f3-25ef-76bc-9cb6-d5ded6efe8f8","map_index":-1,"run_id":"manual__2026-09-03T20:00:02.277995+00:00","try_number":2,"task_id":"load_warehouse","logger":"airflow.dag_processing.dagbag.BundleDagBag","filename":"dagbag.py","lineno":460}
{"timestamp":"2026-09-03T20:26:02.746734Z","level":"info","event":"Worker startup parse complete","bundle_name":"dags-folder","bundle_version":null,"dag_file":"telecom_end_to_end_de7.py","dag_id":"telecom_end_to_end_de7","bundle_prepare_ms":9,"dag_file_parse_ms":752,"ti_id":"01a068f3-25ef-76bc-9cb6-d5ded6efe8f8","map_index":-1,"run_id":"manual__2026-09-03T20:00:02.277995+00:00","try_number":2,"task_id":"load_warehouse","logger":"task","filename":"task_runner.py","lineno":1073}
{"timestamp":"2026-09-03T20:26:02.779629Z","level":"info","event":"Task instance is in running state","logger":"task.stdout"}
{"timestamp":"2026-09-03T20:26:02.781486Z","level":"info","event":" Previous state of the Task instance: TaskInstanceState.QUEUED","logger":"task.stdout"}
{"timestamp":"2026-09-03T20:26:02.783218Z","level":"info","event":"Current task name:load_warehouse","logger":"task.stdout"}
{"timestamp":"2026-09-03T20:26:02.784033Z","level":"info","event":"Dag name:telecom_end_to_end_de7","logger":"task.stdout"}
{"timestamp":"2026-09-03T20:26:02.784861Z","level":"info","event":"======================================================================","logger":"task.stdout"}
{"timestamp":"2026-09-03T20:26:02.785668Z","level":"info","event":"TASK: LOAD WAREHOUSE","logger":"task.stdout"}
{"timestamp":"2026-09-03T20:26:02.786408Z","level":"info","event":"======================================================================","logger":"task.stdout"}
{"timestamp":"2026-09-03T20:26:02.779991Z","level":"info","event":"::endgroup::","dag_id":"telecom_end_to_end_de7","ti_id":"01a068f3-25ef-76bc-9cb6-d5ded6efe8f8","map_index":-1,"run_id":"manual__2026-09-03T20:00:02.277995+00:00","try_number":2,"task_id":"load_warehouse","logger":"task","filename":"task_runner.py","lineno":2232}
{"timestamp":"2026-09-03T20:26:02.787811Z","level":"info","event":"Running warehouse loader:","logger":"task.stdout"}
{"timestamp":"2026-09-03T20:26:02.788470Z","level":"info","event":"/home/harikumarg/airflow_test/airflow_env/bin/python3 /mnt/d/capstone1/src/warehouse_loader.py --hourly /mnt/d/capstone1/data/processed/hourly_grid_summary_parquet --geojson /mnt/d/capstone1/data/reference/milano-grid.geojson","logger":"task.stdout"}
{"timestamp":"2026-09-03T20:26:03.440920Z","level":"error","event":"2026-09-03 20:26:03,440 | INFO | Connecting to MySQL warehouse","logger":"task.stderr"}
{"timestamp":"2026-09-03T20:26:03.551409Z","level":"error","event":"2026-09-03 20:26:03,551 | INFO | MySQL connection established","logger":"task.stderr"}
{"timestamp":"2026-09-03T20:26:03.553593Z","level":"error","event":"2026-09-03 20:26:03,551 | INFO | Starting Spark session","logger":"task.stderr"}
{"timestamp":"2026-09-03T20:26:03.989182Z","level":"error","event":"WARNING: Using incubator modules: jdk.incubator.vector","logger":"task.stderr"}
{"timestamp":"2026-09-03T20:26:05.191608Z","level":"error","event":"Using Spark's default log4j profile: org/apache/spark/log4j2-defaults.properties","logger":"task.stderr"}
{"timestamp":"2026-09-03T20:26:05.203750Z","level":"error","event":"26/09/03 20:26:05 WARN Utils: Your hostname, C8LAP1542, resolves to a loopback address: 127.0.1.1; using 10.255.255.254 instead (on interface lo)","logger":"task.stderr"}
{"timestamp":"2026-09-03T20:26:05.206523Z","level":"error","event":"26/09/03 20:26:05 WARN Utils: Set SPARK_LOCAL_IP if you need to bind to another address","logger":"task.stderr"}
{"timestamp":"2026-09-03T20:26:05.686810Z","level":"error","event":"26/09/03 20:26:05 WARN NativeCodeLoader: Unable to load native-hadoop library for your platform... using builtin-java classes where applicable","logger":"task.stderr"}
{"timestamp":"2026-09-03T20:26:05.862229Z","level":"error","event":"Using Spark's default log4j profile: org/apache/spark/log4j2-defaults.properties","logger":"task.stderr"}
{"timestamp":"2026-09-03T20:26:05.864462Z","level":"error","event":"Setting default log level to \"WARN\".","logger":"task.stderr"}
{"timestamp":"2026-09-03T20:26:05.866840Z","level":"error","event":"To adjust logging level use sc.setLogLevel(newLevel). For SparkR, use setLogLevel(newLevel).","logger":"task.stderr"}
{"timestamp":"2026-09-03T20:26:06.072545Z","level":"error","event":"/home/harikumarg/airflow_test/airflow_env/lib/python3.14/site-packages/pyspark/testing/utils.py:127: FutureWarning: PySpark does not yet fully support pandas >= 3.0.0. Some features may not work correctly. It is recommended to use pandas < 3.0.0 for now.","logger":"task.stderr"}
{"timestamp":"2026-09-03T20:26:06.073544Z","level":"error","event":"  require_minimum_pandas_version()","logger":"task.stderr"}
{"timestamp":"2026-09-03T20:26:09.201083Z","level":"error","event":"2026-09-03 20:26:09,200 | INFO | Spark session established","logger":"task.stderr"}
{"timestamp":"2026-09-03T20:26:09.219593Z","level":"error","event":"2026-09-03 20:26:09,200 | INFO | Creating warehouse tables","logger":"task.stderr"}
{"timestamp":"2026-09-03T20:26:09.358178Z","level":"error","event":"2026-09-03 20:26:09,357 | INFO | Warehouse tables ready","logger":"task.stderr"}
{"timestamp":"2026-09-03T20:26:09.361315Z","level":"error","event":"2026-09-03 20:26:09,357 | INFO | Loading static Milan grid reference","logger":"task.stderr"}
{"timestamp":"2026-09-03T20:26:09.539557Z","level":"error","event":"2026-09-03 20:26:09,539 | INFO | Grid dimension records: 10000","logger":"task.stderr"}
{"timestamp":"2026-09-03T20:26:18.082138Z","level":"error","event":"2026-09-03 20:26:18,081 | INFO | dim_grid populated successfully","logger":"task.stderr"}
{"timestamp":"2026-09-03T20:26:18.085368Z","level":"error","event":"2026-09-03 20:26:18,085 | INFO | Loading time dimension from Spark output","logger":"task.stderr"}
{"timestamp":"2026-09-03T20:26:23.102042Z","level":"error","event":"\r[Stage 1:>                                                          (0 + 4) / 4]\r\r                                                                                \r2026-09-03 20:26:23,101 | INFO | Distinct timestamps found: 168","logger":"task.stderr"}
{"timestamp":"2026-09-03T20:26:23.103676Z","level":"error","event":"/home/harikumarg/airflow_test/airflow_env/lib/python3.14/site-packages/pyspark/sql/pandas/conversion.py:298: FutureWarning: PySpark does not yet fully support pandas >= 3.0.0. Some features may not work correctly. It is recommended to use pandas < 3.0.0 for now.","logger":"task.stderr"}
{"timestamp":"2026-09-03T20:26:23.104944Z","level":"error","event":"  require_minimum_pandas_version()","logger":"task.stderr"}
{"timestamp":"2026-09-03T20:26:23.112379Z","level":"error","event":"/home/harikumarg/airflow_test/airflow_env/lib/python3.14/site-packages/pyspark/sql/pandas/conversion.py:348: UserWarning: toPandas attempted Arrow optimization because 'spark.sql.execution.arrow.pyspark.enabled' is set to true; however, failed by the reason below:","logger":"task.stderr"}
{"timestamp":"2026-09-03T20:26:23.113839Z","level":"error","event":"  [PACKAGE_NOT_INSTALLED] PyArrow >= 18.0.0 must be installed; however, it was not found.","logger":"task.stderr"}
{"timestamp":"2026-09-03T20:26:23.115371Z","level":"error","event":"Attempting non-optimization as 'spark.sql.execution.arrow.pyspark.fallback.enabled' is set to true.","logger":"task.stderr"}
{"timestamp":"2026-09-03T20:26:23.116896Z","level":"error","event":"  warn(msg)","logger":"task.stderr"}
{"timestamp":"2026-09-03T20:26:24.110787Z","level":"error","event":"/home/harikumarg/airflow_test/airflow_env/lib/python3.14/site-packages/pyspark/sql/pandas/types.py:778: FutureWarning: PySpark does not yet fully support pandas >= 3.0.0. Some features may not work correctly. It is recommended to use pandas < 3.0.0 for now.","logger":"task.stderr"}
{"timestamp":"2026-09-03T20:26:24.112281Z","level":"error","event":"  require_minimum_pandas_version()","logger":"task.stderr"}
{"timestamp":"2026-09-03T20:26:24.269135Z","level":"error","event":"2026-09-03 20:26:24,268 | INFO | dim_time populated successfully","logger":"task.stderr"}
{"timestamp":"2026-09-03T20:26:24.271020Z","level":"error","event":"2026-09-03 20:26:24,269 | INFO | Starting Spark fact loading","logger":"task.stderr"}
{"timestamp":"2026-09-03T20:26:25.038102Z","level":"error","event":"2026-09-03 20:26:25,037 | INFO | Hourly output schema:","logger":"task.stderr"}
{"timestamp":"2026-09-03T20:26:25.524237Z","level":"error","event":"2026-09-03 20:26:25,524 | INFO | hourly_grid_summary rows: 1679994","logger":"task.stderr"}
{"timestamp":"2026-09-03T20:26:26.683813Z","level":"error","event":"2026-09-03 20:26:26,683 | INFO | dim_grid rows read by Spark: 10000","logger":"task.stderr"}
{"timestamp":"2026-09-03T20:26:26.861721Z","level":"error","event":"2026-09-03 20:26:26,861 | INFO | dim_time rows read by Spark: 168","logger":"task.stderr"}
{"timestamp":"2026-09-03T20:26:28.037742Z","level":"error","event":"\r[Stage 26:>                                                         (0 + 4) / 4]\r\r                                                                                \r2026-09-03 20:26:28,037 | INFO | Rows matching dim_grid: 1679994 / 1679994","logger":"task.stderr"}
{"timestamp":"2026-09-03T20:26:29.114577Z","level":"error","event":"2026-09-03 20:26:29,114 | INFO | Rows matching dim_time: 1679994 / 1679994","logger":"task.stderr"}
{"timestamp":"2026-09-03T20:26:30.350717Z","level":"error","event":"\r[Stage 45:>                                                         (0 + 4) / 4]\r\r                                                                                \r2026-09-03 20:26:30,350 | INFO | Fact rows prepared: 1679994","logger":"task.stderr"}
{"timestamp":"2026-09-03T20:26:32.202388Z","level":"error","event":"\r[Stage 63:>                                                         (0 + 4) / 4]\r\r                                                                                \r2026-09-03 20:26:32,202 | INFO | Fact grain validation passed","logger":"task.stderr"}
{"timestamp":"2026-09-03T20:26:32.204242Z","level":"error","event":"2026-09-03 20:26:32,202 | INFO | Writing fact_network_activity","logger":"task.stderr"}
{"timestamp":"2026-09-03T20:32:02.024591Z","level":"error","event":"\r[Stage 73:>                                                         (0 + 4) / 4]\r\r[Stage 73:>   (0 + 4) / 4][Stage 75:>   (0 + 0) / 1][Stage 77:>   (0 + 0) / 1]\r\r                                                                                \r\r[Stage 79:>                                                         (0 + 4) / 4]\r\r[Stage 79:>                                                         (0 + 4) / 4]\r\r[Stage 79:>                                                         (0 + 4) / 4]\r\r[Stage 79:>                                                         (0 + 4) / 4]\r\r[Stage 79:>                                                         (0 + 4) / 4]\r\r[Stage 79:==============>                                           (1 + 3) / 4]\r\r[Stage 79:=============================>                            (2 + 2) / 4]\r\r[Stage 79:===========================================>              (3 + 1) / 4]\r\r                                                                                \r2026-09-03 20:32:02,024 | INFO | Fact data loaded successfully","logger":"task.stderr"}
{"timestamp":"2026-09-03T20:32:02.028561Z","level":"error","event":"2026-09-03 20:32:02,024 | INFO | Running warehouse validation","logger":"task.stderr"}
{"timestamp":"2026-09-03T20:32:05.327210Z","level":"error","event":"2026-09-03 20:32:05,326 | INFO | dim_grid count: 10000","logger":"task.stderr"}
{"timestamp":"2026-09-03T20:32:05.332685Z","level":"error","event":"2026-09-03 20:32:05,326 | INFO | dim_time count: 168","logger":"task.stderr"}
{"timestamp":"2026-09-03T20:32:05.335464Z","level":"error","event":"2026-09-03 20:32:05,326 | INFO | fact count: 1679994","logger":"task.stderr"}
{"timestamp":"2026-09-03T20:32:05.336755Z","level":"error","event":"2026-09-03 20:32:05,326 | INFO | Duplicate grid IDs: 0","logger":"task.stderr"}
{"timestamp":"2026-09-03T20:32:05.341182Z","level":"error","event":"2026-09-03 20:32:05,326 | INFO | Duplicate fact grains: 0","logger":"task.stderr"}
{"timestamp":"2026-09-03T20:32:05.342945Z","level":"error","event":"2026-09-03 20:32:05,326 | INFO | Warehouse validation passed","logger":"task.stderr"}
{"timestamp":"2026-09-03T20:32:05.344218Z","level":"error","event":"2026-09-03 20:32:05,326 | INFO | DE6 warehouse loading completed successfully","logger":"task.stderr"}
{"timestamp":"2026-09-03T20:32:05.345149Z","level":"error","event":"2026-09-03 20:32:05,326 | INFO | Closing warehouse resources","logger":"task.stderr"}
{"timestamp":"2026-09-03T20:32:05.753586Z","level":"error","event":"2026-09-03 20:32:05,753 | INFO | Spark session stopped","logger":"task.stderr"}
{"timestamp":"2026-09-03T20:32:05.758246Z","level":"error","event":"2026-09-03 20:32:05,757 | INFO | MySQL engine disposed","logger":"task.stderr"}
{"timestamp":"2026-09-03T20:32:05.762619Z","level":"error","event":"2026-09-03 20:32:05,758 | INFO | All warehouse resources closed","logger":"task.stderr"}
{"timestamp":"2026-09-03T20:32:05.764800Z","level":"error","event":"2026-09-03 20:32:05,758 | INFO | Closing down clientserver connection","logger":"task.stderr"}
{"timestamp":"2026-09-03T20:32:05.767781Z","level":"info","event":"root","logger":"task.stdout"}
{"timestamp":"2026-09-03T20:32:05.768888Z","level":"info","event":" |-- timestamp: timestamp (nullable = true)","logger":"task.stdout"}
{"timestamp":"2026-09-03T20:32:05.770068Z","level":"info","event":" |-- grid_id: string (nullable = true)","logger":"task.stdout"}
{"timestamp":"2026-09-03T20:32:05.770850Z","level":"info","event":" |-- sms_in: double (nullable = true)","logger":"task.stdout"}
{"timestamp":"2026-09-03T20:32:05.771748Z","level":"info","event":" |-- sms_out: double (nullable = true)","logger":"task.stdout"}
{"timestamp":"2026-09-03T20:32:05.772334Z","level":"info","event":" |-- call_in: double (nullable = true)","logger":"task.stdout"}
{"timestamp":"2026-09-03T20:32:05.772967Z","level":"info","event":" |-- call_out: double (nullable = true)","logger":"task.stdout"}
{"timestamp":"2026-09-03T20:32:05.773633Z","level":"info","event":" |-- internet_activity: double (nullable = true)","logger":"task.stdout"}
{"timestamp":"2026-09-03T20:32:05.774594Z","level":"info","event":" |-- total_sms: double (nullable = true)","logger":"task.stdout"}
{"timestamp":"2026-09-03T20:32:05.775465Z","level":"info","event":" |-- total_calls: double (nullable = true)","logger":"task.stdout"}
{"timestamp":"2026-09-03T20:32:05.776284Z","level":"info","event":" |-- total_activity: double (nullable = true)","logger":"task.stdout"}
{"timestamp":"2026-09-03T20:32:05.776835Z","level":"info","event":" |-- internet_share: double (nullable = true)","logger":"task.stdout"}
{"timestamp":"2026-09-03T20:32:05.778905Z","level":"info","event":" |-- date: date (nullable = true)","logger":"task.stdout"}
{"timestamp":"2026-09-03T20:32:05.779640Z","level":"info","event":"","logger":"task.stdout"}
{"timestamp":"2026-09-03T20:32:05.979509Z","level":"info","event":"Warehouse loading completed successfully.","logger":"task.stdout"}
{"timestamp":"2026-09-03T20:32:05.979768Z","level":"info","event":"Done. Returned value was: {'status': 'SUCCESS'}","dag_id":"telecom_end_to_end_de7","ti_id":"01a068f3-25ef-76bc-9cb6-d5ded6efe8f8","map_index":-1,"run_id":"manual__2026-09-03T20:00:02.277995+00:00","try_number":2,"task_id":"load_warehouse","logger":"airflow.task.operators.airflow.providers.standard.decorators.python._PythonDecoratedOperator","filename":"python.py","lineno":233}
{"timestamp":"2026-09-03T20:32:05.980182Z","level":"info","event":"::group::Post Execute","dag_id":"telecom_end_to_end_de7","ti_id":"01a068f3-25ef-76bc-9cb6-d5ded6efe8f8","map_index":-1,"run_id":"manual__2026-09-03T20:00:02.277995+00:00","try_number":2,"task_id":"load_warehouse","logger":"task","filename":"task_runner.py","lineno":1580}
{"timestamp":"2026-09-03T20:32:05.980546Z","level":"info","event":"Pushing xcom","ti":"RuntimeTaskInstance(id=UUID('01a068f3-25ef-76bc-9cb6-d5ded6efe8f8'), task_id='load_warehouse', dag_id='telecom_end_to_end_de7', run_id='manual__2026-09-03T20:00:02.277995+00:00', try_number=2, dag_version_id=UUID('01a065ab-babd-7914-92b3-91f11a4f26fd'), map_index=-1, hostname='C8LAP1542.prodapt.com', context_carrier={'traceparent': '00-c7027760dc5aa62bd7f89e23ac6ac92c-f6f7460c3b7b43d9-00'}, queue='default', task=<Task(_PythonDecoratedOperator): load_warehouse>, bundle_instance=LocalDagBundle(name=dags-folder), max_tries=1, start_date=datetime.datetime(2026, 9, 3, 20, 26, 1, 847301, tzinfo=datetime.timezone.utc), end_date=None, state=<TaskInstanceState.RUNNING: 'running'>, is_mapped=False, rendered_map_index=None, sentry_integration='')","dag_id":"telecom_end_to_end_de7","ti_id":"01a068f3-25ef-76bc-9cb6-d5ded6efe8f8","map_index":-1,"run_id":"manual__2026-09-03T20:00:02.277995+00:00","try_number":2,"task_id":"load_warehouse","logger":"task","filename":"task_runner.py","lineno":2280}
{"timestamp":"2026-09-03T20:32:06.067355Z","level":"info","event":"Task instance in success state","logger":"task.stdout"}
{"timestamp":"2026-09-03T20:32:06.068691Z","level":"info","event":" Previous state of the Task instance: TaskInstanceState.RUNNING","logger":"task.stdout"}
{"timestamp":"2026-09-03T20:32:06.070337Z","level":"info","event":"Task operator:<Task(_PythonDecoratedOperator): load_warehouse>","logger":"task.stdout"}
{"timestamp":"2026-09-03T20:32:06.067913Z","level":"info","event":"::endgroup::","dag_id":"telecom_end_to_end_de7","ti_id":"01a068f3-25ef-76bc-9cb6-d5ded6efe8f8","map_index":-1,"run_id":"manual__2026-09-03T20:00:02.277995+00:00","try_number":2,"task_id":"load_warehouse","logger":"task","filename":"task_runner.py","lineno":2379}
