2026-09-05 12:11:20,346 | INFO | Creating MySQL SQLAlchemy engine...
2026-09-05 12:11:20,390 | INFO | MySQL connection successful.
2026-09-05 12:11:20,392 | INFO | Test query result: 1
2026-09-05 12:11:25,135 | INFO | Retrieved 5 tables from telecom_analytics database.
2026-09-05 12:12:02,530 | INFO | Loading network_feature_table from MySQL...
2026-09-05 12:12:22,272 | INFO | Loaded network_feature_table | rows=1209884 | columns=8
2026-09-05 12:12:33,355 | INFO | Validating network_feature_table...
2026-09-05 12:12:33,846 | INFO | Feature validation complete | duplicates=0 | total_nulls=0
2026-09-05 12:12:49,437 | INFO | Loading activity data from fact_network_activity...
2026-09-05 12:15:13,951 | INFO | Loaded activity data | rows=1679994 | columns=3
2026-09-05 12:15:34,413 | INFO | Validating activity data...
2026-09-05 12:15:34,604 | INFO | Activity validation complete | duplicates=0 | total_nulls=0
2026-09-05 12:17:02,067 | INFO | Creating trailing 24-hour median baseline for ML3 target...
2026-09-05 12:17:03,133 | INFO | Trailing median calculation completed.
2026-09-05 12:17:59,512 | INFO | Checking hourly timestamp continuity by grid...
2026-09-05 12:17:59,624 | INFO | Continuity check complete | non_1h_gaps=5
2026-09-05 12:19:05,577 | INFO | Validating complete 24-hour historical windows...
2026-09-05 12:19:21,997 | INFO | Time-based 24-hour median validation completed.
2026-09-05 12:25:27,971 | INFO | Creating corrected 24-hour historical median baseline...
2026-09-05 12:25:29,207 | INFO | Corrected trailing median calculation completed.
2026-09-05 12:25:29,252 | INFO | 24-hour window validation | complete=1449886 | incomplete=230108
2026-09-05 12:28:20,392 | INFO | Creating next-hour activity target (t+1)...
2026-09-05 12:28:20,508 | INFO | Next-hour activity calculation completed.
2026-09-05 12:28:44,737 | INFO | Validating next-hour target completeness...
2026-09-05 12:28:44,764 | INFO | t+1 validation complete | invalid_gap=5 | no_next=10000
2026-09-05 12:29:34,136 | INFO | Creating locked ML3 HIGH_ACTIVITY target...
2026-09-05 12:29:34,148 | INFO | Label-eligible rows: 1439885
2026-09-05 12:29:34,229 | INFO | HIGH_ACTIVITY target created.

2026-09-05 12:31:52,208 | INFO | Validating HIGH_ACTIVITY target distribution...
2026-09-05 12:31:52,491 | INFO | Target distribution | total=1439885 | positive=136066 | negative=1303819 | positive_rate=0.0945
2026-09-05 12:32:05,147 | INFO | Verifying HIGH_ACTIVITY target formula...
2026-09-05 12:32:05,164 | INFO | Target formula validation | mismatches=0
2026-09-05 12:32:08,162 | INFO | Verifying HIGH_ACTIVITY target formula...
2026-09-05 12:32:08,210 | INFO | Target formula validation | mismatches=0
2026-09-05 12:32:31,116 | INFO | Joining ML2 features with ML3 target...
2026-09-05 12:32:31,568 | INFO | ML3 feature-target join completed | rows=1199884 | columns=12
2026-09-05 12:33:00,375 | INFO | Validating final ML3 dataset...
2026-09-05 12:33:00,487 | INFO | Final ML3 validation | rows=1199884 | duplicates=0 | nulls=0

2026-09-05 12:35:36,639 | INFO | Inspecting ML3 target threshold distribution...
2026-09-05 12:35:55,023 | INFO | Running independent ML3 label validation...
2026-09-05 12:35:55,054 | INFO | Independent label validation | mismatches=0
2026-09-05 12:36:07,887 | INFO | Verifying exact 24-hour median calculation...
2026-09-05 12:42:23,495 | INFO | Running final ML3 feature diagnostics...
2026-09-05 12:42:24,829 | INFO | Feature diagnostics completed.
2026-09-05 12:43:35,982 | INFO | Saving validated ML3 dataset to data/ml3_final_dataset.pkl...
2026-09-05 12:43:36,360 | INFO | ML3 dataset saved successfully.

2026-09-05 12:45:26,715 | INFO | Reloading saved ML3 dataset...
2026-09-05 12:45:26,768 | INFO | ML3 dataset reloaded | rows=1199884 | columns=12
2026-09-05 12:46:11,475 | INFO | Preparing ML3 dataset for modeling...
2026-09-05 12:46:11,644 | INFO | ML3 modeling dataframe prepared | rows=1199884
2026-09-05 12:46:27,741 | INFO | Starting ML3 leakage test...
2026-09-05 12:46:27,783 | INFO | LEAKAGE TEST PASSED.
2026-09-05 12:46:48,970 | INFO | Validating prediction-time alignment...
2026-09-05 12:46:48,986 | INFO | Prediction-time alignment passed.
2026-09-05 12:47:08,386 | INFO | Inspecting chronological ML3 timeline...
2026-09-05 12:47:08,451 | INFO | Timeline contains 120 unique feature timestamps.
2026-09-05 12:49:36,484 | INFO | Creating chronological 80/20 train/test split...
2026-09-05 12:49:36,674 | INFO | Chronological split created | train_timestamps=96 | test_timestamps=24
2026-09-05 12:49:36,675 | INFO | Train rows=959908 | Test rows=239976
2026-09-05 12:49:57,673 | INFO | Validating chronological train/test separation...
2026-09-05 12:49:57,681 | INFO | Chronological separation passed.
2026-09-05 12:51:20,379 | INFO | Preparing feature matrices and target vectors...
2026-09-05 12:51:20,404 | INFO | Model inputs prepared | X_train=(959908, 6) | X_test=(239976, 6)
2026-09-05 12:51:50,470 | INFO | Checking ML3 model inputs for invalid values...
2026-09-05 12:51:51,259 | INFO | Feature quality check completed.
2026-09-05 12:52:33,820 | INFO | Defining final predictive feature set...
2026-09-05 12:52:33,840 | INFO | Final modeling feature count: 5
2026-09-05 12:54:46,458 | INFO | Calculating majority-class baseline...
2026-09-05 12:54:46,572 | INFO | Baseline accuracy=0.9192 | precision=0.0000 | recall=0.0000 | f1=0.0000
2026-09-05 12:56:15,723 | INFO | Starting Logistic Regression training...
2026-09-05 12:56:16,516 | INFO | Logistic Regression training completed | time=0.79 seconds
2026-09-05 12:56:32,479 | INFO | Evaluating Logistic Regression...
2026-09-05 12:56:32,644 | INFO | Logistic Regression evaluation | accuracy=0.7928 | precision=0.2255 | recall=0.6423 | f1=0.3338
2026-09-05 12:58:01,985 | INFO | Extracting Logistic Regression coefficients...
2026-09-05 12:58:01,997 | INFO | Logistic Regression coefficients extracted.
2026-09-05 12:58:20,894 | INFO | Starting Decision Tree training...
2026-09-05 12:58:25,589 | INFO | Decision Tree training completed | time=4.69 seconds
2026-09-05 12:58:43,345 | INFO | Evaluating Decision Tree...
2026-09-05 12:58:43,476 | INFO | Decision Tree evaluation | accuracy=0.7438 | precision=0.1979 | recall=0.7105 | f1=0.3096
2026-09-05 12:59:13,620 | INFO | Extracting Decision Tree feature importance...
2026-09-05 12:59:13,630 | INFO | Decision Tree feature importance extracted.
2026-09-05 12:59:26,458 | INFO | Comparing ML3 model performance...
2026-09-05 12:59:26,466 | INFO | Model comparison completed.
2026-09-05 13:01:04,555 | INFO | Creating ML3 test prediction dataset...
2026-09-05 13:01:04,577 | INFO | ML3 test predictions created | rows=239976
2026-09-05 13:01:36,379 | INFO | Saving ML3 test predictions...
2026-09-05 13:01:36,425 | INFO | ML3 test predictions saved to data/ml3_test_predictions.pkl
2026-09-05 14:14:38,999 | INFO | Calculating ROC-AUC and Average Precision for current models...
2026-09-05 14:17:03,481 | INFO | Calculating ROC-AUC and Average Precision for current models...
2026-09-05 14:17:03,703 | INFO | LR ROC-AUC=0.812757, LR AP=0.235632, DT ROC-AUC=0.807475, DT AP=0.232173
2026-09-05 14:17:33,183 | INFO | Creating chronological validation split...
2026-09-05 14:17:33,337 | INFO | Validation split created: 76 fit timestamps, 20 validation timestamps
2026-09-05 14:19:42,700 | INFO | Preparing validation matrices...
2026-09-05 14:19:42,714 | INFO | Fit matrix=(759928, 5), validation matrix=(199980, 5)
2026-09-05 14:20:05,147 | INFO | Training validation Logistic Regression model...
2026-09-05 14:20:05,601 | INFO | Validation Logistic Regression training completed.
2026-09-05 14:20:22,720 | INFO | Starting threshold tuning on validation data...
2026-09-05 14:20:23,564 | INFO | Threshold tuning completed.
2026-09-05 14:20:59,995 | INFO | Selected threshold=0.50 based on validation F1=0.377665
2026-09-05 14:22:14,698 | INFO | Retraining final Logistic Regression on full training period...
2026-09-05 14:22:15,667 | INFO | Final Logistic Regression retraining completed.
2026-09-05 14:22:39,446 | INFO | Evaluating tuned Logistic Regression on untouched test set...
2026-09-05 14:22:39,655 | INFO | Tuned LR test results: accuracy=0.792775, precision=0.225506, recall=0.642283, f1=0.333811, roc_auc=0.812757, ap=0.235632
2026-09-05 14:23:13,340 | INFO | Default vs tuned Logistic Regression comparison completed.
2026-09-05 14:45:25,634 | INFO | Creating leakage-safe engineered feature set...
2026-09-05 14:45:25,793 | INFO | Engineered dataset created with 8 features.
2026-09-05 14:45:44,914 | INFO | Running leakage checks on engineered features...
2026-09-05 14:45:44,932 | INFO | Engineered feature leakage checks passed.
2026-09-05 14:45:58,412 | INFO | Checking engineered feature quality...
2026-09-05 14:45:58,689 | INFO | Engineered feature quality check passed.
2026-09-05 14:46:15,161 | INFO | Creating chronological train/test split for engineered features...
2026-09-05 14:46:15,285 | INFO | Engineered split: train=959,908, test=239,976
2026-09-05 14:47:01,060 | INFO | Engineered model matrices prepared.
2026-09-05 14:47:20,021 | INFO | Training engineered Logistic Regression...
2026-09-05 14:47:20,789 | INFO | Engineered Logistic Regression training completed.
2026-09-05 14:47:32,819 | INFO | Evaluating engineered Logistic Regression...
2026-09-05 14:47:32,967 | INFO | Engineered LR: accuracy=0.804322, precision=0.235285, recall=0.631405, f1=0.342822, roc_auc=0.827734, ap=0.253716
2026-09-05 14:50:06,381 | INFO | Creating log-transformed feature matrices...
2026-09-05 14:50:06,431 | INFO | Log transformations completed successfully.
2026-09-05 14:50:17,890 | INFO | Verifying log-transformed features...
2026-09-05 14:50:17,943 | INFO | Log-transformed feature validation passed.
2026-09-05 14:50:36,286 | INFO | Training log-transformed Logistic Regression...
2026-09-05 14:50:37,233 | INFO | Log-transformed Logistic Regression training completed.
2026-09-05 14:50:45,042 | INFO | Evaluating log-transformed Logistic Regression...
2026-09-05 14:50:45,190 | INFO | Log-LR: accuracy=0.821328, precision=0.273356, recall=0.729921, f1=0.397753, roc_auc=0.862595, ap=0.323623
2026-09-05 14:53:05,306 | INFO | Preparing chronological validation split for Decision Tree tuning...
2026-09-05 14:53:05,423 | INFO | Decision Tree validation split created.
2026-09-05 14:53:24,878 | INFO | Starting Decision Tree hyperparameter tuning...
2026-09-05 14:53:49,678 | INFO | Decision Tree hyperparameter tuning completed.
2026-09-05 14:54:33,909 | INFO | Best DT config: depth=5, leaf=100, validation_f1=0.480460
2026-09-05 14:55:42,096 | INFO | Training final Decision Tree on complete training data...
2026-09-05 14:55:45,533 | INFO | Final Decision Tree trained with max_depth=5, min_samples_leaf=100
2026-09-05 14:55:59,477 | INFO | Evaluating final Decision Tree on untouched test set...
2026-09-05 14:55:59,576 | INFO | Final DT test results: accuracy=0.858540, precision=0.339963, recall=0.796629, f1=0.476555, roc_auc=0.898442, ap=0.366067
2026-09-05 14:56:16,440 | INFO | Comparing final Logistic Regression and Decision Tree...
2026-09-05 14:56:16,444 | INFO | Final model comparison completed.
2026-09-05 14:58:39,078 | INFO | Saving final ML3 Decision Tree model...
2026-09-05 14:58:39,096 | INFO | Final ML3 model saved to models/ml3_high_activity_decision_tree.joblib
2026-09-05 14:58:48,391 | INFO | Saving ML3 model metadata...
2026-09-05 14:58:48,395 | INFO | ML3 metadata saved to models/ml3_model_metadata.json
2026-09-05 14:59:01,821 | INFO | Verifying saved ML3 model...
2026-09-05 14:59:01,856 | INFO | Saved ML3 model successfully reloaded and verified.
2026-09-05 14:59:44,875 | INFO | Calculating final Decision Tree feature importance...
2026-09-05 14:59:44,889 | INFO | Feature importance calculated successfully.
2026-09-05 15:00:04,317 | INFO | Plotting Decision Tree feature importance...
2026-09-05 15:00:04,465 | INFO | Feature importance plot displayed.
2026-09-05 15:03:59,957 | INFO | Creating complete ML3 model metadata...
2026-09-05 15:03:59,961 | INFO | Complete ML3 metadata saved to models/ml3_model_metadata.json
2026-09-05 15:46:15,972 | INFO | Loading NP3 rule-based ACTIVITY_SPIKE alerts...
2026-09-05 15:46:19,010 | INFO | Loaded 61,948 NP3 ACTIVITY_SPIKE alerts.
2026-09-05 15:46:41,075 | INFO | Generating final ML3 predictions...
2026-09-05 15:46:41,117 | INFO | Generated 239,976 ML3 predictions.
2026-09-05 15:47:26,280 | INFO | Comparing ML3 predictions with NP3 ACTIVITY_SPIKE alerts...
2026-09-05 15:47:26,386 | INFO | ML3 vs NP3 comparison completed.
2026-09-05 15:48:12,330 | INFO | Calculating ML3 vs NP3 agreement statistics...
2026-09-05 15:48:12,339 | INFO | ML3/NP3 agreement=78.2062%, both=2,195, ML-only=43,260, NP3-only=9,040
2026-09-05 15:49:30,258 | INFO | Inspecting NP3 rule-based alert types...
2026-09-05 15:49:32,563 | INFO | NP3 alert type inspection completed.
2026-09-05 15:50:01,441 | INFO | Checking NP3 alert uniqueness...
2026-09-05 15:50:02,947 | INFO | NP3 duplicate groups found: 0
2026-09-05 15:51:24,812 | INFO | Loading NP3 HIGH_ACTIVITY and ACTIVITY_SPIKE alerts...
2026-09-05 15:51:29,252 | INFO | Loaded 188,812 NP3 HIGH_ACTIVITY/ACTIVITY_SPIKE alerts.
2026-09-05 15:52:00,902 | INFO | Generating final ML3 predictions...
2026-09-05 15:52:00,918 | INFO | Generated 239,976 ML3 predictions.
2026-09-05 15:53:08,834 | INFO | Creating NP3 alert indicators...
2026-09-05 15:53:09,026 | INFO | NP3 indicators successfully merged with ML3 predictions.
2026-09-05 15:53:46,915 | INFO | Comparing ML3 against NP3 HIGH_ACTIVITY...
2026-09-05 15:55:51,648 | INFO | Comparing ML3 against NP3 HIGH_ACTIVITY...
2026-09-05 15:55:51,739 | INFO | ML3 vs NP3 HIGH_ACTIVITY comparison completed.
2026-09-05 15:56:17,868 | INFO | Comparing ML3 against NP3 ACTIVITY_SPIKE...
2026-09-05 15:56:26,302 | INFO | Comparing ML3 against NP3 ACTIVITY_SPIKE...
2026-09-05 15:56:26,362 | INFO | ML3 vs NP3 ACTIVITY_SPIKE comparison completed.
2026-09-05 16:03:52,172 | INFO | Saving final engineered ML3 dataset...
2026-09-05 16:03:52,580 | INFO | Final engineered ML3 dataset saved to data/ml3_final_engineered_dataset.pkl
2026-09-05 16:04:20,377 | INFO | Verifying saved engineered ML3 dataset...
2026-09-05 16:04:20,458 | INFO | Final engineered ML3 dataset successfully verified.
2026-09-05 16:05:09,167 | INFO | Saving final engineered ML3 dataset as CSV...
2026-09-05 16:05:18,015 | INFO | Final engineered ML3 CSV saved to data/ml3_final_engineered_dataset.csv with 1,199,884 rows and 14 columns.
2026-09-07 15:09:44,157 | INFO | Creating MySQL SQLAlchemy engine...
2026-09-07 15:09:44,255 | INFO | MySQL connection successful.
2026-09-07 15:09:44,257 | INFO | Test query result: 1
2026-09-07 15:09:44,287 | INFO | Retrieved 5 tables from telecom_analytics database.
2026-09-07 15:09:44,305 | INFO | Loading network_feature_table from MySQL...
2026-09-07 15:10:03,293 | INFO | Loaded network_feature_table | rows=1209884 | columns=8
2026-09-07 15:10:03,360 | INFO | Validating network_feature_table...
2026-09-07 15:10:03,758 | INFO | Feature validation complete | duplicates=0 | total_nulls=0
2026-09-07 15:10:03,771 | INFO | Loading activity data from fact_network_activity...
2026-09-07 15:12:28,235 | INFO | Loaded activity data | rows=1679994 | columns=3
2026-09-07 15:12:28,310 | INFO | Validating activity data...
2026-09-07 15:12:28,483 | INFO | Activity validation complete | duplicates=0 | total_nulls=0
2026-09-07 15:12:28,498 | INFO | Creating trailing 24-hour median baseline for ML3 target...
2026-09-07 15:12:29,577 | INFO | Trailing median calculation completed.
2026-09-07 15:12:29,668 | INFO | Checking hourly timestamp continuity by grid...
2026-09-07 15:12:29,761 | INFO | Continuity check complete | non_1h_gaps=5
2026-09-07 15:12:29,782 | INFO | Creating corrected 24-hour historical median baseline...
2026-09-07 15:12:31,033 | INFO | Corrected trailing median calculation completed.
2026-09-07 15:12:31,107 | INFO | 24-hour window validation | complete=1449886 | incomplete=230108
2026-09-07 15:12:31,122 | INFO | Creating next-hour activity target (t+1)...
2026-09-07 15:12:31,230 | INFO | Next-hour activity calculation completed.
2026-09-07 15:12:31,261 | INFO | Validating next-hour target completeness...
2026-09-07 15:12:31,280 | INFO | t+1 validation complete | invalid_gap=5 | no_next=10000
2026-09-07 15:12:31,294 | INFO | Creating locked ML3 HIGH_ACTIVITY target...
2026-09-07 15:12:31,307 | INFO | Label-eligible rows: 1439885
2026-09-07 15:12:31,378 | INFO | HIGH_ACTIVITY target created.
2026-09-07 15:12:31,930 | INFO | Validating HIGH_ACTIVITY target distribution...
2026-09-07 15:12:32,173 | INFO | Target distribution | total=1439885 | positive=136066 | negative=1303819 | positive_rate=0.0945
2026-09-07 15:12:32,183 | INFO | Verifying HIGH_ACTIVITY target formula...
2026-09-07 15:12:32,197 | INFO | Target formula validation | mismatches=0
2026-09-07 15:12:32,228 | INFO | Joining ML2 features with ML3 target...
2026-09-07 15:12:32,673 | INFO | ML3 feature-target join completed | rows=1199884 | columns=12
2026-09-07 15:12:32,694 | INFO | Validating final ML3 dataset...
2026-09-07 15:12:32,784 | INFO | Final ML3 validation | rows=1199884 | duplicates=0 | nulls=0
2026-09-07 15:12:32,801 | INFO | Inspecting ML3 target threshold distribution...
2026-09-07 15:12:33,024 | INFO | Running independent ML3 label validation...
2026-09-07 15:12:33,047 | INFO | Independent label validation | mismatches=0
2026-09-07 15:12:33,059 | INFO | Verifying exact 24-hour median calculation...
2026-09-07 15:12:46,692 | INFO | Running final ML3 feature diagnostics...
2026-09-07 15:12:47,798 | INFO | Feature diagnostics completed.
2026-09-07 15:12:47,809 | INFO | Saving validated ML3 dataset to data/ml3_final_dataset.pkl...
2026-09-07 15:12:47,891 | INFO | ML3 dataset saved successfully.
2026-09-07 15:12:47,904 | INFO | Reloading saved ML3 dataset...
2026-09-07 15:12:47,951 | INFO | ML3 dataset reloaded | rows=1199884 | columns=12
2026-09-07 15:12:47,968 | INFO | Preparing ML3 dataset for modeling...
2026-09-07 15:12:48,138 | INFO | ML3 modeling dataframe prepared | rows=1199884
2026-09-07 15:12:48,161 | INFO | Starting ML3 leakage test...
2026-09-07 15:12:48,179 | INFO | LEAKAGE TEST PASSED.
2026-09-07 15:12:48,194 | INFO | Validating prediction-time alignment...
2026-09-07 15:12:48,209 | INFO | Prediction-time alignment passed.
2026-09-07 15:12:48,225 | INFO | Inspecting chronological ML3 timeline...
2026-09-07 15:12:48,286 | INFO | Timeline contains 120 unique feature timestamps.
2026-09-07 15:12:48,299 | INFO | Creating chronological 80/20 train/test split...
2026-09-07 15:12:48,434 | INFO | Chronological split created | train_timestamps=96 | test_timestamps=24
2026-09-07 15:12:48,436 | INFO | Train rows=959908 | Test rows=239976
2026-09-07 15:12:48,454 | INFO | Validating chronological train/test separation...
2026-09-07 15:12:48,460 | INFO | Chronological separation passed.
2026-09-07 15:12:48,494 | INFO | Preparing feature matrices and target vectors...
2026-09-07 15:12:48,515 | INFO | Model inputs prepared | X_train=(959908, 6) | X_test=(239976, 6)
2026-09-07 15:12:48,533 | INFO | Checking ML3 model inputs for invalid values...
2026-09-07 15:12:49,277 | INFO | Feature quality check completed.
2026-09-07 15:12:49,288 | INFO | Defining final predictive feature set...
2026-09-07 15:12:49,307 | INFO | Final modeling feature count: 5
2026-09-07 15:12:51,065 | INFO | Calculating majority-class baseline...
2026-09-07 15:12:51,215 | INFO | Baseline accuracy=0.9192 | precision=0.0000 | recall=0.0000 | f1=0.0000
2026-09-07 15:12:51,333 | INFO | Starting Logistic Regression training...
2026-09-07 15:12:52,099 | INFO | Logistic Regression training completed | time=0.76 seconds
2026-09-07 15:12:52,113 | INFO | Evaluating Logistic Regression...
2026-09-07 15:12:52,224 | INFO | Logistic Regression evaluation | accuracy=0.7928 | precision=0.2255 | recall=0.6423 | f1=0.3338
2026-09-07 15:12:52,235 | INFO | Extracting Logistic Regression coefficients...
2026-09-07 15:12:52,245 | INFO | Logistic Regression coefficients extracted.
2026-09-07 15:12:52,348 | INFO | Starting Decision Tree training...
2026-09-07 15:12:56,070 | INFO | Decision Tree training completed | time=3.72 seconds
2026-09-07 15:12:56,086 | INFO | Evaluating Decision Tree...
2026-09-07 15:12:56,219 | INFO | Decision Tree evaluation | accuracy=0.7438 | precision=0.1979 | recall=0.7105 | f1=0.3096
2026-09-07 15:12:56,231 | INFO | Extracting Decision Tree feature importance...
2026-09-07 15:12:56,241 | INFO | Decision Tree feature importance extracted.
2026-09-07 15:12:56,252 | INFO | Comparing ML3 model performance...
2026-09-07 15:12:56,259 | INFO | Model comparison completed.
2026-09-07 15:12:56,275 | INFO | Creating ML3 test prediction dataset...
2026-09-07 15:12:56,296 | INFO | ML3 test predictions created | rows=239976
2026-09-07 15:12:56,306 | INFO | Saving ML3 test predictions...
2026-09-07 15:12:56,318 | INFO | ML3 test predictions saved to data/ml3_test_predictions.pkl
2026-09-07 15:12:56,335 | INFO | Calculating ROC-AUC and Average Precision for current models...
2026-09-07 15:12:56,525 | INFO | LR ROC-AUC=0.812757, LR AP=0.235632, DT ROC-AUC=0.807475, DT AP=0.232173
2026-09-07 15:12:56,539 | INFO | Creating chronological validation split...
2026-09-07 15:12:56,644 | INFO | Validation split created: 76 fit timestamps, 20 validation timestamps
2026-09-07 15:12:56,656 | INFO | Preparing validation matrices...
2026-09-07 15:12:56,670 | INFO | Fit matrix=(759928, 5), validation matrix=(199980, 5)
2026-09-07 15:12:56,680 | INFO | Training validation Logistic Regression model...
2026-09-07 15:12:57,159 | INFO | Validation Logistic Regression training completed.
2026-09-07 15:12:57,172 | INFO | Starting threshold tuning on validation data...
2026-09-07 15:12:57,972 | INFO | Threshold tuning completed.
2026-09-07 15:12:57,983 | INFO | Selected threshold=0.50 based on validation F1=0.377665
2026-09-07 15:12:57,996 | INFO | Retraining final Logistic Regression on full training period...
2026-09-07 15:12:58,733 | INFO | Final Logistic Regression retraining completed.
2026-09-07 15:12:58,748 | INFO | Evaluating tuned Logistic Regression on untouched test set...
2026-09-07 15:12:58,943 | INFO | Tuned LR test results: accuracy=0.792775, precision=0.225506, recall=0.642283, f1=0.333811, roc_auc=0.812757, ap=0.235632
2026-09-07 15:12:59,024 | INFO | Default vs tuned Logistic Regression comparison completed.
2026-09-07 15:12:59,045 | INFO | Creating leakage-safe engineered feature set...
2026-09-07 15:12:59,136 | INFO | Engineered dataset created with 8 features.
2026-09-07 15:12:59,146 | INFO | Running leakage checks on engineered features...
2026-09-07 15:12:59,170 | INFO | Engineered feature leakage checks passed.
2026-09-07 15:12:59,181 | INFO | Checking engineered feature quality...
2026-09-07 15:12:59,583 | INFO | Engineered feature quality check passed.
2026-09-07 15:12:59,595 | INFO | Creating chronological train/test split for engineered features...
2026-09-07 15:12:59,753 | INFO | Engineered split: train=959,908, test=239,976
2026-09-07 15:12:59,813 | INFO | Engineered model matrices prepared.
2026-09-07 15:12:59,824 | INFO | Training engineered Logistic Regression...
2026-09-07 15:13:00,737 | INFO | Engineered Logistic Regression training completed.
2026-09-07 15:13:00,748 | INFO | Evaluating engineered Logistic Regression...
2026-09-07 15:13:00,904 | INFO | Engineered LR: accuracy=0.804322, precision=0.235285, recall=0.631405, f1=0.342822, roc_auc=0.827734, ap=0.253716
2026-09-07 15:13:00,919 | INFO | Creating log-transformed feature matrices...
2026-09-07 15:13:00,964 | INFO | Log transformations completed successfully.
2026-09-07 15:13:00,979 | INFO | Verifying log-transformed features...
2026-09-07 15:13:01,033 | INFO | Log-transformed feature validation passed.
2026-09-07 15:13:01,045 | INFO | Training log-transformed Logistic Regression...
2026-09-07 15:13:02,121 | INFO | Log-transformed Logistic Regression training completed.
2026-09-07 15:13:02,132 | INFO | Evaluating log-transformed Logistic Regression...
2026-09-07 15:13:02,306 | INFO | Log-LR: accuracy=0.821328, precision=0.273356, recall=0.729921, f1=0.397753, roc_auc=0.862595, ap=0.323623
2026-09-07 15:13:02,320 | INFO | Preparing chronological validation split for Decision Tree tuning...
2026-09-07 15:13:02,443 | INFO | Decision Tree validation split created.
2026-09-07 15:13:02,456 | INFO | Starting Decision Tree hyperparameter tuning...
2026-09-07 15:13:32,322 | INFO | Decision Tree hyperparameter tuning completed.
2026-09-07 15:13:32,332 | INFO | Best DT config: depth=5, leaf=100, validation_f1=0.480460
2026-09-07 15:13:32,373 | INFO | Training final Decision Tree on complete training data...
2026-09-07 15:13:36,286 | INFO | Final Decision Tree trained with max_depth=5, min_samples_leaf=100
2026-09-07 15:13:36,300 | INFO | Evaluating final Decision Tree on untouched test set...
2026-09-07 15:13:36,405 | INFO | Final DT test results: accuracy=0.858540, precision=0.339963, recall=0.796629, f1=0.476555, roc_auc=0.898442, ap=0.366067
2026-09-07 15:13:36,420 | INFO | Comparing final Logistic Regression and Decision Tree...
2026-09-07 15:13:36,426 | INFO | Final model comparison completed.
2026-09-07 15:13:36,440 | INFO | Saving final ML3 Decision Tree model...
2026-09-07 15:13:36,445 | INFO | Final ML3 model saved to models/ml3_high_activity_decision_tree.joblib
2026-09-07 15:13:36,457 | INFO | Saving ML3 model metadata...
2026-09-07 15:13:36,461 | INFO | ML3 metadata saved to models/ml3_model_metadata.json
2026-09-07 15:13:36,473 | INFO | Verifying saved ML3 model...
2026-09-07 15:13:36,506 | INFO | Saved ML3 model successfully reloaded and verified.
2026-09-07 15:13:36,518 | INFO | Calculating final Decision Tree feature importance...
2026-09-07 15:13:36,522 | INFO | Feature importance calculated successfully.
2026-09-07 15:13:37,010 | INFO | Plotting Decision Tree feature importance...
2026-09-07 15:13:37,170 | INFO | Feature importance plot displayed.
2026-09-07 15:13:37,188 | INFO | Creating complete ML3 model metadata...
2026-09-07 15:13:37,195 | INFO | Complete ML3 metadata saved to models/ml3_model_metadata.json
2026-09-07 15:13:37,206 | INFO | Loading NP3 rule-based ACTIVITY_SPIKE alerts...
2026-09-07 15:13:39,202 | INFO | Loaded 61,948 NP3 ACTIVITY_SPIKE alerts.
2026-09-07 15:13:39,217 | INFO | Generating final ML3 predictions...
2026-09-07 15:13:39,233 | INFO | Generated 239,976 ML3 predictions.
2026-09-07 15:13:39,244 | INFO | Comparing ML3 predictions with NP3 ACTIVITY_SPIKE alerts...
2026-09-07 15:13:39,345 | INFO | ML3 vs NP3 comparison completed.
2026-09-07 15:13:39,357 | INFO | Calculating ML3 vs NP3 agreement statistics...
2026-09-07 15:13:39,362 | INFO | ML3/NP3 agreement=78.2062%, both=2,195, ML-only=43,260, NP3-only=9,040
2026-09-07 15:13:39,375 | INFO | Inspecting NP3 rule-based alert types...
2026-09-07 15:13:41,196 | INFO | NP3 alert type inspection completed.
2026-09-07 15:13:41,209 | INFO | Checking NP3 alert uniqueness...
2026-09-07 15:13:42,710 | INFO | NP3 duplicate groups found: 0
2026-09-07 15:13:42,726 | INFO | Loading NP3 HIGH_ACTIVITY and ACTIVITY_SPIKE alerts...
2026-09-07 15:13:47,092 | INFO | Loaded 188,812 NP3 HIGH_ACTIVITY/ACTIVITY_SPIKE alerts.
2026-09-07 15:13:47,104 | INFO | Generating final ML3 predictions...
2026-09-07 15:13:47,114 | INFO | Generated 239,976 ML3 predictions.
2026-09-07 15:13:47,148 | INFO | Creating NP3 alert indicators...
2026-09-07 15:13:47,288 | INFO | NP3 indicators successfully merged with ML3 predictions.
2026-09-07 15:13:47,302 | INFO | Comparing ML3 against NP3 HIGH_ACTIVITY...
2026-09-07 15:13:47,357 | INFO | ML3 vs NP3 HIGH_ACTIVITY comparison completed.
2026-09-07 15:13:47,370 | INFO | Comparing ML3 against NP3 ACTIVITY_SPIKE...
2026-09-07 15:13:47,420 | INFO | ML3 vs NP3 ACTIVITY_SPIKE comparison completed.
2026-09-07 15:13:47,431 | INFO | Saving final engineered ML3 dataset...
2026-09-07 15:13:47,526 | INFO | Final engineered ML3 dataset saved to data/ml3_final_engineered_dataset.pkl
2026-09-07 15:13:47,538 | INFO | Verifying saved engineered ML3 dataset...
2026-09-07 15:13:47,593 | INFO | Final engineered ML3 dataset successfully verified.
2026-09-07 15:13:47,604 | INFO | Saving final engineered ML3 dataset as CSV...
2026-09-07 15:13:56,657 | INFO | Final engineered ML3 CSV saved to data/ml3_final_engineered_dataset.csv with 1,199,884 rows and 14 columns.
2026-09-07 15:18:17,047 | INFO | Best DT config: depth=5, leaf=100, validation_f1=0.480460
2026-09-07 15:18:26,828 | INFO | Training final Decision Tree on complete training data...
2026-09-07 15:18:31,305 | INFO | Final Decision Tree trained with max_depth=5, min_samples_leaf=100
2026-09-07 15:18:36,956 | INFO | Evaluating final Decision Tree on untouched test set...
2026-09-07 15:18:37,087 | INFO | Final DT test results: accuracy=0.858540, precision=0.339963, recall=0.796629, f1=0.476555, roc_auc=0.898442, ap=0.366067
