{"timestamp":"2026-09-03T09:11:57.970426Z","level":"info","event":"::group::Pre Execute","logger":"task","filename":"task_runner.py","lineno":2412}
{"timestamp":"2026-09-03T09:11:58.190476Z","level":"info","event":"DAG bundles loaded: dags-folder, example_dags, apache-airflow-providers-common-sql-example-dags, apache-airflow-providers-standard-example-dags","dag_id":"telecom_end_to_end_de7","try_number":2,"ti_id":"01a0668a-0811-7175-9c95-893fb82199bf","run_id":"manual__2026-09-03T08:46:02.637037+00:00","map_index":-1,"task_id":"quality_check","logger":"airflow.dag_processing.bundles.manager.DagBundlesManager","filename":"manager.py","lineno":304}
{"timestamp":"2026-09-03T09:11:58.207326Z","level":"info","event":"Filling up the DagBag from /mnt/d/capstone1/airflow/dags/telecom_end_to_end_de7.py","dag_id":"telecom_end_to_end_de7","try_number":2,"ti_id":"01a0668a-0811-7175-9c95-893fb82199bf","run_id":"manual__2026-09-03T08:46:02.637037+00:00","map_index":-1,"task_id":"quality_check","logger":"airflow.dag_processing.dagbag.BundleDagBag","filename":"dagbag.py","lineno":460}
{"timestamp":"2026-09-03T09:11:58.982882Z","level":"info","event":"Worker startup parse complete","bundle_name":"dags-folder","bundle_version":null,"dag_file":"telecom_end_to_end_de7.py","dag_id":"telecom_end_to_end_de7","bundle_prepare_ms":57,"dag_file_parse_ms":775,"try_number":2,"ti_id":"01a0668a-0811-7175-9c95-893fb82199bf","run_id":"manual__2026-09-03T08:46:02.637037+00:00","map_index":-1,"task_id":"quality_check","logger":"task","filename":"task_runner.py","lineno":1073}
{"timestamp":"2026-09-03T09:11:59.076218Z","level":"info","event":"Task instance is in running state","logger":"task.stdout"}
{"timestamp":"2026-09-03T09:11:59.078609Z","level":"info","event":" Previous state of the Task instance: TaskInstanceState.QUEUED","logger":"task.stdout"}
{"timestamp":"2026-09-03T09:11:59.080213Z","level":"info","event":"Current task name:quality_check","logger":"task.stdout"}
{"timestamp":"2026-09-03T09:11:59.081089Z","level":"info","event":"Dag name:telecom_end_to_end_de7","logger":"task.stdout"}
{"timestamp":"2026-09-03T09:11:59.081818Z","level":"info","event":"======================================================================","logger":"task.stdout"}
{"timestamp":"2026-09-03T09:11:59.082484Z","level":"info","event":"TASK: QUALITY CHECK","logger":"task.stdout"}
{"timestamp":"2026-09-03T09:11:59.083178Z","level":"info","event":"======================================================================","logger":"task.stdout"}
{"timestamp":"2026-09-03T09:11:59.076506Z","level":"info","event":"::endgroup::","dag_id":"telecom_end_to_end_de7","try_number":2,"ti_id":"01a0668a-0811-7175-9c95-893fb82199bf","run_id":"manual__2026-09-03T08:46:02.637037+00:00","map_index":-1,"task_id":"quality_check","logger":"task","filename":"task_runner.py","lineno":2232}
{"timestamp":"2026-09-03T09:11:59.550776Z","level":"error","event":"WARNING: Using incubator modules: jdk.incubator.vector","logger":"task.stderr"}
{"timestamp":"2026-09-03T09:12:00.895228Z","level":"error","event":"Using Spark's default log4j profile: org/apache/spark/log4j2-defaults.properties","logger":"task.stderr"}
{"timestamp":"2026-09-03T09:12:00.910238Z","level":"error","event":"26/09/03 09:12:00 WARN Utils: Your hostname, C8LAP1542, resolves to a loopback address: 127.0.1.1; using 10.255.255.254 instead (on interface lo)","logger":"task.stderr"}
{"timestamp":"2026-09-03T09:12:00.916218Z","level":"error","event":"26/09/03 09:12:00 WARN Utils: Set SPARK_LOCAL_IP if you need to bind to another address","logger":"task.stderr"}
{"timestamp":"2026-09-03T09:12:04.402167Z","level":"error","event":"Using Spark's default log4j profile: org/apache/spark/log4j2-defaults.properties","logger":"task.stderr"}
{"timestamp":"2026-09-03T09:12:04.422925Z","level":"error","event":"Setting default log level to \"WARN\".","logger":"task.stderr"}
{"timestamp":"2026-09-03T09:12:04.424288Z","level":"error","event":"To adjust logging level use sc.setLogLevel(newLevel). For SparkR, use setLogLevel(newLevel).","logger":"task.stderr"}
{"timestamp":"2026-09-03T09:12:04.532206Z","level":"warning","event":"PySpark does not yet fully support pandas >= 3.0.0. Some features may not work correctly. It is recommended to use pandas < 3.0.0 for now.","category":"FutureWarning","filename":"/home/harikumarg/airflow_test/airflow_env/lib/python3.14/site-packages/pyspark/testing/utils.py","lineno":127,"dag_id":"telecom_end_to_end_de7","try_number":2,"ti_id":"01a0668a-0811-7175-9c95-893fb82199bf","run_id":"manual__2026-09-03T08:46:02.637037+00:00","map_index":-1,"task_id":"quality_check","logger":"py.warnings"}
{"timestamp":"2026-09-03T09:12:04.724523Z","level":"error","event":"26/09/03 09:12:04 WARN NativeCodeLoader: Unable to load native-hadoop library for your platform... using builtin-java classes where applicable","logger":"task.stderr"}
{"timestamp":"2026-09-03T09:12:14.495962Z","level":"info","event":"Could not get status for task ingest: 'NoneType' object has no attribute 'get'","logger":"task.stdout"}
{"timestamp":"2026-09-03T09:12:14.499230Z","level":"info","event":"Could not get status for task validate: 'NoneType' object has no attribute 'get'","logger":"task.stdout"}
{"timestamp":"2026-09-03T09:12:14.502697Z","level":"info","event":"Could not get status for task route: 'NoneType' object has no attribute 'get'","logger":"task.stdout"}
{"timestamp":"2026-09-03T09:12:14.551805Z","level":"info","event":"Machine-readable pipeline status written successfully.","logger":"task.stdout"}
{"timestamp":"2026-09-03T09:12:14.554598Z","level":"info","event":"Status file:","logger":"task.stdout"}
{"timestamp":"2026-09-03T09:12:14.556695Z","level":"info","event":"/mnt/d/capstone1/data/pipeline_status/latest_status.json","logger":"task.stdout"}
{"timestamp":"2026-09-03T09:12:14.558109Z","level":"info","event":"{","logger":"task.stdout"}
{"timestamp":"2026-09-03T09:12:14.559528Z","level":"info","event":"    \"run_id\": \"manual__2026-09-03T08:46:02.637037+00:00\",","logger":"task.stdout"}
{"timestamp":"2026-09-03T09:12:14.561875Z","level":"info","event":"    \"timestamp\": \"2026-09-03T09:12:14.495834\",","logger":"task.stdout"}
{"timestamp":"2026-09-03T09:12:14.563883Z","level":"info","event":"    \"status\": \"SUCCESS\",","logger":"task.stdout"}
{"timestamp":"2026-09-03T09:12:14.564816Z","level":"info","event":"    \"tasks\": {","logger":"task.stdout"}
{"timestamp":"2026-09-03T09:12:14.565822Z","level":"info","event":"        \"ingest\": \"UNKNOWN\",","logger":"task.stdout"}
{"timestamp":"2026-09-03T09:12:14.566604Z","level":"info","event":"        \"validate\": \"UNKNOWN\",","logger":"task.stdout"}
{"timestamp":"2026-09-03T09:12:14.567545Z","level":"info","event":"        \"route\": \"UNKNOWN\",","logger":"task.stdout"}
{"timestamp":"2026-09-03T09:12:14.568678Z","level":"info","event":"        \"spark_process\": \"SUCCESS\",","logger":"task.stdout"}
{"timestamp":"2026-09-03T09:12:14.569963Z","level":"info","event":"        \"load_warehouse\": \"SUCCESS\",","logger":"task.stdout"}
{"timestamp":"2026-09-03T09:12:14.571026Z","level":"info","event":"        \"quality_check\": \"SUCCESS\"","logger":"task.stdout"}
{"timestamp":"2026-09-03T09:12:14.572085Z","level":"info","event":"    },","logger":"task.stdout"}
{"timestamp":"2026-09-03T09:12:14.572801Z","level":"info","event":"    \"rows_in\": 15089165,","logger":"task.stdout"}
{"timestamp":"2026-09-03T09:12:14.573470Z","level":"info","event":"    \"rows_rejected\": 0,","logger":"task.stdout"}
{"timestamp":"2026-09-03T09:12:14.574095Z","level":"info","event":"    \"nulls_handled\": null,","logger":"task.stdout"}
{"timestamp":"2026-09-03T09:12:14.575158Z","level":"info","event":"    \"rows_published\": 1679994,","logger":"task.stdout"}
{"timestamp":"2026-09-03T09:12:14.575764Z","level":"info","event":"    \"current_as_of\": \"2013-11-07 23:00:00\",","logger":"task.stdout"}
{"timestamp":"2026-09-03T09:12:14.576724Z","level":"info","event":"    \"freshness\": {","logger":"task.stdout"}
{"timestamp":"2026-09-03T09:12:14.577830Z","level":"info","event":"        \"latest_data_timestamp\": \"2013-11-07 23:00:00\",","logger":"task.stdout"}
{"timestamp":"2026-09-03T09:12:14.578771Z","level":"info","event":"        \"age_hours\": 112378.20402660889,","logger":"task.stdout"}
{"timestamp":"2026-09-03T09:12:14.579460Z","level":"info","event":"        \"indicator\": \"STALE\"","logger":"task.stdout"}
{"timestamp":"2026-09-03T09:12:14.580438Z","level":"info","event":"    },","logger":"task.stdout"}
{"timestamp":"2026-09-03T09:12:14.581139Z","level":"info","event":"    \"healthy\": true,","logger":"task.stdout"}
{"timestamp":"2026-09-03T09:12:14.582160Z","level":"info","event":"    \"reasons\": []","logger":"task.stdout"}
{"timestamp":"2026-09-03T09:12:14.583104Z","level":"info","event":"}","logger":"task.stdout"}
{"timestamp":"2026-09-03T09:12:14.567494Z","level":"info","event":"Done. Returned value was: {'run_id': 'manual__2026-09-03T08:46:02.637037+00:00', 'timestamp': '2026-09-03T09:12:14.495834', 'status': 'SUCCESS', 'tasks': {'ingest': 'UNKNOWN', 'validate': 'UNKNOWN', 'route': 'UNKNOWN', 'spark_process': 'SUCCESS', 'load_warehouse': 'SUCCESS', 'quality_check': 'SUCCESS'}, 'rows_in': 15089165, 'rows_rejected': 0, 'nulls_handled': None, 'rows_published': 1679994, 'current_as_of': datetime.datetime(2013, 11, 7, 23, 0), 'freshness': {'latest_data_timestamp': datetime.datetime(2013, 11, 7, 23, 0), 'age_hours': 112378.20402660889, 'indicator': 'STALE'}, 'healthy': True, 'reasons': []}","dag_id":"telecom_end_to_end_de7","try_number":2,"ti_id":"01a0668a-0811-7175-9c95-893fb82199bf","run_id":"manual__2026-09-03T08:46:02.637037+00:00","map_index":-1,"task_id":"quality_check","logger":"airflow.task.operators.airflow.providers.standard.decorators.python._PythonDecoratedOperator","filename":"python.py","lineno":233}
{"timestamp":"2026-09-03T09:12:14.567945Z","level":"info","event":"::group::Post Execute","dag_id":"telecom_end_to_end_de7","try_number":2,"ti_id":"01a0668a-0811-7175-9c95-893fb82199bf","run_id":"manual__2026-09-03T08:46:02.637037+00:00","map_index":-1,"task_id":"quality_check","logger":"task","filename":"task_runner.py","lineno":1580}
{"timestamp":"2026-09-03T09:12:14.568294Z","level":"info","event":"Pushing xcom","ti":"RuntimeTaskInstance(id=UUID('01a0668a-0811-7175-9c95-893fb82199bf'), task_id='quality_check', dag_id='telecom_end_to_end_de7', run_id='manual__2026-09-03T08:46:02.637037+00:00', try_number=2, dag_version_id=UUID('01a065ab-babd-7914-92b3-91f11a4f26fd'), map_index=-1, hostname='C8LAP1542.prodapt.com', context_carrier={'traceparent': '00-f17d9393ebad54ff751e59ff2e3caf04-6e30d5b69ede4107-00'}, queue='default', task=<Task(_PythonDecoratedOperator): quality_check>, bundle_instance=LocalDagBundle(name=dags-folder), max_tries=1, start_date=datetime.datetime(2026, 9, 3, 9, 11, 58, 23332, tzinfo=datetime.timezone.utc), end_date=None, state=<TaskInstanceState.RUNNING: 'running'>, is_mapped=False, rendered_map_index=None, sentry_integration='')","dag_id":"telecom_end_to_end_de7","try_number":2,"ti_id":"01a0668a-0811-7175-9c95-893fb82199bf","run_id":"manual__2026-09-03T08:46:02.637037+00:00","map_index":-1,"task_id":"quality_check","logger":"task","filename":"task_runner.py","lineno":2280}
{"timestamp":"2026-09-03T09:12:14.662464Z","level":"info","event":"Task instance in success state","logger":"task.stdout"}
{"timestamp":"2026-09-03T09:12:14.666114Z","level":"info","event":" Previous state of the Task instance: TaskInstanceState.RUNNING","logger":"task.stdout"}
{"timestamp":"2026-09-03T09:12:14.667545Z","level":"info","event":"Task operator:<Task(_PythonDecoratedOperator): quality_check>","logger":"task.stdout"}
{"timestamp":"2026-09-03T09:12:14.663202Z","level":"info","event":"::endgroup::","dag_id":"telecom_end_to_end_de7","try_number":2,"ti_id":"01a0668a-0811-7175-9c95-893fb82199bf","run_id":"manual__2026-09-03T08:46:02.637037+00:00","map_index":-1,"task_id":"quality_check","logger":"task","filename":"task_runner.py","lineno":2379}
{"timestamp":"2026-09-03T09:12:15.054025Z","level":"error","event":"\r[Stage 1:=================================================>       (14 + 2) / 16]","logger":"task.stderr"}
