{"timestamp":"2026-08-31T13:26:51.766279Z","level":"info","event":"::group::Pre Execute","logger":"task","filename":"task_runner.py","lineno":2412}
{"timestamp":"2026-08-31T13:26:54.490040Z","level":"info","event":"DAG bundles loaded: dags-folder, example_dags, apache-airflow-providers-common-sql-example-dags, apache-airflow-providers-standard-example-dags","ti_id":"01a05800-4f26-7c5f-814d-621417522711","try_number":1,"task_id":"detect","dag_id":"telecom_ingestion_de2","run_id":"manual__2026-08-31T13:26:50.366410+00:00","map_index":-1,"logger":"airflow.dag_processing.bundles.manager.DagBundlesManager","filename":"manager.py","lineno":304}
{"timestamp":"2026-08-31T13:26:54.529755Z","level":"info","event":"Filling up the DagBag from /mnt/d/capstone1/airflow/dags/telecom_ingestion_dag.py","ti_id":"01a05800-4f26-7c5f-814d-621417522711","try_number":1,"task_id":"detect","dag_id":"telecom_ingestion_de2","run_id":"manual__2026-08-31T13:26:50.366410+00:00","map_index":-1,"logger":"airflow.dag_processing.dagbag.BundleDagBag","filename":"dagbag.py","lineno":460}
{"timestamp":"2026-08-31T13:26:55.060907Z","level":"info","event":"Worker startup parse complete","bundle_name":"dags-folder","bundle_version":null,"dag_file":"telecom_ingestion_dag.py","dag_id":"telecom_ingestion_de2","bundle_prepare_ms":40,"dag_file_parse_ms":531,"ti_id":"01a05800-4f26-7c5f-814d-621417522711","try_number":1,"task_id":"detect","run_id":"manual__2026-08-31T13:26:50.366410+00:00","map_index":-1,"logger":"task","filename":"task_runner.py","lineno":1073}
{"timestamp":"2026-08-31T13:26:55.137159Z","level":"info","event":"Task instance is in running state","logger":"task.stdout"}
{"timestamp":"2026-08-31T13:26:55.139496Z","level":"info","event":" Previous state of the Task instance: TaskInstanceState.QUEUED","logger":"task.stdout"}
{"timestamp":"2026-08-31T13:26:55.141287Z","level":"info","event":"Current task name:detect","logger":"task.stdout"}
{"timestamp":"2026-08-31T13:26:55.142439Z","level":"info","event":"Dag name:telecom_ingestion_de2","logger":"task.stdout"}
{"timestamp":"2026-08-31T13:26:55.137445Z","level":"info","event":"::endgroup::","ti_id":"01a05800-4f26-7c5f-814d-621417522711","try_number":1,"task_id":"detect","dag_id":"telecom_ingestion_de2","run_id":"manual__2026-08-31T13:26:50.366410+00:00","map_index":-1,"logger":"task","filename":"task_runner.py","lineno":2232}
{"timestamp":"2026-08-31T13:26:55.156582Z","level":"info","event":"Detected 7 candidate file(s).","logger":"task.stdout"}
{"timestamp":"2026-08-31T13:26:55.158057Z","level":"info","event":"  - sms-call-internet-mi-2013-11-01.csv","logger":"task.stdout"}
{"timestamp":"2026-08-31T13:26:55.158669Z","level":"info","event":"  - sms-call-internet-mi-2013-11-02.csv","logger":"task.stdout"}
{"timestamp":"2026-08-31T13:26:55.159254Z","level":"info","event":"  - sms-call-internet-mi-2013-11-03.csv","logger":"task.stdout"}
{"timestamp":"2026-08-31T13:26:55.159762Z","level":"info","event":"  - sms-call-internet-mi-2013-11-04.csv","logger":"task.stdout"}
{"timestamp":"2026-08-31T13:26:55.160899Z","level":"info","event":"  - sms-call-internet-mi-2013-11-05.csv","logger":"task.stdout"}
{"timestamp":"2026-08-31T13:26:55.161397Z","level":"info","event":"  - sms-call-internet-mi-2013-11-06.csv","logger":"task.stdout"}
{"timestamp":"2026-08-31T13:26:55.162472Z","level":"info","event":"  - sms-call-internet-mi-2013-11-07.csv","logger":"task.stdout"}
{"timestamp":"2026-08-31T13:26:55.163400Z","level":"info","event":"Detected 7 files.","logger":"task.stdout"}
{"timestamp":"2026-08-31T13:26:55.156526Z","level":"info","event":"Done. Returned value was: ['/mnt/d/capstone1/data/landing/sms-call-internet-mi-2013-11-01.csv', '/mnt/d/capstone1/data/landing/sms-call-internet-mi-2013-11-02.csv', '/mnt/d/capstone1/data/landing/sms-call-internet-mi-2013-11-03.csv', '/mnt/d/capstone1/data/landing/sms-call-internet-mi-2013-11-04.csv', '/mnt/d/capstone1/data/landing/sms-call-internet-mi-2013-11-05.csv', '/mnt/d/capstone1/data/landing/sms-call-internet-mi-2013-11-06.csv', '/mnt/d/capstone1/data/landing/sms-call-internet-mi-2013-11-07.csv']","ti_id":"01a05800-4f26-7c5f-814d-621417522711","try_number":1,"task_id":"detect","dag_id":"telecom_ingestion_de2","run_id":"manual__2026-08-31T13:26:50.366410+00:00","map_index":-1,"logger":"airflow.task.operators.airflow.providers.standard.decorators.python._PythonDecoratedOperator","filename":"python.py","lineno":233}
{"timestamp":"2026-08-31T13:26:55.156686Z","level":"info","event":"::group::Post Execute","ti_id":"01a05800-4f26-7c5f-814d-621417522711","try_number":1,"task_id":"detect","dag_id":"telecom_ingestion_de2","run_id":"manual__2026-08-31T13:26:50.366410+00:00","map_index":-1,"logger":"task","filename":"task_runner.py","lineno":1580}
{"timestamp":"2026-08-31T13:26:55.156825Z","level":"info","event":"Pushing xcom","ti":"RuntimeTaskInstance(id=UUID('01a05800-4f26-7c5f-814d-621417522711'), task_id='detect', dag_id='telecom_ingestion_de2', run_id='manual__2026-08-31T13:26:50.366410+00:00', try_number=1, dag_version_id=UUID('01a057fe-4fdc-77d8-b25b-5c12f6c28f95'), map_index=-1, hostname='C8LAP1542.prodapt.com', context_carrier={'traceparent': '00-7a8b3adf88bce7ca1bf044ffec09367c-35bd4cd7d7c13e63-00'}, queue='default', task=<Task(_PythonDecoratedOperator): detect>, bundle_instance=LocalDagBundle(name=dags-folder), max_tries=0, start_date=datetime.datetime(2026, 8, 31, 13, 26, 54, 348580, tzinfo=datetime.timezone.utc), end_date=None, state=<TaskInstanceState.RUNNING: 'running'>, is_mapped=False, rendered_map_index=None, sentry_integration='')","ti_id":"01a05800-4f26-7c5f-814d-621417522711","try_number":1,"task_id":"detect","dag_id":"telecom_ingestion_de2","run_id":"manual__2026-08-31T13:26:50.366410+00:00","map_index":-1,"logger":"task","filename":"task_runner.py","lineno":2280}
{"timestamp":"2026-08-31T13:26:55.246844Z","level":"info","event":"Task instance in success state","logger":"task.stdout"}
{"timestamp":"2026-08-31T13:26:55.248454Z","level":"info","event":" Previous state of the Task instance: TaskInstanceState.RUNNING","logger":"task.stdout"}
{"timestamp":"2026-08-31T13:26:55.249733Z","level":"info","event":"Task operator:<Task(_PythonDecoratedOperator): detect>","logger":"task.stdout"}
{"timestamp":"2026-08-31T13:26:55.247091Z","level":"info","event":"::endgroup::","ti_id":"01a05800-4f26-7c5f-814d-621417522711","try_number":1,"task_id":"detect","dag_id":"telecom_ingestion_de2","run_id":"manual__2026-08-31T13:26:50.366410+00:00","map_index":-1,"logger":"task","filename":"task_runner.py","lineno":2379}
