{"timestamp":"2026-09-03T05:09:56.069487Z","level":"info","event":"::group::Pre Execute","logger":"task","filename":"task_runner.py","lineno":2412}
{"timestamp":"2026-09-03T05:09:58.871421Z","level":"info","event":"DAG bundles loaded: dags-folder, example_dags, apache-airflow-providers-common-sql-example-dags, apache-airflow-providers-standard-example-dags","try_number":1,"map_index":-1,"task_id":"ingest","ti_id":"01a065ac-6f34-7749-bfc8-0ff2728fe67d","run_id":"manual__2026-09-03T05:09:54.556775+00:00","dag_id":"telecom_end_to_end_de7","logger":"airflow.dag_processing.bundles.manager.DagBundlesManager","filename":"manager.py","lineno":304}
{"timestamp":"2026-09-03T05:09:58.875976Z","level":"info","event":"Filling up the DagBag from /mnt/d/capstone1/airflow/dags/telecom_end_to_end_de7.py","try_number":1,"map_index":-1,"task_id":"ingest","ti_id":"01a065ac-6f34-7749-bfc8-0ff2728fe67d","run_id":"manual__2026-09-03T05:09:54.556775+00:00","dag_id":"telecom_end_to_end_de7","logger":"airflow.dag_processing.dagbag.BundleDagBag","filename":"dagbag.py","lineno":460}
{"timestamp":"2026-09-03T05:09:59.340494Z","level":"info","event":"Worker startup parse complete","bundle_name":"dags-folder","bundle_version":null,"dag_file":"telecom_end_to_end_de7.py","dag_id":"telecom_end_to_end_de7","bundle_prepare_ms":5,"dag_file_parse_ms":464,"try_number":1,"map_index":-1,"task_id":"ingest","ti_id":"01a065ac-6f34-7749-bfc8-0ff2728fe67d","run_id":"manual__2026-09-03T05:09:54.556775+00:00","logger":"task","filename":"task_runner.py","lineno":1073}
{"timestamp":"2026-09-03T05:09:59.375523Z","level":"info","event":"Task instance is in running state","logger":"task.stdout"}
{"timestamp":"2026-09-03T05:09:59.377453Z","level":"info","event":" Previous state of the Task instance: TaskInstanceState.QUEUED","logger":"task.stdout"}
{"timestamp":"2026-09-03T05:09:59.380803Z","level":"info","event":"Current task name:ingest","logger":"task.stdout"}
{"timestamp":"2026-09-03T05:09:59.382767Z","level":"info","event":"Dag name:telecom_end_to_end_de7","logger":"task.stdout"}
{"timestamp":"2026-09-03T05:09:59.384337Z","level":"info","event":"======================================================================","logger":"task.stdout"}
{"timestamp":"2026-09-03T05:09:59.385504Z","level":"info","event":"TASK: INGEST","logger":"task.stdout"}
{"timestamp":"2026-09-03T05:09:59.386801Z","level":"info","event":"======================================================================","logger":"task.stdout"}
{"timestamp":"2026-09-03T05:09:59.375734Z","level":"info","event":"::endgroup::","try_number":1,"map_index":-1,"task_id":"ingest","ti_id":"01a065ac-6f34-7749-bfc8-0ff2728fe67d","run_id":"manual__2026-09-03T05:09:54.556775+00:00","dag_id":"telecom_end_to_end_de7","logger":"task","filename":"task_runner.py","lineno":2232}
{"timestamp":"2026-09-03T05:09:59.399258Z","level":"info","event":"Detected 7 candidate file(s).","logger":"task.stdout"}
{"timestamp":"2026-09-03T05:09:59.400564Z","level":"info","event":"  - sms-call-internet-mi-2013-11-01.csv","logger":"task.stdout"}
{"timestamp":"2026-09-03T05:09:59.401779Z","level":"info","event":"  - sms-call-internet-mi-2013-11-02.csv","logger":"task.stdout"}
{"timestamp":"2026-09-03T05:09:59.402902Z","level":"info","event":"  - sms-call-internet-mi-2013-11-03.csv","logger":"task.stdout"}
{"timestamp":"2026-09-03T05:09:59.404128Z","level":"info","event":"  - sms-call-internet-mi-2013-11-04.csv","logger":"task.stdout"}
{"timestamp":"2026-09-03T05:09:59.405200Z","level":"info","event":"  - sms-call-internet-mi-2013-11-05.csv","logger":"task.stdout"}
{"timestamp":"2026-09-03T05:09:59.406329Z","level":"info","event":"  - sms-call-internet-mi-2013-11-06.csv","logger":"task.stdout"}
{"timestamp":"2026-09-03T05:09:59.407339Z","level":"info","event":"  - sms-call-internet-mi-2013-11-07.csv","logger":"task.stdout"}
{"timestamp":"2026-09-03T05:09:59.408392Z","level":"info","event":"Detected 7 files.","logger":"task.stdout"}
{"timestamp":"2026-09-03T05:09:59.399339Z","level":"info","event":"Done. Returned value was: ['/mnt/d/capstone1/data/landing/sms-call-internet-mi-2013-11-01.csv', '/mnt/d/capstone1/data/landing/sms-call-internet-mi-2013-11-02.csv', '/mnt/d/capstone1/data/landing/sms-call-internet-mi-2013-11-03.csv', '/mnt/d/capstone1/data/landing/sms-call-internet-mi-2013-11-04.csv', '/mnt/d/capstone1/data/landing/sms-call-internet-mi-2013-11-05.csv', '/mnt/d/capstone1/data/landing/sms-call-internet-mi-2013-11-06.csv', '/mnt/d/capstone1/data/landing/sms-call-internet-mi-2013-11-07.csv']","try_number":1,"map_index":-1,"task_id":"ingest","ti_id":"01a065ac-6f34-7749-bfc8-0ff2728fe67d","run_id":"manual__2026-09-03T05:09:54.556775+00:00","dag_id":"telecom_end_to_end_de7","logger":"airflow.task.operators.airflow.providers.standard.decorators.python._PythonDecoratedOperator","filename":"python.py","lineno":233}
{"timestamp":"2026-09-03T05:09:59.399536Z","level":"info","event":"::group::Post Execute","try_number":1,"map_index":-1,"task_id":"ingest","ti_id":"01a065ac-6f34-7749-bfc8-0ff2728fe67d","run_id":"manual__2026-09-03T05:09:54.556775+00:00","dag_id":"telecom_end_to_end_de7","logger":"task","filename":"task_runner.py","lineno":1580}
{"timestamp":"2026-09-03T05:09:59.399771Z","level":"info","event":"Pushing xcom","ti":"RuntimeTaskInstance(id=UUID('01a065ac-6f34-7749-bfc8-0ff2728fe67d'), task_id='ingest', dag_id='telecom_end_to_end_de7', run_id='manual__2026-09-03T05:09:54.556775+00:00', try_number=1, dag_version_id=UUID('01a065ab-babd-7914-92b3-91f11a4f26fd'), map_index=-1, hostname='C8LAP1542.prodapt.com', context_carrier={'traceparent': '00-217666ebf2ac31d28f5d40d3b1740230-a4bcf85f6dcd88bd-00'}, queue='default', task=<Task(_PythonDecoratedOperator): ingest>, bundle_instance=LocalDagBundle(name=dags-folder), max_tries=0, start_date=datetime.datetime(2026, 9, 3, 5, 9, 58, 705234, tzinfo=datetime.timezone.utc), end_date=None, state=<TaskInstanceState.RUNNING: 'running'>, is_mapped=False, rendered_map_index=None, sentry_integration='')","try_number":1,"map_index":-1,"task_id":"ingest","ti_id":"01a065ac-6f34-7749-bfc8-0ff2728fe67d","run_id":"manual__2026-09-03T05:09:54.556775+00:00","dag_id":"telecom_end_to_end_de7","logger":"task","filename":"task_runner.py","lineno":2280}
{"timestamp":"2026-09-03T05:09:59.498977Z","level":"info","event":"Task instance in success state","logger":"task.stdout"}
{"timestamp":"2026-09-03T05:09:59.501007Z","level":"info","event":" Previous state of the Task instance: TaskInstanceState.RUNNING","logger":"task.stdout"}
{"timestamp":"2026-09-03T05:09:59.502962Z","level":"info","event":"Task operator:<Task(_PythonDecoratedOperator): ingest>","logger":"task.stdout"}
{"timestamp":"2026-09-03T05:09:59.499402Z","level":"info","event":"::endgroup::","try_number":1,"map_index":-1,"task_id":"ingest","ti_id":"01a065ac-6f34-7749-bfc8-0ff2728fe67d","run_id":"manual__2026-09-03T05:09:54.556775+00:00","dag_id":"telecom_end_to_end_de7","logger":"task","filename":"task_runner.py","lineno":2379}
