{"timestamp":"2026-09-03T07:44:07.878020Z","level":"info","event":"::group::Pre Execute","logger":"task","filename":"task_runner.py","lineno":2412}
{"timestamp":"2026-09-03T07:44:08.257398Z","level":"info","event":"DAG bundles loaded: dags-folder, example_dags, apache-airflow-providers-common-sql-example-dags, apache-airflow-providers-standard-example-dags","task_id":"load_warehouse","ti_id":"01a06639-9a54-7b6d-877d-4e15ded3153e","dag_id":"telecom_end_to_end_de7","try_number":2,"map_index":-1,"run_id":"manual__2026-09-03T07:05:12.563803+00:00","logger":"airflow.dag_processing.bundles.manager.DagBundlesManager","filename":"manager.py","lineno":304}
{"timestamp":"2026-09-03T07:44:08.261403Z","level":"info","event":"Filling up the DagBag from /mnt/d/capstone1/airflow/dags/telecom_end_to_end_de7.py","task_id":"load_warehouse","ti_id":"01a06639-9a54-7b6d-877d-4e15ded3153e","dag_id":"telecom_end_to_end_de7","try_number":2,"map_index":-1,"run_id":"manual__2026-09-03T07:05:12.563803+00:00","logger":"airflow.dag_processing.dagbag.BundleDagBag","filename":"dagbag.py","lineno":460}
{"timestamp":"2026-09-03T07:44:08.794694Z","level":"info","event":"Worker startup parse complete","bundle_name":"dags-folder","bundle_version":null,"dag_file":"telecom_end_to_end_de7.py","dag_id":"telecom_end_to_end_de7","bundle_prepare_ms":4,"dag_file_parse_ms":533,"task_id":"load_warehouse","ti_id":"01a06639-9a54-7b6d-877d-4e15ded3153e","try_number":2,"map_index":-1,"run_id":"manual__2026-09-03T07:05:12.563803+00:00","logger":"task","filename":"task_runner.py","lineno":1073}
{"timestamp":"2026-09-03T07:44:08.822361Z","level":"info","event":"Task instance is in running state","logger":"task.stdout"}
{"timestamp":"2026-09-03T07:44:08.823593Z","level":"info","event":" Previous state of the Task instance: TaskInstanceState.QUEUED","logger":"task.stdout"}
{"timestamp":"2026-09-03T07:44:08.824377Z","level":"info","event":"Current task name:load_warehouse","logger":"task.stdout"}
{"timestamp":"2026-09-03T07:44:08.825242Z","level":"info","event":"Dag name:telecom_end_to_end_de7","logger":"task.stdout"}
{"timestamp":"2026-09-03T07:44:08.825795Z","level":"info","event":"======================================================================","logger":"task.stdout"}
{"timestamp":"2026-09-03T07:44:08.826655Z","level":"info","event":"TASK: LOAD WAREHOUSE","logger":"task.stdout"}
{"timestamp":"2026-09-03T07:44:08.827416Z","level":"info","event":"======================================================================","logger":"task.stdout"}
{"timestamp":"2026-09-03T07:44:08.822658Z","level":"info","event":"::endgroup::","task_id":"load_warehouse","ti_id":"01a06639-9a54-7b6d-877d-4e15ded3153e","dag_id":"telecom_end_to_end_de7","try_number":2,"map_index":-1,"run_id":"manual__2026-09-03T07:05:12.563803+00:00","logger":"task","filename":"task_runner.py","lineno":2232}
{"timestamp":"2026-09-03T07:44:08.828939Z","level":"info","event":"Running warehouse loader:","logger":"task.stdout"}
{"timestamp":"2026-09-03T07:44:08.829465Z","level":"info","event":"/home/harikumarg/airflow_test/airflow_env/bin/python3 /mnt/d/capstone1/src/warehouse_loader.py --hourly /mnt/d/capstone1/data/processed/hourly_grid_summary_parquet --geojson /mnt/d/capstone1/data/reference/milano-grid.geojson","logger":"task.stdout"}
{"timestamp":"2026-09-03T07:44:09.314668Z","level":"error","event":"2026-09-03 07:44:09,314 | INFO | Connecting to MySQL warehouse","logger":"task.stderr"}
{"timestamp":"2026-09-03T07:44:09.382649Z","level":"error","event":"2026-09-03 07:44:09,382 | INFO | MySQL connection established","logger":"task.stderr"}
{"timestamp":"2026-09-03T07:44:09.383935Z","level":"error","event":"2026-09-03 07:44:09,382 | INFO | Starting Spark session","logger":"task.stderr"}
{"timestamp":"2026-09-03T07:44:09.590079Z","level":"error","event":"WARNING: Using incubator modules: jdk.incubator.vector","logger":"task.stderr"}
{"timestamp":"2026-09-03T07:44:10.414190Z","level":"error","event":"Using Spark's default log4j profile: org/apache/spark/log4j2-defaults.properties","logger":"task.stderr"}
{"timestamp":"2026-09-03T07:44:10.424363Z","level":"error","event":"26/09/03 07:44:10 WARN Utils: Your hostname, C8LAP1542, resolves to a loopback address: 127.0.1.1; using 10.255.255.254 instead (on interface lo)","logger":"task.stderr"}
{"timestamp":"2026-09-03T07:44:10.427547Z","level":"error","event":"26/09/03 07:44:10 WARN Utils: Set SPARK_LOCAL_IP if you need to bind to another address","logger":"task.stderr"}
{"timestamp":"2026-09-03T07:44:10.787563Z","level":"error","event":"26/09/03 07:44:10 WARN NativeCodeLoader: Unable to load native-hadoop library for your platform... using builtin-java classes where applicable","logger":"task.stderr"}
{"timestamp":"2026-09-03T07:44:10.908520Z","level":"error","event":"Using Spark's default log4j profile: org/apache/spark/log4j2-defaults.properties","logger":"task.stderr"}
{"timestamp":"2026-09-03T07:44:10.909978Z","level":"error","event":"Setting default log level to \"WARN\".","logger":"task.stderr"}
{"timestamp":"2026-09-03T07:44:10.911293Z","level":"error","event":"To adjust logging level use sc.setLogLevel(newLevel). For SparkR, use setLogLevel(newLevel).","logger":"task.stderr"}
{"timestamp":"2026-09-03T07:44:11.032755Z","level":"error","event":"/home/harikumarg/airflow_test/airflow_env/lib/python3.14/site-packages/pyspark/testing/utils.py:127: FutureWarning: PySpark does not yet fully support pandas >= 3.0.0. Some features may not work correctly. It is recommended to use pandas < 3.0.0 for now.","logger":"task.stderr"}
{"timestamp":"2026-09-03T07:44:11.034085Z","level":"error","event":"  require_minimum_pandas_version()","logger":"task.stderr"}
{"timestamp":"2026-09-03T07:44:13.714995Z","level":"error","event":"2026-09-03 07:44:13,714 | INFO | Spark session established","logger":"task.stderr"}
{"timestamp":"2026-09-03T07:44:13.732049Z","level":"error","event":"2026-09-03 07:44:13,714 | INFO | Creating warehouse tables","logger":"task.stderr"}
{"timestamp":"2026-09-03T07:44:13.733297Z","level":"error","event":"2026-09-03 07:44:13,726 | INFO | Warehouse tables ready","logger":"task.stderr"}
{"timestamp":"2026-09-03T07:44:13.734546Z","level":"error","event":"2026-09-03 07:44:13,726 | INFO | Loading static Milan grid reference","logger":"task.stderr"}
{"timestamp":"2026-09-03T07:44:13.856582Z","level":"error","event":"2026-09-03 07:44:13,856 | INFO | Grid dimension records: 10000","logger":"task.stderr"}
{"timestamp":"2026-09-03T07:44:18.881284Z","level":"error","event":"Server indicated the task shouldn't be running anymore. Terminating process","detail":{"reason":"not_running","message":"TI is no longer in the running state and task should terminate","current_state":"success"},"logger":"task"}
{"timestamp":"2026-09-03T07:44:18.887587Z","level":"error","event":"Task failed with exception","task_id":"load_warehouse","ti_id":"01a06639-9a54-7b6d-877d-4e15ded3153e","dag_id":"telecom_end_to_end_de7","try_number":2,"map_index":-1,"run_id":"manual__2026-09-03T07:05:12.563803+00:00","logger":"task","filename":"task_runner.py","lineno":1676,"error_detail":[{"exc_type":"RuntimeError","exc_value":"warehouse_loader.py failed with exit code -15","exc_notes":[],"syntax_error":null,"is_cause":false,"frames":[{"filename":"/home/harikumarg/airflow_test/airflow_env/lib/python3.14/site-packages/airflow/sdk/execution_time/task_runner.py","lineno":1579,"name":"_run_task_and_map_outcome"},{"filename":"/home/harikumarg/airflow_test/airflow_env/lib/python3.14/site-packages/airflow/sdk/execution_time/task_runner.py","lineno":197,"name":"wrapper"},{"filename":"/home/harikumarg/airflow_test/airflow_env/lib/python3.14/site-packages/airflow/sdk/execution_time/task_runner.py","lineno":2234,"name":"_execute_task"},{"filename":"/home/harikumarg/airflow_test/airflow_env/lib/python3.14/site-packages/airflow/sdk/execution_time/task_runner.py","lineno":197,"name":"wrapper"},{"filename":"/home/harikumarg/airflow_test/airflow_env/lib/python3.14/site-packages/airflow/sdk/execution_time/task_runner.py","lineno":2192,"name":"_run_execute_callable"},{"filename":"/home/harikumarg/airflow_test/airflow_env/lib/python3.14/site-packages/airflow/sdk/bases/operator.py","lineno":445,"name":"wrapper"},{"filename":"/home/harikumarg/airflow_test/airflow_env/lib/python3.14/site-packages/airflow/sdk/bases/decorator.py","lineno":398,"name":"execute"},{"filename":"/home/harikumarg/airflow_test/airflow_env/lib/python3.14/site-packages/airflow/sdk/bases/operator.py","lineno":445,"name":"wrapper"},{"filename":"/home/harikumarg/airflow_test/airflow_env/lib/python3.14/site-packages/airflow/providers/standard/operators/python.py","lineno":231,"name":"execute"},{"filename":"/home/harikumarg/airflow_test/airflow_env/lib/python3.14/site-packages/airflow/providers/standard/operators/python.py","lineno":254,"name":"execute_callable"},{"filename":"/home/harikumarg/airflow_test/airflow_env/lib/python3.14/site-packages/airflow/sdk/execution_time/callback_runner.py","lineno":97,"name":"run"},{"filename":"/mnt/d/capstone1/airflow/dags/telecom_end_to_end_de7.py","lineno":644,"name":"load_warehouse"}],"is_group":false,"exceptions":[]}]}
{"timestamp":"2026-09-03T07:44:18.888144Z","level":"info","event":"::group::Post Execute","task_id":"load_warehouse","ti_id":"01a06639-9a54-7b6d-877d-4e15ded3153e","dag_id":"telecom_end_to_end_de7","try_number":2,"map_index":-1,"run_id":"manual__2026-09-03T07:05:12.563803+00:00","logger":"task","filename":"task_runner.py","lineno":1677}
{"timestamp":"2026-09-03T07:44:18.891778Z","level":"info","event":"Task instance in failure state","logger":"task.stdout"}
{"timestamp":"2026-09-03T07:44:18.893330Z","level":"info","event":"Task start","logger":"task.stdout"}
{"timestamp":"2026-09-03T07:44:18.894650Z","level":"info","event":"Task:<Task(_PythonDecoratedOperator): load_warehouse>","logger":"task.stdout"}
{"timestamp":"2026-09-03T07:44:18.895711Z","level":"info","event":"Failure caused by warehouse_loader.py failed with exit code -15","logger":"task.stdout"}
{"timestamp":"2026-09-03T07:44:18.892009Z","level":"info","event":"::endgroup::","task_id":"load_warehouse","ti_id":"01a06639-9a54-7b6d-877d-4e15ded3153e","dag_id":"telecom_end_to_end_de7","try_number":2,"map_index":-1,"run_id":"manual__2026-09-03T07:05:12.563803+00:00","logger":"task","filename":"task_runner.py","lineno":2379}
{"timestamp":"2026-09-03T07:44:19.286071Z","level":"error","event":"Task killed!","logger":"task"}
